../Core/Src/main.c:94:5:main	40	static
../Core/Src/main.c:204:6:SystemClock_Config	88	static
../Core/Src/main.c:250:13:MX_ADC1_Init	24	static
../Core/Src/main.c:297:13:MX_ADC2_Init	24	static
../Core/Src/main.c:344:13:MX_RTC_Init	16	static
../Core/Src/main.c:402:13:MX_SPI1_Init	8	static
../Core/Src/main.c:440:13:MX_TIM2_Init	32	static
../Core/Src/main.c:485:13:MX_USART1_UART_Init	8	static
../Core/Src/main.c:518:13:MX_GPIO_Init	48	static
../Core/Src/main.c:614:6:Error_Handler	4	static,ignoring_inline_asm
