Archive member included to satisfy reference by file (symbol)

C:/ST/STM32CubeIDE_1.17.0/STM32CubeIDE/plugins/com.st.stm32cube.ide.mcu.externaltools.gnu-tools-for-stm32.13.3.rel1.win32_1.0.0.202411081344/tools/bin/../lib/gcc/arm-none-eabi/13.3.1/../../../../arm-none-eabi/lib/thumb/v7-m/nofp\libc_nano.a(libc_a-exit.o)
                              C:/ST/STM32CubeIDE_1.17.0/STM32CubeIDE/plugins/com.st.stm32cube.ide.mcu.externaltools.gnu-tools-for-stm32.13.3.rel1.win32_1.0.0.202411081344/tools/bin/../lib/gcc/arm-none-eabi/13.3.1/../../../../arm-none-eabi/lib/thumb/v7-m/nofp/crt0.o (exit)
C:/ST/STM32CubeIDE_1.17.0/STM32CubeIDE/plugins/com.st.stm32cube.ide.mcu.externaltools.gnu-tools-for-stm32.13.3.rel1.win32_1.0.0.202411081344/tools/bin/../lib/gcc/arm-none-eabi/13.3.1/../../../../arm-none-eabi/lib/thumb/v7-m/nofp\libc_nano.a(libc_a-findfp.o)
                              C:/ST/STM32CubeIDE_1.17.0/STM32CubeIDE/plugins/com.st.stm32cube.ide.mcu.externaltools.gnu-tools-for-stm32.13.3.rel1.win32_1.0.0.202411081344/tools/bin/../lib/gcc/arm-none-eabi/13.3.1/../../../../arm-none-eabi/lib/thumb/v7-m/nofp\libc_nano.a(libc_a-exit.o) (__stdio_exit_handler)
C:/ST/STM32CubeIDE_1.17.0/STM32CubeIDE/plugins/com.st.stm32cube.ide.mcu.externaltools.gnu-tools-for-stm32.13.3.rel1.win32_1.0.0.202411081344/tools/bin/../lib/gcc/arm-none-eabi/13.3.1/../../../../arm-none-eabi/lib/thumb/v7-m/nofp\libc_nano.a(libc_a-fwalk.o)
                              C:/ST/STM32CubeIDE_1.17.0/STM32CubeIDE/plugins/com.st.stm32cube.ide.mcu.externaltools.gnu-tools-for-stm32.13.3.rel1.win32_1.0.0.202411081344/tools/bin/../lib/gcc/arm-none-eabi/13.3.1/../../../../arm-none-eabi/lib/thumb/v7-m/nofp\libc_nano.a(libc_a-findfp.o) (_fwalk_sglue)
C:/ST/STM32CubeIDE_1.17.0/STM32CubeIDE/plugins/com.st.stm32cube.ide.mcu.externaltools.gnu-tools-for-stm32.13.3.rel1.win32_1.0.0.202411081344/tools/bin/../lib/gcc/arm-none-eabi/13.3.1/../../../../arm-none-eabi/lib/thumb/v7-m/nofp\libc_nano.a(libc_a-snprintf.o)
                              ./Shared/DebugLog.o (snprintf)
C:/ST/STM32CubeIDE_1.17.0/STM32CubeIDE/plugins/com.st.stm32cube.ide.mcu.externaltools.gnu-tools-for-stm32.13.3.rel1.win32_1.0.0.202411081344/tools/bin/../lib/gcc/arm-none-eabi/13.3.1/../../../../arm-none-eabi/lib/thumb/v7-m/nofp\libc_nano.a(libc_a-stdio.o)
                              C:/ST/STM32CubeIDE_1.17.0/STM32CubeIDE/plugins/com.st.stm32cube.ide.mcu.externaltools.gnu-tools-for-stm32.13.3.rel1.win32_1.0.0.202411081344/tools/bin/../lib/gcc/arm-none-eabi/13.3.1/../../../../arm-none-eabi/lib/thumb/v7-m/nofp\libc_nano.a(libc_a-findfp.o) (__sread)
C:/ST/STM32CubeIDE_1.17.0/STM32CubeIDE/plugins/com.st.stm32cube.ide.mcu.externaltools.gnu-tools-for-stm32.13.3.rel1.win32_1.0.0.202411081344/tools/bin/../lib/gcc/arm-none-eabi/13.3.1/../../../../arm-none-eabi/lib/thumb/v7-m/nofp\libc_nano.a(libc_a-vsnprintf.o)
                              ./Shared/DebugLog.o (vsnprintf)
C:/ST/STM32CubeIDE_1.17.0/STM32CubeIDE/plugins/com.st.stm32cube.ide.mcu.externaltools.gnu-tools-for-stm32.13.3.rel1.win32_1.0.0.202411081344/tools/bin/../lib/gcc/arm-none-eabi/13.3.1/../../../../arm-none-eabi/lib/thumb/v7-m/nofp\libc_nano.a(libc_a-memset.o)
                              C:/ST/STM32CubeIDE_1.17.0/STM32CubeIDE/plugins/com.st.stm32cube.ide.mcu.externaltools.gnu-tools-for-stm32.13.3.rel1.win32_1.0.0.202411081344/tools/bin/../lib/gcc/arm-none-eabi/13.3.1/../../../../arm-none-eabi/lib/thumb/v7-m/nofp/crt0.o (memset)
C:/ST/STM32CubeIDE_1.17.0/STM32CubeIDE/plugins/com.st.stm32cube.ide.mcu.externaltools.gnu-tools-for-stm32.13.3.rel1.win32_1.0.0.202411081344/tools/bin/../lib/gcc/arm-none-eabi/13.3.1/../../../../arm-none-eabi/lib/thumb/v7-m/nofp\libc_nano.a(libc_a-closer.o)
                              C:/ST/STM32CubeIDE_1.17.0/STM32CubeIDE/plugins/com.st.stm32cube.ide.mcu.externaltools.gnu-tools-for-stm32.13.3.rel1.win32_1.0.0.202411081344/tools/bin/../lib/gcc/arm-none-eabi/13.3.1/../../../../arm-none-eabi/lib/thumb/v7-m/nofp\libc_nano.a(libc_a-stdio.o) (_close_r)
C:/ST/STM32CubeIDE_1.17.0/STM32CubeIDE/plugins/com.st.stm32cube.ide.mcu.externaltools.gnu-tools-for-stm32.13.3.rel1.win32_1.0.0.202411081344/tools/bin/../lib/gcc/arm-none-eabi/13.3.1/../../../../arm-none-eabi/lib/thumb/v7-m/nofp\libc_nano.a(libc_a-reent.o)
                              C:/ST/STM32CubeIDE_1.17.0/STM32CubeIDE/plugins/com.st.stm32cube.ide.mcu.externaltools.gnu-tools-for-stm32.13.3.rel1.win32_1.0.0.202411081344/tools/bin/../lib/gcc/arm-none-eabi/13.3.1/../../../../arm-none-eabi/lib/thumb/v7-m/nofp\libc_nano.a(libc_a-closer.o) (errno)
C:/ST/STM32CubeIDE_1.17.0/STM32CubeIDE/plugins/com.st.stm32cube.ide.mcu.externaltools.gnu-tools-for-stm32.13.3.rel1.win32_1.0.0.202411081344/tools/bin/../lib/gcc/arm-none-eabi/13.3.1/../../../../arm-none-eabi/lib/thumb/v7-m/nofp\libc_nano.a(libc_a-impure.o)
[...]
Memory Configuration

Name             Origin             Length             Attributes
RAM              0x20000000         0x00002800         xrw
FLASH            0x08000000         0x00008000         xr
*default*        0x00000000         0xffffffff

Linker script and memory map

LOAD C:/ST/STM32CubeIDE_1.17.0/STM32CubeIDE/plugins/com.st.stm32cube.ide.mcu.externaltools.gnu-tools-for-stm32.13.3.rel1.win32_1.0.0.202411081344/tools/bin/../lib/gcc/arm-none-eabi/13.3.1/thumb/v7-m/nofp/crti.o
LOAD C:/ST/STM32CubeIDE_1.17.0/STM32CubeIDE/plugins/com.st.stm32cube.ide.mcu.externaltools.gnu-tools-for-stm32.13.3.rel1.win32_1.0.0.202411081344/tools/bin/../lib/gcc/arm-none-eabi/13.3.1/thumb/v7-m/nofp/crtbegin.o
LOAD C:/ST/STM32CubeIDE_1.17.0/STM32CubeIDE/plugins/com.st.stm32cube.ide.mcu.externaltools.gnu-tools-for-stm32.13.3.rel1.win32_1.0.0.202411081344/tools/bin/../lib/gcc/arm-none-eabi/13.3.1/../../../../arm-none-eabi/lib/thumb/v7-m/nofp/crt0.o
LOAD ./Core/Src/main.o
LOAD ./Core/Src/stm32f1xx_hal_msp.o
LOAD ./Core/Src/stm32f1xx_it.o
LOAD ./Core/Src/syscalls.o
LOAD ./Core/Src/sysmem.o
LOAD ./Core/Src/system_stm32f1xx.o
LOAD ./Core/Startup/startup_stm32f103c6tx.o
LOAD ./Drivers/STM32F1xx_HAL_Driver/Src/stm32f1xx_hal.o
LOAD ./Drivers/STM32F1xx_HAL_Driver/Src/stm32f1xx_hal_adc.o
LOAD ./Drivers/STM32F1xx_HAL_Driver/Src/stm32f1xx_hal_adc_ex.o
LOAD ./Drivers/STM32F1xx_HAL_Driver/Src/stm32f1xx_hal_cortex.o
LOAD ./Drivers/STM32F1xx_HAL_Driver/Src/stm32f1xx_hal_dma.o
LOAD ./Drivers/STM32F1xx_HAL_Driver/Src/stm32f1xx_hal_exti.o
LOAD ./Drivers/STM32F1xx_HAL_Driver/Src/stm32f1xx_hal_flash.o
LOAD ./Drivers/STM32F1xx_HAL_Driver/Src/stm32f1xx_hal_flash_ex.o
LOAD ./Drivers/STM32F1xx_HAL_Driver/Src/stm32f1xx_hal_gpio.o
LOAD ./Drivers/STM32F1xx_HAL_Driver/Src/stm32f1xx_hal_gpio_ex.o
LOAD ./Drivers/STM32F1xx_HAL_Driver/Src/stm32f1xx_hal_pwr.o
LOAD ./Drivers/STM32F1xx_HAL_Driver/Src/stm32f1xx_hal_rcc.o
LOAD ./Drivers/STM32F1xx_HAL_Driver/Src/stm32f1xx_hal_rcc_ex.o
LOAD ./Drivers/STM32F1xx_HAL_Driver/Src/stm32f1xx_hal_rtc.o
LOAD ./Drivers/STM32F1xx_HAL_Driver/Src/stm32f1xx_hal_rtc_ex.o
LOAD ./Drivers/STM32F1xx_HAL_Driver/Src/stm32f1xx_hal_spi.o
LOAD ./Drivers/STM32F1xx_HAL_Driver/Src/stm32f1xx_hal_tim.o
LOAD ./Drivers/STM32F1xx_HAL_Driver/Src/stm32f1xx_hal_tim_ex.o
LOAD ./Drivers/STM32F1xx_HAL_Driver/Src/stm32f1xx_hal_uart.o
LOAD ./Shared/AlarmReset.o
LOAD ./Shared/BatteryLevel.o
LOAD ./Shared/DebugLog.o
LOAD ./Shared/Delay_ns.o
LOAD ./Shared/InfraSensor.o
LOAD ./Shared/LoRa.o
LOAD ./Shared/LoraSender.o
LOAD ./Shared/SerialNumber.o
START GROUP
LOAD C:/ST/STM32CubeIDE_1.17.0/STM32CubeIDE/plugins/com.st.stm32cube.ide.mcu.externaltools.gnu-tools-for-stm32.13.3.rel1.win32_1.0.0.202411081344/tools/bin/../lib/gcc/arm-none-eabi/13.3.1/../../../../arm-none-eabi/lib/thumb/v7-m/nofp\libc_nano.a
LOAD C:/ST/STM32CubeIDE_1.17.0/STM32CubeIDE/plugins/com.st.stm32cube.ide.mcu.externaltools.gnu-tools-for-stm32.13.3.rel1.win32_1.0.0.202411081344/tools/bin/../lib/gcc/arm-none-eabi/13.3.1/../../../../arm-none-eabi/lib/thumb/v7-m/nofp\libm.a
END GROUP
START GROUP
LOAD C:/ST/STM32CubeIDE_1.17.0/STM32CubeIDE/plugins/com.st.stm32cube.ide.mcu.externaltools.gnu-tools-for-stm32.13.3.rel1.win32_1.0.0.202411081344/tools/bin/../lib/gcc/arm-none-eabi/13.3.1/thumb/v7-m/nofp\libgcc.a
LOAD C:/ST/STM32CubeIDE_1.17.0/STM32CubeIDE/plugins/com.st.stm32cube.ide.mcu.externaltools.gnu-tools-for-stm32.13.3.rel1.win32_1.0.0.202411081344/tools/bin/../lib/gcc/arm-none-eabi/13.3.1/../../../../arm-none-eabi/lib/thumb/v7-m/nofp\libc_nano.a
END GROUP
START GROUP
LOAD C:/ST/STM32CubeIDE_1.17.0/STM32CubeIDE/plugins/com.st.stm32cube.ide.mcu.externaltools.gnu-tools-for-stm32.13.3.rel1.win32_1.0.0.202411081344/tools/bin/../lib/gcc/arm-none-eabi/13.3.1/thumb/v7-m/nofp\libgcc.a
LOAD C:/ST/STM32CubeIDE_1.17.0/STM32CubeIDE/plugins/com.st.stm32cube.ide.mcu.externaltools.gnu-tools-for-stm32.13.3.rel1.win32_1.0.0.202411081344/tools/bin/../lib/gcc/arm-none-eabi/13.3.1/../../../../arm-none-eabi/lib/thumb/v7-m/nofp\libc_nano.a
LOAD C:/ST/STM32CubeIDE_1.17.0/STM32CubeIDE/plugins/com.st.stm32cube.ide.mcu.externaltools.gnu-tools-for-stm32.13.3.rel1.win32_1.0.0.202411081344/tools/bin/../lib/gcc/arm-none-eabi/13.3.1/../../../../arm-none-eabi/lib/thumb/v7-m/nofp\libnosys.a
END GROUP
START GROUP
LOAD C:/ST/STM32CubeIDE_1.17.0/STM32CubeIDE/plugins/com.st.stm32cube.ide.mcu.externaltools.gnu-tools-for-stm32.13.3.rel1.win32_1.0.0.202411081344/tools/bin/../lib/gcc/arm-none-eabi/13.3.1/thumb/v7-m/nofp\libgcc.a
LOAD C:/ST/STM32CubeIDE_1.17.0/STM32CubeIDE/plugins/com.st.stm32cube.ide.mcu.externaltools.gnu-tools-for-stm32.13.3.rel1.win32_1.0.0.202411081344/tools/bin/../lib/gcc/arm-none-eabi/13.3.1/../../../../arm-none-eabi/lib/thumb/v7-m/nofp\libc_nano.a
LOAD C:/ST/STM32CubeIDE_1.17.0/STM32CubeIDE/plugins/com.st.stm32cube.ide.mcu.externaltools.gnu-tools-for-stm32.13.3.rel1.win32_1.0.0.202411081344/tools/bin/../lib/gcc/arm-none-eabi/13.3.1/../../../../arm-none-eabi/lib/thumb/v7-m/nofp\libnosys.a
END GROUP
LOAD C:/ST/STM32CubeIDE_1.17.0/STM32CubeIDE/plugins/com.st.stm32cube.ide.mcu.externaltools.gnu-tools-for-stm32.13.3.rel1.win32_1.0.0.202411081344/tools/bin/../lib/gcc/arm-none-eabi/13.3.1/thumb/v7-m/nofp/crtend.o
LOAD C:/ST/STM32CubeIDE_1.17.0/STM32CubeIDE/plugins/com.st.stm32cube.ide.mcu.externaltools.gnu-tools-for-stm32.13.3.rel1.win32_1.0.0.202411081344/tools/bin/../lib/gcc/arm-none-eabi/13.3.1/thumb/v7-m/nofp/crtn.o
                0x20002800                        _estack = (ORIGIN (RAM) + LENGTH (RAM))
                0x00000200                        _Min_Heap_Size = 0x200
                0x00000400                        _Min_Stack_Size = 0x400

.isr_vector     0x08000000      0x10c
                0x08000000                        . = ALIGN (0x4)
 *(.isr_vector)
 .isr_vector    0x08000000      0x10c ./Core/Startup/startup_stm32f103c6tx.o
                0x08000000                g_pfnVectors
                0x0800010c                        . = ALIGN (0x4)

.text           0x0800010c     0x7170
                0x0800010c                        . = ALIGN (0x4)
 *(.text)
 .text          0x0800010c       0x40 C:/ST/STM32CubeIDE_1.17.0/STM32CubeIDE/plugins/com.st.stm32cube.ide.mcu.externaltools.gnu-tools-for-stm32.13.3.rel1.win32_1.0.0.202411081344/tools/bin/../lib/gcc/arm-none-eabi/13.3.1/thumb/v7-m/nofp/crtbegin.o
 .text          0x0800014c       0x10 C:/ST/STM32CubeIDE_1.17.0/STM32CubeIDE/plugins/com.st.stm32cube.ide.mcu.externaltools.gnu-tools-for-stm32.13.3.rel1.win32_1.0.0.202411081344/tools/bin/../lib/gcc/arm-none-eabi/13.3.1/../../../../arm-none-eabi/lib/thumb/v7-m/nofp\libc_nano.a(libc_a-strlen.o)
                0x0800014c                strlen
 .text          0x0800015c      0x378 C:/ST/STM32CubeIDE_1.17.0/STM32CubeIDE/plugins/com.st.stm32cube.ide.mcu.externaltools.gnu-tools-for-stm32.13.3.rel1.win32_1.0.0.202411081344/tools/bin/../lib/gcc/arm-none-eabi/13.3.1/thumb/v7-m/nofp\libgcc.a(_arm_addsubdf3.o)
                0x0800015c                __aeabi_drsub
                0x08000164                __aeabi_dsub
                0x08000164                __subdf3
                0x08000168                __aeabi_dadd
                0x08000168                __adddf3
                0x080003e0                __floatunsidf
                0x080003e0                __aeabi_ui2d
                0x08000400                __floatsidf
                0x08000400                __aeabi_i2d
                0x08000424                __aeabi_f2d
                0x08000424                __extendsfdf2
                0x08000468                __floatundidf
                0x08000468                __aeabi_ul2d
                0x08000478                __floatdidf
                0x08000478                __aeabi_l2d
 .text          0x080004d4      0x424 C:/ST/STM32CubeIDE_1.17.0/STM32CubeIDE/plugins/com.st.stm32cube.ide.mcu.externaltools.gnu-tools-for-stm32.13.3.rel1.win32_1.0.0.202411081344/tools/bin/../lib/gcc/arm-none-eabi/13.3.1/thumb/v7-m/nofp\libgcc.a(_arm_muldivdf3.o)
                0x080004d4                __aeabi_dmul
                0x080004d4                __muldf3
                0x08000728                __divdf3
                0x08000728                __aeabi_ddiv
 .text          0x080008f8       0x50 C:/ST/STM32CubeIDE_1.17.0/STM32CubeIDE/plugins/com.st.stm32cube.ide.mcu.externaltools.gnu-tools-for-stm32.13.3.rel1.win32_1.0.0.202411081344/tools/bin/../lib/gcc/arm-none-eabi/13.3.1/thumb/v7-m/nofp\libgcc.a(_arm_fixdfsi.o)
                0x080008f8                __aeabi_d2iz
                0x080008f8                __fixdfsi
 .text          0x08000948      0x21c C:/ST/STM32CubeIDE_1.17.0/STM32CubeIDE/plugins/com.st.stm32cube.ide.mcu.externaltools.gnu-tools-for-stm32.13.3.rel1.win32_1.0.0.202411081344/tools/bin/../lib/gcc/arm-none-eabi/13.3.1/thumb/v7-m/nofp\libgcc.a(_arm_addsubsf3.o)
                0x08000948                __aeabi_frsub
                0x08000950                __subsf3
                0x08000950                __aeabi_fsub
                0x08000954                __aeabi_fadd
                0x08000954                __addsf3
                0x08000ab4                __aeabi_ui2f
                0x08000ab4                __floatunsisf
                0x08000abc                __aeabi_i2f
                0x08000abc                __floatsisf
                0x08000ad8                __aeabi_ul2f
                0x08000ad8                __floatundisf
                0x08000ae8                __aeabi_l2f
                0x08000ae8                __floatdisf
 .text          0x08000b64      0x2a0 C:/ST/STM32CubeIDE_1.17.0/STM32CubeIDE/plugins/com.st.stm32cube.ide.mcu.externaltools.gnu-tools-for-stm32.13.3.rel1.win32_1.0.0.202411081344/tools/bin/../lib/gcc/arm-none-eabi/13.3.1/thumb/v7-m/nofp\libgcc.a(_arm_muldivsf3.o)
                0x08000b64                __mulsf3
                0x08000b64                __aeabi_fmul
                0x08000ccc                __aeabi_fdiv
                0x08000ccc                __divsf3
 .text          0x08000e04       0xec C:/ST/STM32CubeIDE_1.17.0/STM32CubeIDE/plugins/com.st.stm32cube.ide.mcu.externaltools.gnu-tools-for-stm32.13.3.rel1.win32_1.0.0.202411081344/tools/bin/../lib/gcc/arm-none-eabi/13.3.1/thumb/v7-m/nofp\libgcc.a(_arm_cmpsf2.o)
                0x08000e04                __gesf2
                0x08000e04                __gtsf2
                0x08000e0c                __lesf2
                0x08000e0c                __ltsf2
                0x08000e14                __nesf2
                0x08000e14                __eqsf2
                0x08000e14                __cmpsf2
                0x08000e74                __aeabi_cfrcmple
                0x08000e7c                __aeabi_cfcmpeq
                0x08000e7c                __aeabi_cfcmple
                0x08000e8c                __aeabi_fcmpeq
                0x08000ea0                __aeabi_fcmplt
                0x08000eb4                __aeabi_fcmple
                0x08000ec8                __aeabi_fcmpge
                0x08000edc                __aeabi_fcmpgt
 .text          0x08000ef0       0x40 C:/ST/STM32CubeIDE_1.17.0/STM32CubeIDE/plugins/com.st.stm32cube.ide.mcu.externaltools.gnu-tools-for-stm32.13.3.rel1.win32_1.0.0.202411081344/tools/bin/../lib/gcc/arm-none-eabi/13.3.1/thumb/v7-m/nofp\libgcc.a(_arm_fixunssfsi.o)
                0x08000ef0                __fixunssfsi
                0x08000ef0                __aeabi_f2uiz
 *(.text*)
 .text.main     0x08000f30      0x274 ./Core/Src/main.o
                0x08000f30                main
 .text.SystemClock_Config
                0x080011a4       0xaa ./Core/Src/main.o
                0x080011a4                SystemClock_Config
 *fill*         0x0800124e        0x2 
 .text.MX_ADC1_Init
                0x08001250       0x7c ./Core/Src/main.o
 .text.MX_ADC2_Init
                0x080012cc       0x7c ./Core/Src/main.o
 .text.MX_RTC_Init
                0x08001348       0x94 ./Core/Src/main.o
 .text.MX_SPI1_Init
                0x080013dc       0x6c ./Core/Src/main.o
 .text.MX_TIM2_Init
                0x08001448       0x98 ./Core/Src/main.o
 .text.MX_USART1_UART_Init
                0x080014e0       0x54 ./Core/Src/main.o
 .text.MX_GPIO_Init
                0x08001534      0x1bc ./Core/Src/main.o
 .text.Error_Handler
                0x080016f0        0xc ./Core/Src/main.o
                0x080016f0                Error_Handler
 .text.HAL_MspInit
                0x080016fc       0x64 ./Core/Src/stm32f1xx_hal_msp.o
                0x080016fc                HAL_MspInit
 .text.HAL_ADC_MspInit
                0x08001760       0xcc ./Core/Src/stm32f1xx_hal_msp.o
                0x08001760                HAL_ADC_MspInit
 .text.HAL_ADC_MspDeInit
                0x0800182c       0x60 ./Core/Src/stm32f1xx_hal_msp.o
                0x0800182c                HAL_ADC_MspDeInit
 .text.HAL_RTC_MspInit
                0x0800188c       0x58 ./Core/Src/stm32f1xx_hal_msp.o
                0x0800188c                HAL_RTC_MspInit
 .text.HAL_SPI_MspInit
                0x080018e4       0x94 ./Core/Src/stm32f1xx_hal_msp.o
                0x080018e4                HAL_SPI_MspInit
 .text.HAL_TIM_Base_MspInit
                0x08001978       0x38 ./Core/Src/stm32f1xx_hal_msp.o
                0x08001978                HAL_TIM_Base_MspInit
 .text.HAL_UART_MspInit
                0x080019b0       0x98 ./Core/Src/stm32f1xx_hal_msp.o
                0x080019b0                HAL_UART_MspInit
 .text.NMI_Handler
                0x08001a48        0x8 ./Core/Src/stm32f1xx_it.o
                0x08001a48                NMI_Handler
 .text.HardFault_Handler
                0x08001a50        0x8 ./Core/Src/stm32f1xx_it.o
                0x08001a50                HardFault_Handler
 .text.MemManage_Handler
                0x08001a58        0x8 ./Core/Src/stm32f1xx_it.o
                0x08001a58                MemManage_Handler
 .text.BusFault_Handler
                0x08001a60        0x8 ./Core/Src/stm32f1xx_it.o
                0x08001a60                BusFault_Handler
 .text.UsageFault_Handler
                0x08001a68        0x8 ./Core/Src/stm32f1xx_it.o
                0x08001a68                UsageFault_Handler
 .text.SVC_Handler
                0x08001a70        0xc ./Core/Src/stm32f1xx_it.o
                0x08001a70                SVC_Handler
 .text.DebugMon_Handler
                0x08001a7c        0xc ./Core/Src/stm32f1xx_it.o
                0x08001a7c                DebugMon_Handler
 .text.PendSV_Handler
                0x08001a88        0xc ./Core/Src/stm32f1xx_it.o
                0x08001a88                PendSV_Handler
 .text.SysTick_Handler
                0x08001a94        0xc ./Core/Src/stm32f1xx_it.o
                0x08001a94                SysTick_Handler
 .text.RTC_IRQHandler
                0x08001aa0       0x14 ./Core/Src/stm32f1xx_it.o
                0x08001aa0                RTC_IRQHandler
 .text._sbrk    0x08001ab4       0x6c ./Core/Src/sysmem.o
                0x08001ab4                _sbrk
 .text.SystemInit
                0x08001b20        0xc ./Core/Src/system_stm32f1xx.o
                0x08001b20                SystemInit
 .text.Reset_Handler
                0x08001b2c       0x48 ./Core/Startup/startup_stm32f103c6tx.o
                0x08001b2c                Reset_Handler
 .text.Default_Handler
                0x08001b74        0x2 ./Core/Startup/startup_stm32f103c6tx.o
                0x08001b74                RTC_Alarm_IRQHandler
                0x08001b74                EXTI2_IRQHandler
                0x08001b74                TIM1_CC_IRQHandler
                0x08001b74                PVD_IRQHandler
                0x08001b74                EXTI3_IRQHandler
                0x08001b74                EXTI0_IRQHandler
                0x08001b74                ADC1_2_IRQHandler
                0x08001b74                SPI1_IRQHandler
                0x08001b74                TAMPER_IRQHandler
                0x08001b74                DMA1_Channel4_IRQHandler
                0x08001b74                DMA1_Channel7_IRQHandler
                0x08001b74                CAN1_RX1_IRQHandler
                0x08001b74                I2C1_EV_IRQHandler
                0x08001b74                DMA1_Channel6_IRQHandler
                0x08001b74                TIM3_IRQHandler
                0x08001b74                RCC_IRQHandler
                0x08001b74                TIM1_TRG_COM_IRQHandler
                0x08001b74                DMA1_Channel1_IRQHandler
                0x08001b74                Default_Handler
                0x08001b74                EXTI15_10_IRQHandler
                0x08001b74                EXTI9_5_IRQHandler
                0x08001b74                DMA1_Channel5_IRQHandler
                0x08001b74                EXTI4_IRQHandler
                0x08001b74                USB_LP_CAN1_RX0_IRQHandler
                0x08001b74                USB_HP_CAN1_TX_IRQHandler
                0x08001b74                DMA1_Channel3_IRQHandler
                0x08001b74                TIM1_UP_IRQHandler
                0x08001b74                WWDG_IRQHandler
                0x08001b74                TIM2_IRQHandler
                0x08001b74                TIM1_BRK_IRQHandler
                0x08001b74                EXTI1_IRQHandler
                0x08001b74                USART2_IRQHandler
                0x08001b74                DMA1_Channel2_IRQHandler
                0x08001b74                CAN1_SCE_IRQHandler
                0x08001b74                FLASH_IRQHandler
                0x08001b74                USART1_IRQHandler
                0x08001b74                I2C1_ER_IRQHandler
                0x08001b74                USBWakeUp_IRQHandler
 *fill*         0x08001b76        0x2 
 .text.HAL_Init
                0x08001b78       0x2c ./Drivers/STM32F1xx_HAL_Driver/Src/stm32f1xx_hal.o
                0x08001b78                HAL_Init
 .text.HAL_InitTick
                0x08001ba4       0x60 ./Drivers/STM32F1xx_HAL_Driver/Src/stm32f1xx_hal.o
                0x08001ba4                HAL_InitTick
 .text.HAL_IncTick
                0x08001c04       0x24 ./Drivers/STM32F1xx_HAL_Driver/Src/stm32f1xx_hal.o
                0x08001c04                HAL_IncTick
 .text.HAL_GetTick
                0x08001c28       0x14 ./Drivers/STM32F1xx_HAL_Driver/Src/stm32f1xx_hal.o
                0x08001c28                HAL_GetTick
 .text.HAL_Delay
                0x08001c3c       0x48 ./Drivers/STM32F1xx_HAL_Driver/Src/stm32f1xx_hal.o
                0x08001c3c                HAL_Delay
 .text.HAL_GetUIDw0
                0x08001c84       0x14 ./Drivers/STM32F1xx_HAL_Driver/Src/stm32f1xx_hal.o
                0x08001c84                HAL_GetUIDw0
 .text.HAL_GetUIDw1
                0x08001c98       0x14 ./Drivers/STM32F1xx_HAL_Driver/Src/stm32f1xx_hal.o
                0x08001c98                HAL_GetUIDw1
 .text.HAL_GetUIDw2
                0x08001cac       0x14 ./Drivers/STM32F1xx_HAL_Driver/Src/stm32f1xx_hal.o
                0x08001cac                HAL_GetUIDw2
 .text.HAL_ADC_Init
                0x08001cc0      0x1b0 ./Drivers/STM32F1xx_HAL_Driver/Src/stm32f1xx_hal_adc.o
                0x08001cc0                HAL_ADC_Init
 .text.HAL_ADC_DeInit
                0x08001e70      0x184 ./Drivers/STM32F1xx_HAL_Driver/Src/stm32f1xx_hal_adc.o
                0x08001e70                HAL_ADC_DeInit
 .text.HAL_ADC_Start
                0x08001ff4      0x15c ./Drivers/STM32F1xx_HAL_Driver/Src/stm32f1xx_hal_adc.o
                0x08001ff4                HAL_ADC_Start
 .text.HAL_ADC_Stop
                0x08002150       0x58 ./Drivers/STM32F1xx_HAL_Driver/Src/stm32f1xx_hal_adc.o
                0x08002150                HAL_ADC_Stop
 .text.HAL_ADC_PollForConversion
                0x080021a8      0x20c ./Drivers/STM32F1xx_HAL_Driver/Src/stm32f1xx_hal_adc.o
                0x080021a8                HAL_ADC_PollForConversion
 .text.HAL_ADC_GetValue
                0x080023b4       0x18 ./Drivers/STM32F1xx_HAL_Driver/Src/stm32f1xx_hal_adc.o
                0x080023b4                HAL_ADC_GetValue
 .text.HAL_ADC_ConfigChannel
                0x080023cc      0x1f0 ./Drivers/STM32F1xx_HAL_Driver/Src/stm32f1xx_hal_adc.o
                0x080023cc                HAL_ADC_ConfigChannel
 .text.ADC_Enable
                0x080025bc       0xb4 ./Drivers/STM32F1xx_HAL_Driver/Src/stm32f1xx_hal_adc.o
                0x080025bc                ADC_Enable
 .text.ADC_ConversionStop_Disable
                0x08002670       0x82 ./Drivers/STM32F1xx_HAL_Driver/Src/stm32f1xx_hal_adc.o
                0x08002670                ADC_ConversionStop_Disable
 *fill*         0x080026f2        0x2 
 .text.__NVIC_SetPriorityGrouping
                0x080026f4       0x48 ./Drivers/STM32F1xx_HAL_Driver/Src/stm32f1xx_hal_cortex.o
 .text.__NVIC_GetPriorityGrouping
                0x0800273c       0x1c ./Drivers/STM32F1xx_HAL_Driver/Src/stm32f1xx_hal_cortex.o
 .text.__NVIC_EnableIRQ
                0x08002758       0x38 ./Drivers/STM32F1xx_HAL_Driver/Src/stm32f1xx_hal_cortex.o
 .text.__NVIC_SetPriority
                0x08002790       0x54 ./Drivers/STM32F1xx_HAL_Driver/Src/stm32f1xx_hal_cortex.o
 .text.NVIC_EncodePriority
                0x080027e4       0x64 ./Drivers/STM32F1xx_HAL_Driver/Src/stm32f1xx_hal_cortex.o
 .text.SysTick_Config
                0x08002848       0x44 ./Drivers/STM32F1xx_HAL_Driver/Src/stm32f1xx_hal_cortex.o
 .text.HAL_NVIC_SetPriorityGrouping
                0x0800288c       0x16 ./Drivers/STM32F1xx_HAL_Driver/Src/stm32f1xx_hal_cortex.o
                0x0800288c                HAL_NVIC_SetPriorityGrouping
 .text.HAL_NVIC_SetPriority
                0x080028a2       0x38 ./Drivers/STM32F1xx_HAL_Driver/Src/stm32f1xx_hal_cortex.o
                0x080028a2                HAL_NVIC_SetPriority
 .text.HAL_NVIC_EnableIRQ
                0x080028da       0x1c ./Drivers/STM32F1xx_HAL_Driver/Src/stm32f1xx_hal_cortex.o
                0x080028da                HAL_NVIC_EnableIRQ
 .text.HAL_SYSTICK_Config
                0x080028f6       0x18 ./Drivers/STM32F1xx_HAL_Driver/Src/stm32f1xx_hal_cortex.o
                0x080028f6                HAL_SYSTICK_Config
 *fill*         0x0800290e        0x2 
 .text.HAL_GPIO_Init
                0x08002910      0x2f8 ./Drivers/STM32F1xx_HAL_Driver/Src/stm32f1xx_hal_gpio.o
                0x08002910                HAL_GPIO_Init
 .text.HAL_GPIO_DeInit
                0x08002c08      0x168 ./Drivers/STM32F1xx_HAL_Driver/Src/stm32f1xx_hal_gpio.o
                0x08002c08                HAL_GPIO_DeInit
 .text.HAL_GPIO_WritePin
                0x08002d70       0x30 ./Drivers/STM32F1xx_HAL_Driver/Src/stm32f1xx_hal_gpio.o
                0x08002d70                HAL_GPIO_WritePin
 .text.HAL_PWR_EnableBkUpAccess
                0x08002da0       0x18 ./Drivers/STM32F1xx_HAL_Driver/Src/stm32f1xx_hal_pwr.o
                0x08002da0                HAL_PWR_EnableBkUpAccess
 .text.HAL_PWR_EnterSTANDBYMode
                0x08002db8       0x30 ./Drivers/STM32F1xx_HAL_Driver/Src/stm32f1xx_hal_pwr.o
                0x08002db8                HAL_PWR_EnterSTANDBYMode
 .text.HAL_RCC_OscConfig
                0x08002de8      0x504 ./Drivers/STM32F1xx_HAL_Driver/Src/stm32f1xx_hal_rcc.o
                0x08002de8                HAL_RCC_OscConfig
 .text.HAL_RCC_ClockConfig
                0x080032ec      0x1d4 ./Drivers/STM32F1xx_HAL_Driver/Src/stm32f1xx_hal_rcc.o
                0x080032ec                HAL_RCC_ClockConfig
 .text.HAL_RCC_GetSysClockFreq
                0x080034c0       0xa8 ./Drivers/STM32F1xx_HAL_Driver/Src/stm32f1xx_hal_rcc.o
                0x080034c0                HAL_RCC_GetSysClockFreq
 .text.HAL_RCC_GetHCLKFreq
                0x08003568       0x14 ./Drivers/STM32F1xx_HAL_Driver/Src/stm32f1xx_hal_rcc.o
                0x08003568                HAL_RCC_GetHCLKFreq
 .text.HAL_RCC_GetPCLK1Freq
                0x0800357c       0x28 ./Drivers/STM32F1xx_HAL_Driver/Src/stm32f1xx_hal_rcc.o
                0x0800357c                HAL_RCC_GetPCLK1Freq
 .text.HAL_RCC_GetPCLK2Freq
                0x080035a4       0x28 ./Drivers/STM32F1xx_HAL_Driver/Src/stm32f1xx_hal_rcc.o
                0x080035a4                HAL_RCC_GetPCLK2Freq
 .text.RCC_Delay
                0x080035cc       0x3c ./Drivers/STM32F1xx_HAL_Driver/Src/stm32f1xx_hal_rcc.o
 .text.HAL_RCCEx_PeriphCLKConfig
                0x08003608      0x16c ./Drivers/STM32F1xx_HAL_Driver/Src/stm32f1xx_hal_rcc_ex.o
                0x08003608                HAL_RCCEx_PeriphCLKConfig
 .text.HAL_RCCEx_GetPeriphCLKFreq
                0x08003774      0x16c ./Drivers/STM32F1xx_HAL_Driver/Src/stm32f1xx_hal_rcc_ex.o
                0x08003774                HAL_RCCEx_GetPeriphCLKFreq
 .text.HAL_RTC_Init
                0x080038e0      0x118 ./Drivers/STM32F1xx_HAL_Driver/Src/stm32f1xx_hal_rtc.o
                0x080038e0                HAL_RTC_Init
 .text.HAL_RTC_SetTime
                0x080039f8      0x12e ./Drivers/STM32F1xx_HAL_Driver/Src/stm32f1xx_hal_rtc.o
                0x080039f8                HAL_RTC_SetTime
 *fill*         0x08003b26        0x2 
 .text.HAL_RTC_GetTime
                0x08003b28      0x1b0 ./Drivers/STM32F1xx_HAL_Driver/Src/stm32f1xx_hal_rtc.o
                0x08003b28                HAL_RTC_GetTime
 .text.HAL_RTC_SetDate
                0x08003cd8      0x16c ./Drivers/STM32F1xx_HAL_Driver/Src/stm32f1xx_hal_rtc.o
                0x08003cd8                HAL_RTC_SetDate
 .text.HAL_RTC_SetAlarm_IT
                0x08003e44      0x170 ./Drivers/STM32F1xx_HAL_Driver/Src/stm32f1xx_hal_rtc.o
                0x08003e44                HAL_RTC_SetAlarm_IT
 .text.HAL_RTC_DeactivateAlarm
                0x08003fb4       0xc0 ./Drivers/STM32F1xx_HAL_Driver/Src/stm32f1xx_hal_rtc.o
                0x08003fb4                HAL_RTC_DeactivateAlarm
 .text.HAL_RTC_WaitForSynchro
                0x08004074       0x5a ./Drivers/STM32F1xx_HAL_Driver/Src/stm32f1xx_hal_rtc.o
                0x08004074                HAL_RTC_WaitForSynchro
 .text.RTC_ReadTimeCounter
                0x080040ce       0x60 ./Drivers/STM32F1xx_HAL_Driver/Src/stm32f1xx_hal_rtc.o
 .text.RTC_WriteTimeCounter
                0x0800412e       0x4e ./Drivers/STM32F1xx_HAL_Driver/Src/stm32f1xx_hal_rtc.o
 .text.RTC_ReadAlarmCounter
                0x0800417c       0x32 ./Drivers/STM32F1xx_HAL_Driver/Src/stm32f1xx_hal_rtc.o
 .text.RTC_WriteAlarmCounter
                0x080041ae       0x4e ./Drivers/STM32F1xx_HAL_Driver/Src/stm32f1xx_hal_rtc.o
 .text.RTC_EnterInitMode
                0x080041fc       0x50 ./Drivers/STM32F1xx_HAL_Driver/Src/stm32f1xx_hal_rtc.o
 .text.RTC_ExitInitMode
                0x0800424c       0x50 ./Drivers/STM32F1xx_HAL_Driver/Src/stm32f1xx_hal_rtc.o
 .text.RTC_ByteToBcd2
                0x0800429c       0x3a ./Drivers/STM32F1xx_HAL_Driver/Src/stm32f1xx_hal_rtc.o
 .text.RTC_Bcd2ToByte
                0x080042d6       0x3a ./Drivers/STM32F1xx_HAL_Driver/Src/stm32f1xx_hal_rtc.o
 .text.RTC_DateUpdate
                0x08004310      0x152 ./Drivers/STM32F1xx_HAL_Driver/Src/stm32f1xx_hal_rtc.o
 *fill*         0x08004462        0x2 
 .text.RTC_IsLeapYear
                0x08004464       0x64 ./Drivers/STM32F1xx_HAL_Driver/Src/stm32f1xx_hal_rtc.o
 .text.RTC_WeekDayNum
                0x080044c8       0xf0 ./Drivers/STM32F1xx_HAL_Driver/Src/stm32f1xx_hal_rtc.o
 .text.HAL_RTCEx_RTCIRQHandler
                0x080045b8       0x6e ./Drivers/STM32F1xx_HAL_Driver/Src/stm32f1xx_hal_rtc_ex.o
                0x080045b8                HAL_RTCEx_RTCIRQHandler
 .text.HAL_RTCEx_RTCEventCallback
                0x08004626       0x12 ./Drivers/STM32F1xx_HAL_Driver/Src/stm32f1xx_hal_rtc_ex.o
                0x08004626                HAL_RTCEx_RTCEventCallback
 .text.HAL_RTCEx_RTCEventErrorCallback
                0x08004638       0x12 ./Drivers/STM32F1xx_HAL_Driver/Src/stm32f1xx_hal_rtc_ex.o
                0x08004638                HAL_RTCEx_RTCEventErrorCallback
 .text.HAL_SPI_Init
                0x0800464a      0x108 ./Drivers/STM32F1xx_HAL_Driver/Src/stm32f1xx_hal_spi.o
                0x0800464a                HAL_SPI_Init
 .text.HAL_SPI_Transmit
                0x08004752      0x288 ./Drivers/STM32F1xx_HAL_Driver/Src/stm32f1xx_hal_spi.o
                0x08004752                HAL_SPI_Transmit
 .text.HAL_SPI_Receive
                0x080049da      0x232 ./Drivers/STM32F1xx_HAL_Driver/Src/stm32f1xx_hal_spi.o
                0x080049da                HAL_SPI_Receive
 .text.HAL_SPI_TransmitReceive
                0x08004c0c      0x352 ./Drivers/STM32F1xx_HAL_Driver/Src/stm32f1xx_hal_spi.o
                0x08004c0c                HAL_SPI_TransmitReceive
 .text.HAL_SPI_GetState
                0x08004f5e       0x1a ./Drivers/STM32F1xx_HAL_Driver/Src/stm32f1xx_hal_spi.o
                0x08004f5e                HAL_SPI_GetState
 .text.SPI_WaitFlagStateUntilTimeout
                0x08004f78      0x110 ./Drivers/STM32F1xx_HAL_Driver/Src/stm32f1xx_hal_spi.o
 .text.SPI_EndRxTransaction
                0x08005088       0xa4 ./Drivers/STM32F1xx_HAL_Driver/Src/stm32f1xx_hal_spi.o
 .text.SPI_EndRxTxTransaction
                0x0800512c       0x62 ./Drivers/STM32F1xx_HAL_Driver/Src/stm32f1xx_hal_spi.o
 .text.HAL_TIM_Base_Init
                0x0800518e       0x9e ./Drivers/STM32F1xx_HAL_Driver/Src/stm32f1xx_hal_tim.o
                0x0800518e                HAL_TIM_Base_Init
 .text.HAL_TIM_Base_Start
                0x0800522c       0x88 ./Drivers/STM32F1xx_HAL_Driver/Src/stm32f1xx_hal_tim.o
                0x0800522c                HAL_TIM_Base_Start
 .text.HAL_TIM_Base_Stop
                0x080052b4       0x4c ./Drivers/STM32F1xx_HAL_Driver/Src/stm32f1xx_hal_tim.o
                0x080052b4                HAL_TIM_Base_Stop
 .text.HAL_TIM_ConfigClockSource
                0x08005300      0x18e ./Drivers/STM32F1xx_HAL_Driver/Src/stm32f1xx_hal_tim.o
                0x08005300                HAL_TIM_ConfigClockSource
 *fill*         0x0800548e        0x2 
 .text.TIM_Base_SetConfig
                0x08005490       0xc8 ./Drivers/STM32F1xx_HAL_Driver/Src/stm32f1xx_hal_tim.o
                0x08005490                TIM_Base_SetConfig
 .text.TIM_TI1_ConfigInputStage
                0x08005558       0x5c ./Drivers/STM32F1xx_HAL_Driver/Src/stm32f1xx_hal_tim.o
 .text.TIM_TI2_ConfigInputStage
                0x080055b4       0x5e ./Drivers/STM32F1xx_HAL_Driver/Src/stm32f1xx_hal_tim.o
 .text.TIM_ITRx_SetConfig
                0x08005612       0x34 ./Drivers/STM32F1xx_HAL_Driver/Src/stm32f1xx_hal_tim.o
 .text.TIM_ETR_SetConfig
                0x08005646       0x3e ./Drivers/STM32F1xx_HAL_Driver/Src/stm32f1xx_hal_tim.o
                0x08005646                TIM_ETR_SetConfig
 .text.HAL_TIMEx_MasterConfigSynchronization
                0x08005684       0xb0 ./Drivers/STM32F1xx_HAL_Driver/Src/stm32f1xx_hal_tim_ex.o
                0x08005684                HAL_TIMEx_MasterConfigSynchronization
 .text.HAL_UART_Init
                0x08005734       0xa0 ./Drivers/STM32F1xx_HAL_Driver/Src/stm32f1xx_hal_uart.o
                0x08005734                HAL_UART_Init
 .text.HAL_UART_Transmit
                0x080057d4      0x116 ./Drivers/STM32F1xx_HAL_Driver/Src/stm32f1xx_hal_uart.o
                0x080057d4                HAL_UART_Transmit
 .text.UART_WaitOnFlagUntilTimeout
                0x080058ea       0xb2 ./Drivers/STM32F1xx_HAL_Driver/Src/stm32f1xx_hal_uart.o
 .text.UART_EndRxTransfer
                0x0800599c       0xc4 ./Drivers/STM32F1xx_HAL_Driver/Src/stm32f1xx_hal_uart.o
 .text.UART_SetConfig
                0x08005a60      0x11c ./Drivers/STM32F1xx_HAL_Driver/Src/stm32f1xx_hal_uart.o
 .text.set_alarm
                0x08005b7c       0x78 ./Shared/AlarmReset.o
                0x08005b7c                set_alarm
 .text.get_battery_level
                0x08005bf4      0x134 ./Shared/BatteryLevel.o
                0x08005bf4                get_battery_level
 .text.battery_percent_from_voltage
                0x08005d28      0x108 ./Shared/BatteryLevel.o
 .text.debug_init
                0x08005e30       0x1c ./Shared/DebugLog.o
                0x08005e30                debug_init
 .text.debug    0x08005e4c       0x70 ./Shared/DebugLog.o
                0x08005e4c                debug
 .text.TIM2_Delay_us
                0x08005ebc       0x38 ./Shared/Delay_ns.o
                0x08005ebc                TIM2_Delay_us
 .text.poll_sensor
                0x08005ef4       0xc8 ./Shared/InfraSensor.o
 .text.get_infra_sensor_data
                0x08005fbc       0x50 ./Shared/InfraSensor.o
                0x08005fbc                get_infra_sensor_data
 .text.newLoRa  0x0800600c       0x52 ./Shared/LoRa.o
                0x0800600c                newLoRa
 .text.LoRa_gotoMode
                0x0800605e       0xc2 ./Shared/LoRa.o
                0x0800605e                LoRa_gotoMode
 .text.LoRa_readReg
                0x08006120       0x7c ./Shared/LoRa.o
                0x08006120                LoRa_readReg
 .text.LoRa_writeReg
                0x0800619c       0x7c ./Shared/LoRa.o
                0x0800619c                LoRa_writeReg
 .text.LoRa_setLowDaraRateOptimization
                0x08006218       0x4a ./Shared/LoRa.o
                0x08006218                LoRa_setLowDaraRateOptimization
 *fill*         0x08006262        0x2 
 .text.LoRa_setAutoLDO
                0x08006264       0x6c ./Shared/LoRa.o
                0x08006264                LoRa_setAutoLDO
 .text.LoRa_setFrequency
                0x080062d0       0x60 ./Shared/LoRa.o
                0x080062d0                LoRa_setFrequency
 .text.LoRa_setSpreadingFactor
                0x08006330       0x64 ./Shared/LoRa.o
                0x08006330                LoRa_setSpreadingFactor
 .text.LoRa_setPower
                0x08006394       0x26 ./Shared/LoRa.o
                0x08006394                LoRa_setPower
 *fill*         0x080063ba        0x2 
 .text.LoRa_setOCP
                0x080063bc       0x7c ./Shared/LoRa.o
                0x080063bc                LoRa_setOCP
 .text.LoRa_setTOMsb_setCRCon
                0x08006438       0x36 ./Shared/LoRa.o
                0x08006438                LoRa_setTOMsb_setCRCon
 .text.LoRa_read
                0x0800646e       0x34 ./Shared/LoRa.o
                0x0800646e                LoRa_read
 .text.LoRa_write
                0x080064a2       0x3a ./Shared/LoRa.o
                0x080064a2                LoRa_write
 .text.LoRa_BurstWrite
                0x080064dc       0x8e ./Shared/LoRa.o
                0x080064dc                LoRa_BurstWrite
 .text.LoRa_isvalid
                0x0800656a       0x14 ./Shared/LoRa.o
                0x0800656a                LoRa_isvalid
 .text.LoRa_transmit
                0x0800657e       0xb0 ./Shared/LoRa.o
                0x0800657e                LoRa_transmit
 .text.LoRa_init
                0x0800662e      0x14e ./Shared/LoRa.o
                0x0800662e                LoRa_init
 .text.SX1278_Init
                0x0800677c       0x6c ./Shared/LoraSender.o
                0x0800677c                SX1278_Init
 .text.send_packet
                0x080067e8       0x28 ./Shared/LoraSender.o
                0x080067e8                send_packet
 .text.get_serial_number
                0x08006810       0x54 ./Shared/SerialNumber.o
                0x08006810                get_serial_number
 .text.snprintf
                0x08006864       0x6c C:/ST/STM32CubeIDE_1.17.0/STM32CubeIDE/plugins/com.st.stm32cube.ide.mcu.externaltools.gnu-tools-for-stm32.13.3.rel1.win32_1.0.0.202411081344/tools/bin/../lib/gcc/arm-none-eabi/13.3.1/../../../../arm-none-eabi/lib/thumb/v7-m/nofp\libc_nano.a(libc_a-snprintf.o)
                0x08006864                sniprintf
                0x08006864                snprintf
 .text._vsnprintf_r
                0x080068d0       0x5c C:/ST/STM32CubeIDE_1.17.0/STM32CubeIDE/plugins/com.st.stm32cube.ide.mcu.externaltools.gnu-tools-for-stm32.13.3.rel1.win32_1.0.0.202411081344/tools/bin/../lib/gcc/arm-none-eabi/13.3.1/../../../../arm-none-eabi/lib/thumb/v7-m/nofp\libc_nano.a(libc_a-vsnprintf.o)
                0x080068d0                _vsniprintf_r
                0x080068d0                _vsnprintf_r
 .text.vsnprintf
                0x0800692c       0x1c C:/ST/STM32CubeIDE_1.17.0/STM32CubeIDE/plugins/com.st.stm32cube.ide.mcu.externaltools.gnu-tools-for-stm32.13.3.rel1.win32_1.0.0.202411081344/tools/bin/../lib/gcc/arm-none-eabi/13.3.1/../../../../arm-none-eabi/lib/thumb/v7-m/nofp\libc_nano.a(libc_a-vsnprintf.o)
                0x0800692c                vsniprintf
                0x0800692c                vsnprintf
 .text.memset   0x08006948       0x10 C:/ST/STM32CubeIDE_1.17.0/STM32CubeIDE/plugins/com.st.stm32cube.ide.mcu.externaltools.gnu-tools-for-stm32.13.3.rel1.win32_1.0.0.202411081344/tools/bin/../lib/gcc/arm-none-eabi/13.3.1/../../../../arm-none-eabi/lib/thumb/v7-m/nofp\libc_nano.a(libc_a-memset.o)
                0x08006948                memset
 .text.__errno  0x08006958        0xc C:/ST/STM32CubeIDE_1.17.0/STM32CubeIDE/plugins/com.st.stm32cube.ide.mcu.externaltools.gnu-tools-for-stm32.13.3.rel1.win32_1.0.0.202411081344/tools/bin/../lib/gcc/arm-none-eabi/13.3.1/../../../../arm-none-eabi/lib/thumb/v7-m/nofp\libc_nano.a(libc_a-errno.o)
                0x08006958                __errno
 .text.__libc_init_array
                0x08006964       0x48 C:/ST/STM32CubeIDE_1.17.0/STM32CubeIDE/plugins/com.st.stm32cube.ide.mcu.externaltools.gnu-tools-for-stm32.13.3.rel1.win32_1.0.0.202411081344/tools/bin/../lib/gcc/arm-none-eabi/13.3.1/../../../../arm-none-eabi/lib/thumb/v7-m/nofp\libc_nano.a(libc_a-init.o)
                0x08006964                __libc_init_array
 .text.__retarget_lock_acquire_recursive
                0x080069ac        0x2 C:/ST/STM32CubeIDE_1.17.0/STM32CubeIDE/plugins/com.st.stm32cube.ide.mcu.externaltools.gnu-tools-for-stm32.13.3.rel1.win32_1.0.0.202411081344/tools/bin/../lib/gcc/arm-none-eabi/13.3.1/../../../../arm-none-eabi/lib/thumb/v7-m/nofp\libc_nano.a(libc_a-lock.o)
                0x080069ac                __retarget_lock_acquire_recursive
 .text.__retarget_lock_release_recursive
                0x080069ae        0x2 C:/ST/STM32CubeIDE_1.17.0/STM32CubeIDE/plugins/com.st.stm32cube.ide.mcu.externaltools.gnu-tools-for-stm32.13.3.rel1.win32_1.0.0.202411081344/tools/bin/../lib/gcc/arm-none-eabi/13.3.1/../../../../arm-none-eabi/lib/thumb/v7-m/nofp\libc_nano.a(libc_a-lock.o)
                0x080069ae                __retarget_lock_release_recursive
 .text.memcpy   0x080069b0       0x1c C:/ST/STM32CubeIDE_1.17.0/STM32CubeIDE/plugins/com.st.stm32cube.ide.mcu.externaltools.gnu-tools-for-stm32.13.3.rel1.win32_1.0.0.202411081344/tools/bin/../lib/gcc/arm-none-eabi/13.3.1/../../../../arm-none-eabi/lib/thumb/v7-m/nofp\libc_nano.a(libc_a-memcpy-stub.o)
                0x080069b0                memcpy
 .text._free_r  0x080069cc       0x90 C:/ST/STM32CubeIDE_1.17.0/STM32CubeIDE/plugins/com.st.stm32cube.ide.mcu.externaltools.gnu-tools-for-stm32.13.3.rel1.win32_1.0.0.202411081344/tools/bin/../lib/gcc/arm-none-eabi/13.3.1/../../../../arm-none-eabi/lib/thumb/v7-m/nofp\libc_nano.a(libc_a-freer.o)
                0x080069cc                _free_r
 .text.sbrk_aligned
                0x08006a5c       0x44 C:/ST/STM32CubeIDE_1.17.0/STM32CubeIDE/plugins/com.st.stm32cube.ide.mcu.externaltools.gnu-tools-for-stm32.13.3.rel1.win32_1.0.0.202411081344/tools/bin/../lib/gcc/arm-none-eabi/13.3.1/../../../../arm-none-eabi/lib/thumb/v7-m/nofp\libc_nano.a(libc_a-mallocr.o)
 .text._malloc_r
                0x08006aa0      0x100 C:/ST/STM32CubeIDE_1.17.0/STM32CubeIDE/plugins/com.st.stm32cube.ide.mcu.externaltools.gnu-tools-for-stm32.13.3.rel1.win32_1.0.0.202411081344/tools/bin/../lib/gcc/arm-none-eabi/13.3.1/../../../../arm-none-eabi/lib/thumb/v7-m/nofp\libc_nano.a(libc_a-mallocr.o)
                0x08006aa0                _malloc_r
 .text.__malloc_lock
                0x08006ba0        0xc C:/ST/STM32CubeIDE_1.17.0/STM32CubeIDE/plugins/com.st.stm32cube.ide.mcu.externaltools.gnu-tools-for-stm32.13.3.rel1.win32_1.0.0.202411081344/tools/bin/../lib/gcc/arm-none-eabi/13.3.1/../../../../arm-none-eabi/lib/thumb/v7-m/nofp\libc_nano.a(libc_a-mlock.o)
                0x08006ba0                __malloc_lock
 .text.__malloc_unlock
                0x08006bac        0xc C:/ST/STM32CubeIDE_1.17.0/STM32CubeIDE/plugins/com.st.stm32cube.ide.mcu.externaltools.gnu-tools-for-stm32.13.3.rel1.win32_1.0.0.202411081344/tools/bin/../lib/gcc/arm-none-eabi/13.3.1/../../../../arm-none-eabi/lib/thumb/v7-m/nofp\libc_nano.a(libc_a-mlock.o)
                0x08006bac                __malloc_unlock
 .text.__ssputs_r
                0x08006bb8       0xb6 C:/ST/STM32CubeIDE_1.17.0/STM32CubeIDE/plugins/com.st.stm32cube.ide.mcu.externaltools.gnu-tools-for-stm32.13.3.rel1.win32_1.0.0.202411081344/tools/bin/../lib/gcc/arm-none-eabi/13.3.1/../../../../arm-none-eabi/lib/thumb/v7-m/nofp\libc_nano.a(libc_a-nano-svfprintf.o)
                0x08006bb8                __ssputs_r
 *fill*         0x08006c6e        0x2 
 .text._svfprintf_r
                0x08006c70      0x1f8 C:/ST/STM32CubeIDE_1.17.0/STM32CubeIDE/plugins/com.st.stm32cube.ide.mcu.externaltools.gnu-tools-for-stm32.13.3.rel1.win32_1.0.0.202411081344/tools/bin/../lib/gcc/arm-none-eabi/13.3.1/../../../../arm-none-eabi/lib/thumb/v7-m/nofp\libc_nano.a(libc_a-nano-svfprintf.o)
                0x08006c70                _svfiprintf_r
                0x08006c70                _svfprintf_r
 .text._printf_common
                0x08006e68       0xe4 C:/ST/STM32CubeIDE_1.17.0/STM32CubeIDE/plugins/com.st.stm32cube.ide.mcu.externaltools.gnu-tools-for-stm32.13.3.rel1.win32_1.0.0.202411081344/tools/bin/../lib/gcc/arm-none-eabi/13.3.1/../../../../arm-none-eabi/lib/thumb/v7-m/nofp\libc_nano.a(libc_a-nano-vfprintf_i.o)
                0x08006e68                _printf_common
 .text._printf_i
                0x08006f4c      0x23c C:/ST/STM32CubeIDE_1.17.0/STM32CubeIDE/plugins/com.st.stm32cube.ide.mcu.externaltools.gnu-tools-for-stm32.13.3.rel1.win32_1.0.0.202411081344/tools/bin/../lib/gcc/arm-none-eabi/13.3.1/../../../../arm-none-eabi/lib/thumb/v7-m/nofp\libc_nano.a(libc_a-nano-vfprintf_i.o)
                0x08006f4c                _printf_i
 .text.memmove  0x08007188       0x34 C:/ST/STM32CubeIDE_1.17.0/STM32CubeIDE/plugins/com.st.stm32cube.ide.mcu.externaltools.gnu-tools-for-stm32.13.3.rel1.win32_1.0.0.202411081344/tools/bin/../lib/gcc/arm-none-eabi/13.3.1/../../../../arm-none-eabi/lib/thumb/v7-m/nofp\libc_nano.a(libc_a-memmove.o)
                0x08007188                memmove
 .text._sbrk_r  0x080071bc       0x20 C:/ST/STM32CubeIDE_1.17.0/STM32CubeIDE/plugins/com.st.stm32cube.ide.mcu.externaltools.gnu-tools-for-stm32.13.3.rel1.win32_1.0.0.202411081344/tools/bin/../lib/gcc/arm-none-eabi/13.3.1/../../../../arm-none-eabi/lib/thumb/v7-m/nofp\libc_nano.a(libc_a-sbrkr.o)
                0x080071bc                _sbrk_r
 .text.memchr   0x080071dc       0x1c C:/ST/STM32CubeIDE_1.17.0/STM32CubeIDE/plugins/com.st.stm32cube.ide.mcu.externaltools.gnu-tools-for-stm32.13.3.rel1.win32_1.0.0.202411081344/tools/bin/../lib/gcc/arm-none-eabi/13.3.1/../../../../arm-none-eabi/lib/thumb/v7-m/nofp\libc_nano.a(libc_a-memchr-stub.o)
                0x080071dc                memchr
 .text._realloc_r
                0x080071f8       0x5c C:/ST/STM32CubeIDE_1.17.0/STM32CubeIDE/plugins/com.st.stm32cube.ide.mcu.externaltools.gnu-tools-for-stm32.13.3.rel1.win32_1.0.0.202411081344/tools/bin/../lib/gcc/arm-none-eabi/13.3.1/../../../../arm-none-eabi/lib/thumb/v7-m/nofp\libc_nano.a(libc_a-reallocr.o)
                0x080071f8                _realloc_r
 .text._malloc_usable_size_r
                0x08007254       0x10 C:/ST/STM32CubeIDE_1.17.0/STM32CubeIDE/plugins/com.st.stm32cube.ide.mcu.externaltools.gnu-tools-for-stm32.13.3.rel1.win32_1.0.0.202411081344/tools/bin/../lib/gcc/arm-none-eabi/13.3.1/../../../../arm-none-eabi/lib/thumb/v7-m/nofp\libc_nano.a(libc_a-msizer.o)
                0x08007254                _malloc_usable_size_r
 *(.glue_7)
 .glue_7        0x08007264        0x0 linker stubs
 *(.glue_7t)
 .glue_7t       0x08007264        0x0 linker stubs
 *(.eh_frame)
 .eh_frame      0x08007264        0x0 C:/ST/STM32CubeIDE_1.17.0/STM32CubeIDE/plugins/com.st.stm32cube.ide.mcu.externaltools.gnu-tools-for-stm32.13.3.rel1.win32_1.0.0.202411081344/tools/bin/../lib/gcc/arm-none-eabi/13.3.1/thumb/v7-m/nofp/crtbegin.o
 *(.init)
 .init          0x08007264        0x4 C:/ST/STM32CubeIDE_1.17.0/STM32CubeIDE/plugins/com.st.stm32cube.ide.mcu.externaltools.gnu-tools-for-stm32.13.3.rel1.win32_1.0.0.202411081344/tools/bin/../lib/gcc/arm-none-eabi/13.3.1/thumb/v7-m/nofp/crti.o
                0x08007264                _init
 .init          0x08007268        0x8 C:/ST/STM32CubeIDE_1.17.0/STM32CubeIDE/plugins/com.st.stm32cube.ide.mcu.externaltools.gnu-tools-for-stm32.13.3.rel1.win32_1.0.0.202411081344/tools/bin/../lib/gcc/arm-none-eabi/13.3.1/thumb/v7-m/nofp/crtn.o
 *(.fini)
 .fini          0x08007270        0x4 C:/ST/STM32CubeIDE_1.17.0/STM32CubeIDE/plugins/com.st.stm32cube.ide.mcu.externaltools.gnu-tools-for-stm32.13.3.rel1.win32_1.0.0.202411081344/tools/bin/../lib/gcc/arm-none-eabi/13.3.1/thumb/v7-m/nofp/crti.o
                0x08007270                _fini
 .fini          0x08007274        0x8 C:/ST/STM32CubeIDE_1.17.0/STM32CubeIDE/plugins/com.st.stm32cube.ide.mcu.externaltools.gnu-tools-for-stm32.13.3.rel1.win32_1.0.0.202411081344/tools/bin/../lib/gcc/arm-none-eabi/13.3.1/thumb/v7-m/nofp/crtn.o
                0x0800727c                        . = ALIGN (0x4)
                0x0800727c                        _etext = .

.vfp11_veneer   0x0800727c        0x0
 .vfp11_veneer  0x0800727c        0x0 linker stubs

.v4_bx          0x0800727c        0x0
 .v4_bx         0x0800727c        0x0 linker stubs

.iplt           0x0800727c        0x0
 .iplt          0x0800727c        0x0 C:/ST/STM32CubeIDE_1.17.0/STM32CubeIDE/plugins/com.st.stm32cube.ide.mcu.externaltools.gnu-tools-for-stm32.13.3.rel1.win32_1.0.0.202411081344/tools/bin/../lib/gcc/arm-none-eabi/13.3.1/thumb/v7-m/nofp/crtbegin.o

.rodata         0x08007280      0x278
                0x08007280                        . = ALIGN (0x4)
 *(.rodata)
 .rodata        0x08007280      0x11e ./Core/Src/main.o
 *fill*         0x0800739e        0x2 
 .rodata        0x080073a0       0x4f ./Shared/BatteryLevel.o
 *fill*         0x080073ef        0x1 
 .rodata        0x080073f0        0xf ./Shared/DebugLog.o
 *fill*         0x080073ff        0x1 
 .rodata        0x08007400       0x50 ./Shared/LoRa.o
 .rodata        0x08007450       0x32 ./Shared/SerialNumber.o
 *(.rodata*)
 *fill*         0x08007482        0x2 
 .rodata.AHBPrescTable
                0x08007484       0x10 ./Core/Src/system_stm32f1xx.o
                0x08007484                AHBPrescTable
 .rodata.APBPrescTable
                0x08007494        0x8 ./Core/Src/system_stm32f1xx.o
                0x08007494                APBPrescTable
 .rodata.aPLLMULFactorTable.1
                0x0800749c       0x10 ./Drivers/STM32F1xx_HAL_Driver/Src/stm32f1xx_hal_rcc.o
 .rodata.aPredivFactorTable.0
                0x080074ac        0x2 ./Drivers/STM32F1xx_HAL_Driver/Src/stm32f1xx_hal_rcc.o
 *fill*         0x080074ae        0x2 
 .rodata.aPLLMULFactorTable.1
                0x080074b0       0x10 ./Drivers/STM32F1xx_HAL_Driver/Src/stm32f1xx_hal_rcc_ex.o
 .rodata.aPredivFactorTable.0
                0x080074c0        0x2 ./Drivers/STM32F1xx_HAL_Driver/Src/stm32f1xx_hal_rcc_ex.o
 .rodata._svfprintf_r.str1.1
                0x080074c2       0x33 C:/ST/STM32CubeIDE_1.17.0/STM32CubeIDE/plugins/com.st.stm32cube.ide.mcu.externaltools.gnu-tools-for-stm32.13.3.rel1.win32_1.0.0.202411081344/tools/bin/../lib/gcc/arm-none-eabi/13.3.1/../../../../arm-none-eabi/lib/thumb/v7-m/nofp\libc_nano.a(libc_a-nano-svfprintf.o)
                                 0x11 (size before relaxing)
 .rodata._printf_i.str1.1
                0x080074f5       0x22 C:/ST/STM32CubeIDE_1.17.0/STM32CubeIDE/plugins/com.st.stm32cube.ide.mcu.externaltools.gnu-tools-for-stm32.13.3.rel1.win32_1.0.0.202411081344/tools/bin/../lib/gcc/arm-none-eabi/13.3.1/../../../../arm-none-eabi/lib/thumb/v7-m/nofp\libc_nano.a(libc_a-nano-vfprintf_i.o)
                0x08007518                        . = ALIGN (0x4)
 *fill*         0x080074f5        0x3 

.ARM.extab      0x080074f8        0x0
                0x080074f8                        . = ALIGN (0x4)
 *(.ARM.extab* .gnu.linkonce.armextab.*)
                0x080074f8                        . = ALIGN (0x4)

.ARM            0x080074f8        0x8
                0x080074f8                        . = ALIGN (0x4)
                0x080074f8                        __exidx_start = .
 *(.ARM.exidx*)
 .ARM.exidx     0x080074f8        0x8 C:/ST/STM32CubeIDE_1.17.0/STM32CubeIDE/plugins/com.st.stm32cube.ide.mcu.externaltools.gnu-tools-for-stm32.13.3.rel1.win32_1.0.0.202411081344/tools/bin/../lib/gcc/arm-none-eabi/13.3.1/../../../../arm-none-eabi/lib/thumb/v7-m/nofp\libc_nano.a(libc_a-strlen.o)
                0x08007500                        __exidx_end = .
                0x08007500                        . = ALIGN (0x4)

.preinit_array  0x08007500        0x0
                0x08007500                        . = ALIGN (0x4)
                0x08007500                        PROVIDE (__preinit_array_start = .)
 *(.preinit_array*)
                0x08007500                        PROVIDE (__preinit_array_end = .)
                0x08007500                        . = ALIGN (0x4)

.init_array     0x08007500        0x4
                0x08007500                        . = ALIGN (0x4)
                0x08007500                        PROVIDE (__init_array_start = .)
 *(SORT_BY_NAME(.init_array.*))
 *(.init_array*)
 .init_array    0x08007500        0x4 C:/ST/STM32CubeIDE_1.17.0/STM32CubeIDE/plugins/com.st.stm32cube.ide.mcu.externaltools.gnu-tools-for-stm32.13.3.rel1.win32_1.0.0.202411081344/tools/bin/../lib/gcc/arm-none-eabi/13.3.1/thumb/v7-m/nofp/crtbegin.o
                0x08007504                        PROVIDE (__init_array_end = .)
                0x08007504                        . = ALIGN (0x4)

.fini_array     0x08007504        0x4
                0x08007504                        . = ALIGN (0x4)
                [!provide]                        PROVIDE (__fini_array_start = .)
 *(SORT_BY_NAME(.fini_array.*))
 *(.fini_array*)
 .fini_array    0x08007504        0x4 C:/ST/STM32CubeIDE_1.17.0/STM32CubeIDE/plugins/com.st.stm32cube.ide.mcu.externaltools.gnu-tools-for-stm32.13.3.rel1.win32_1.0.0.202411081344/tools/bin/../lib/gcc/arm-none-eabi/13.3.1/thumb/v7-m/nofp/crtbegin.o
                [!provide]                        PROVIDE (__fini_array_end = .)
                0x08007508                        . = ALIGN (0x4)
                0x08007508                        _sidata = LOADADDR (.data)

.rel.dyn        0x08007508        0x0
 .rel.iplt      0x08007508        0x0 C:/ST/STM32CubeIDE_1.17.0/STM32CubeIDE/plugins/com.st.stm32cube.ide.mcu.externaltools.gnu-tools-for-stm32.13.3.rel1.win32_1.0.0.202411081344/tools/bin/../lib/gcc/arm-none-eabi/13.3.1/thumb/v7-m/nofp/crtbegin.o

.data           0x20000000       0x5c load address 0x08007508
                0x20000000                        . = ALIGN (0x4)
                0x20000000                        _sdata = .
 *(.data)
 *(.data*)
 .data.SystemCoreClock
                0x20000000        0x4 ./Core/Src/system_stm32f1xx.o
                0x20000000                SystemCoreClock
 .data.uwTickPrio
                0x20000004        0x4 ./Drivers/STM32F1xx_HAL_Driver/Src/stm32f1xx_hal.o
                0x20000004                uwTickPrio
 .data.uwTickFreq
                0x20000008        0x1 ./Drivers/STM32F1xx_HAL_Driver/Src/stm32f1xx_hal.o
                0x20000008                uwTickFreq
 *fill*         0x20000009        0x3 
 .data._impure_ptr
                0x2000000c        0x4 C:/ST/STM32CubeIDE_1.17.0/STM32CubeIDE/plugins/com.st.stm32cube.ide.mcu.externaltools.gnu-tools-for-stm32.13.3.rel1.win32_1.0.0.202411081344/tools/bin/../lib/gcc/arm-none-eabi/13.3.1/../../../../arm-none-eabi/lib/thumb/v7-m/nofp\libc_nano.a(libc_a-impure.o)
                0x2000000c                _impure_ptr
 .data._impure_data
                0x20000010       0x4c C:/ST/STM32CubeIDE_1.17.0/STM32CubeIDE/plugins/com.st.stm32cube.ide.mcu.externaltools.gnu-tools-for-stm32.13.3.rel1.win32_1.0.0.202411081344/tools/bin/../lib/gcc/arm-none-eabi/13.3.1/../../../../arm-none-eabi/lib/thumb/v7-m/nofp\libc_nano.a(libc_a-impure.o)
                0x20000010                _impure_data
 *(.RamFunc)
 *(.RamFunc*)
                0x2000005c                        . = ALIGN (0x4)
                0x2000005c                        _edata = .

.igot.plt       0x2000005c        0x0 load address 0x08007564
 .igot.plt      0x2000005c        0x0 C:/ST/STM32CubeIDE_1.17.0/STM32CubeIDE/plugins/com.st.stm32cube.ide.mcu.externaltools.gnu-tools-for-stm32.13.3.rel1.win32_1.0.0.202411081344/tools/bin/../lib/gcc/arm-none-eabi/13.3.1/thumb/v7-m/nofp/crtbegin.o
                0x2000005c                        . = ALIGN (0x4)

.bss            0x2000005c      0x324 load address 0x08007564
                0x2000005c                        _sbss = .
                0x2000005c                        __bss_start__ = _sbss
 *(.bss)
 .bss           0x2000005c       0x1c C:/ST/STM32CubeIDE_1.17.0/STM32CubeIDE/plugins/com.st.stm32cube.ide.mcu.externaltools.gnu-tools-for-stm32.13.3.rel1.win32_1.0.0.202411081344/tools/bin/../lib/gcc/arm-none-eabi/13.3.1/thumb/v7-m/nofp/crtbegin.o
 *(.bss*)
 .bss.hadc1     0x20000078       0x30 ./Core/Src/main.o
                0x20000078                hadc1
 .bss.hadc2     0x200000a8       0x30 ./Core/Src/main.o
                0x200000a8                hadc2
 .bss.hrtc      0x200000d8       0x14 ./Core/Src/main.o
                0x200000d8                hrtc
 .bss.hspi1     0x200000ec       0x58 ./Core/Src/main.o
                0x200000ec                hspi1
 .bss.htim2     0x20000144       0x48 ./Core/Src/main.o
                0x20000144                htim2
 .bss.huart1    0x2000018c       0x48 ./Core/Src/main.o
                0x2000018c                huart1
 .bss.hw_serial
                0x200001d4        0xc ./Core/Src/main.o
                0x200001d4                hw_serial
 .bss.Battery   0x200001e0        0x8 ./Core/Src/main.o
                0x200001e0                Battery
 .bss.packet    0x200001e8        0xc ./Core/Src/main.o
                0x200001e8                packet
 .bss.alarm_level
                0x200001f4        0x4 ./Core/Src/main.o
                0x200001f4                alarm_level
 .bss.__sbrk_heap_end
                0x200001f8        0x4 ./Core/Src/sysmem.o
 .bss.uwTick    0x200001fc        0x4 ./Drivers/STM32F1xx_HAL_Driver/Src/stm32f1xx_hal.o
                0x200001fc                uwTick
 .bss.huart     0x20000200        0x4 ./Shared/DebugLog.o
 .bss.hadc      0x20000204        0x4 ./Shared/InfraSensor.o
 .bss.alarm_level
                0x20000208        0x4 ./Shared/InfraSensor.o
 .bss.myLoRa    0x2000020c       0x2c ./Shared/LoraSender.o
                0x2000020c                myLoRa
 .bss.__sf      0x20000238      0x138 C:/ST/STM32CubeIDE_1.17.0/STM32CubeIDE/plugins/com.st.stm32cube.ide.mcu.externaltools.gnu-tools-for-stm32.13.3.rel1.win32_1.0.0.202411081344/tools/bin/../lib/gcc/arm-none-eabi/13.3.1/../../../../arm-none-eabi/lib/thumb/v7-m/nofp\libc_nano.a(libc_a-findfp.o)
                0x20000238                __sf
 .bss.errno     0x20000370        0x4 C:/ST/STM32CubeIDE_1.17.0/STM32CubeIDE/plugins/com.st.stm32cube.ide.mcu.externaltools.gnu-tools-for-stm32.13.3.rel1.win32_1.0.0.202411081344/tools/bin/../lib/gcc/arm-none-eabi/13.3.1/../../../../arm-none-eabi/lib/thumb/v7-m/nofp\libc_nano.a(libc_a-reent.o)
                0x20000370                errno
 .bss.__lock___malloc_recursive_mutex
                0x20000374        0x1 C:/ST/STM32CubeIDE_1.17.0/STM32CubeIDE/plugins/com.st.stm32cube.ide.mcu.externaltools.gnu-tools-for-stm32.13.3.rel1.win32_1.0.0.202411081344/tools/bin/../lib/gcc/arm-none-eabi/13.3.1/../../../../arm-none-eabi/lib/thumb/v7-m/nofp\libc_nano.a(libc_a-lock.o)
                0x20000374                __lock___malloc_recursive_mutex
 *fill*         0x20000375        0x3 
 .bss.__malloc_sbrk_start
                0x20000378        0x4 C:/ST/STM32CubeIDE_1.17.0/STM32CubeIDE/plugins/com.st.stm32cube.ide.mcu.externaltools.gnu-tools-for-stm32.13.3.rel1.win32_1.0.0.202411081344/tools/bin/../lib/gcc/arm-none-eabi/13.3.1/../../../../arm-none-eabi/lib/thumb/v7-m/nofp\libc_nano.a(libc_a-mallocr.o)
                0x20000378                __malloc_sbrk_start
 .bss.__malloc_free_list
                0x2000037c        0x4 C:/ST/STM32CubeIDE_1.17.0/STM32CubeIDE/plugins/com.st.stm32cube.ide.mcu.externaltools.gnu-tools-for-stm32.13.3.rel1.win32_1.0.0.202411081344/tools/bin/../lib/gcc/arm-none-eabi/13.3.1/../../../../arm-none-eabi/lib/thumb/v7-m/nofp\libc_nano.a(libc_a-mallocr.o)
                0x2000037c                __malloc_free_list
 *(COMMON)
                0x20000380                        . = ALIGN (0x4)
                0x20000380                        _ebss = .
                0x20000380                        __bss_end__ = _ebss

._user_heap_stack
                0x20000380      0x600 load address 0x08007564
                0x20000380                        . = ALIGN (0x8)
                [!provide]                        PROVIDE (end = .)
                0x20000380                        PROVIDE (_end = .)
                0x20000580                        . = (. + _Min_Heap_Size)
 *fill*         0x20000380      0x200 
                0x20000980                        . = (. + _Min_Stack_Size)
 *fill*         0x20000580      0x400 
                0x20000980                        . = ALIGN (0x8)

/DISCARD/
 libc.a(*)
 libm.a(*)
 libgcc.a(*)

.ARM.attributes
                0x00000000       0x29
 *(.ARM.attributes)
 .ARM.attributes
                0x00000000       0x1d C:/ST/STM32CubeIDE_1.17.0/STM32CubeIDE/plugins/com.st.stm32cube.ide.mcu.externaltools.gnu-tools-for-stm32.13.3.rel1.win32_1.0.0.202411081344/tools/bin/../lib/gcc/arm-none-eabi/13.3.1/thumb/v7-m/nofp/crti.o
 .ARM.attributes
                0x0000001d       0x2d C:/ST/STM32CubeIDE_1.17.0/STM32CubeIDE/plugins/com.st.stm32cube.ide.mcu.externaltools.gnu-tools-for-stm32.13.3.rel1.win32_1.0.0.202411081344/tools/bin/../lib/gcc/arm-none-eabi/13.3.1/thumb/v7-m/nofp/crtbegin.o
 .ARM.attributes
                0x0000004a       0x2d ./Core/Src/main.o
 .ARM.attributes
                0x00000077       0x2d ./Core/Src/stm32f1xx_hal_msp.o
 .ARM.attributes
                0x000000a4       0x2d ./Core/Src/stm32f1xx_it.o
 .ARM.attributes
                0x000000d1       0x2d ./Core/Src/sysmem.o
 .ARM.attributes
                0x000000fe       0x2d ./Core/Src/system_stm32f1xx.o
 .ARM.attributes
                0x0000012b       0x21 ./Core/Startup/startup_stm32f103c6tx.o
 .ARM.attributes
                0x0000014c       0x2d ./Drivers/STM32F1xx_HAL_Driver/Src/stm32f1xx_hal.o
 .ARM.attributes
                0x00000179       0x2d ./Drivers/STM32F1xx_HAL_Driver/Src/stm32f1xx_hal_adc.o
 .ARM.attributes
                0x000001a6       0x2d ./Drivers/STM32F1xx_HAL_Driver/Src/stm32f1xx_hal_cortex.o
 .ARM.attributes
                0x000001d3       0x2d ./Drivers/STM32F1xx_HAL_Driver/Src/stm32f1xx_hal_gpio.o
 .ARM.attributes
                0x00000200       0x2d ./Drivers/STM32F1xx_HAL_Driver/Src/stm32f1xx_hal_pwr.o
 .ARM.attributes
                0x0000022d       0x2d ./Drivers/STM32F1xx_HAL_Driver/Src/stm32f1xx_hal_rcc.o
 .ARM.attributes
                0x0000025a       0x2d ./Drivers/STM32F1xx_HAL_Driver/Src/stm32f1xx_hal_rcc_ex.o
 .ARM.attributes
                0x00000287       0x2d ./Drivers/STM32F1xx_HAL_Driver/Src/stm32f1xx_hal_rtc.o
 .ARM.attributes
                0x000002b4       0x2d ./Drivers/STM32F1xx_HAL_Driver/Src/stm32f1xx_hal_rtc_ex.o
 .ARM.attributes
                0x000002e1       0x2d ./Drivers/STM32F1xx_HAL_Driver/Src/stm32f1xx_hal_spi.o
 .ARM.attributes
                0x0000030e       0x2d ./Drivers/STM32F1xx_HAL_Driver/Src/stm32f1xx_hal_tim.o
 .ARM.attributes
                0x0000033b       0x2d ./Drivers/STM32F1xx_HAL_Driver/Src/stm32f1xx_hal_tim_ex.o
 .ARM.attributes
                0x00000368       0x2d ./Drivers/STM32F1xx_HAL_Driver/Src/stm32f1xx_hal_uart.o
 .ARM.attributes
                0x00000395       0x2d ./Shared/AlarmReset.o
 .ARM.attributes
                0x000003c2       0x2d ./Shared/BatteryLevel.o
 .ARM.attributes
                0x000003ef       0x2d ./Shared/DebugLog.o
 .ARM.attributes
                0x0000041c       0x2d ./Shared/Delay_ns.o
 .ARM.attributes
                0x00000449       0x2d ./Shared/InfraSensor.o
 .ARM.attributes
                0x00000476       0x2d ./Shared/LoRa.o
 .ARM.attributes
                0x000004a3       0x2d ./Shared/LoraSender.o
 .ARM.attributes
                0x000004d0       0x2d ./Shared/SerialNumber.o
 .ARM.attributes
                0x000004fd       0x2d C:/ST/STM32CubeIDE_1.17.0/STM32CubeIDE/plugins/com.st.stm32cube.ide.mcu.externaltools.gnu-tools-for-stm32.13.3.rel1.win32_1.0.0.202411081344/tools/bin/../lib/gcc/arm-none-eabi/13.3.1/../../../../arm-none-eabi/lib/thumb/v7-m/nofp\libc_nano.a(libc_a-findfp.o)
 .ARM.attributes
                0x0000052a       0x2d C:/ST/STM32CubeIDE_1.17.0/STM32CubeIDE/plugins/com.st.stm32cube.ide.mcu.externaltools.gnu-tools-for-stm32.13.3.rel1.win32_1.0.0.202411081344/tools/bin/../lib/gcc/arm-none-eabi/13.3.1/../../../../arm-none-eabi/lib/thumb/v7-m/nofp\libc_nano.a(libc_a-snprintf.o)
 .ARM.attributes
                0x00000557       0x2d C:/ST/STM32CubeIDE_1.17.0/STM32CubeIDE/plugins/com.st.stm32cube.ide.mcu.externaltools.gnu-tools-for-stm32.13.3.rel1.win32_1.0.0.202411081344/tools/bin/../lib/gcc/arm-none-eabi/13.3.1/../../../../arm-none-eabi/lib/thumb/v7-m/nofp\libc_nano.a(libc_a-vsnprintf.o)
 .ARM.attributes
                0x00000584       0x2d C:/ST/STM32CubeIDE_1.17.0/STM32CubeIDE/plugins/com.st.stm32cube.ide.mcu.externaltools.gnu-tools-for-stm32.13.3.rel1.win32_1.0.0.202411081344/tools/bin/../lib/gcc/arm-none-eabi/13.3.1/../../../../arm-none-eabi/lib/thumb/v7-m/nofp\libc_nano.a(libc_a-memset.o)
 .ARM.attributes
                0x000005b1       0x2d C:/ST/STM32CubeIDE_1.17.0/STM32CubeIDE/plugins/com.st.stm32cube.ide.mcu.externaltools.gnu-tools-for-stm32.13.3.rel1.win32_1.0.0.202411081344/tools/bin/../lib/gcc/arm-none-eabi/13.3.1/../../../../arm-none-eabi/lib/thumb/v7-m/nofp\libc_nano.a(libc_a-reent.o)
 .ARM.attributes
                0x000005de       0x2d C:/ST/STM32CubeIDE_1.17.0/STM32CubeIDE/plugins/com.st.stm32cube.ide.mcu.externaltools.gnu-tools-for-stm32.13.3.rel1.win32_1.0.0.202411081344/tools/bin/../lib/gcc/arm-none-eabi/13.3.1/../../../../arm-none-eabi/lib/thumb/v7-m/nofp\libc_nano.a(libc_a-impure.o)
 .ARM.attributes
                0x0000060b       0x2d C:/ST/STM32CubeIDE_1.17.0/STM32CubeIDE/plugins/com.st.stm32cube.ide.mcu.externaltools.gnu-tools-for-stm32.13.3.rel1.win32_1.0.0.202411081344/tools/bin/../lib/gcc/arm-none-eabi/13.3.1/../../../../arm-none-eabi/lib/thumb/v7-m/nofp\libc_nano.a(libc_a-errno.o)
 .ARM.attributes
                0x00000638       0x2d C:/ST/STM32CubeIDE_1.17.0/STM32CubeIDE/plugins/com.st.stm32cube.ide.mcu.externaltools.gnu-tools-for-stm32.13.3.rel1.win32_1.0.0.202411081344/tools/bin/../lib/gcc/arm-none-eabi/13.3.1/../../../../arm-none-eabi/lib/thumb/v7-m/nofp\libc_nano.a(libc_a-init.o)
 .ARM.attributes
                0x00000665       0x2d C:/ST/STM32CubeIDE_1.17.0/STM32CubeIDE/plugins/com.st.stm32cube.ide.mcu.externaltools.gnu-tools-for-stm32.13.3.rel1.win32_1.0.0.202411081344/tools/bin/../lib/gcc/arm-none-eabi/13.3.1/../../../../arm-none-eabi/lib/thumb/v7-m/nofp\libc_nano.a(libc_a-lock.o)
 .ARM.attributes
                0x00000692       0x2d C:/ST/STM32CubeIDE_1.17.0/STM32CubeIDE/plugins/com.st.stm32cube.ide.mcu.externaltools.gnu-tools-for-stm32.13.3.rel1.win32_1.0.0.202411081344/tools/bin/../lib/gcc/arm-none-eabi/13.3.1/../../../../arm-none-eabi/lib/thumb/v7-m/nofp\libc_nano.a(libc_a-memcpy-stub.o)
 .ARM.attributes
                0x000006bf       0x17 C:/ST/STM32CubeIDE_1.17.0/STM32CubeIDE/plugins/com.st.stm32cube.ide.mcu.externaltools.gnu-tools-for-stm32.13.3.rel1.win32_1.0.0.202411081344/tools/bin/../lib/gcc/arm-none-eabi/13.3.1/../../../../arm-none-eabi/lib/thumb/v7-m/nofp\libc_nano.a(libc_a-strlen.o)
 .ARM.attributes
                0x000006d6       0x2d C:/ST/STM32CubeIDE_1.17.0/STM32CubeIDE/plugins/com.st.stm32cube.ide.mcu.externaltools.gnu-tools-for-stm32.13.3.rel1.win32_1.0.0.202411081344/tools/bin/../lib/gcc/arm-none-eabi/13.3.1/../../../../arm-none-eabi/lib/thumb/v7-m/nofp\libc_nano.a(libc_a-freer.o)
 .ARM.attributes
                0x00000703       0x2d C:/ST/STM32CubeIDE_1.17.0/STM32CubeIDE/plugins/com.st.stm32cube.ide.mcu.externaltools.gnu-tools-for-stm32.13.3.rel1.win32_1.0.0.202411081344/tools/bin/../lib/gcc/arm-none-eabi/13.3.1/../../../../arm-none-eabi/lib/thumb/v7-m/nofp\libc_nano.a(libc_a-mallocr.o)
 .ARM.attributes
                0x00000730       0x2d C:/ST/STM32CubeIDE_1.17.0/STM32CubeIDE/plugins/com.st.stm32cube.ide.mcu.externaltools.gnu-tools-for-stm32.13.3.rel1.win32_1.0.0.202411081344/tools/bin/../lib/gcc/arm-none-eabi/13.3.1/../../../../arm-none-eabi/lib/thumb/v7-m/nofp\libc_nano.a(libc_a-mlock.o)
 .ARM.attributes
                0x0000075d       0x2d C:/ST/STM32CubeIDE_1.17.0/STM32CubeIDE/plugins/com.st.stm32cube.ide.mcu.externaltools.gnu-tools-for-stm32.13.3.rel1.win32_1.0.0.202411081344/tools/bin/../lib/gcc/arm-none-eabi/13.3.1/../../../../arm-none-eabi/lib/thumb/v7-m/nofp\libc_nano.a(libc_a-nano-svfprintf.o)
 .ARM.attributes
                0x0000078a       0x2d C:/ST/STM32CubeIDE_1.17.0/STM32CubeIDE/plugins/com.st.stm32cube.ide.mcu.externaltools.gnu-tools-for-stm32.13.3.rel1.win32_1.0.0.202411081344/tools/bin/../lib/gcc/arm-none-eabi/13.3.1/../../../../arm-none-eabi/lib/thumb/v7-m/nofp\libc_nano.a(libc_a-nano-vfprintf_i.o)
 .ARM.attributes
                0x000007b7       0x2d C:/ST/STM32CubeIDE_1.17.0/STM32CubeIDE/plugins/com.st.stm32cube.ide.mcu.externaltools.gnu-tools-for-stm32.13.3.rel1.win32_1.0.0.202411081344/tools/bin/../lib/gcc/arm-none-eabi/13.3.1/../../../../arm-none-eabi/lib/thumb/v7-m/nofp\libc_nano.a(libc_a-memmove.o)
 .ARM.attributes
                0x000007e4       0x2d C:/ST/STM32CubeIDE_1.17.0/STM32CubeIDE/plugins/com.st.stm32cube.ide.mcu.externaltools.gnu-tools-for-stm32.13.3.rel1.win32_1.0.0.202411081344/tools/bin/../lib/gcc/arm-none-eabi/13.3.1/../../../../arm-none-eabi/lib/thumb/v7-m/nofp\libc_nano.a(libc_a-sbrkr.o)
 .ARM.attributes
                0x00000811       0x2d C:/ST/STM32CubeIDE_1.17.0/STM32CubeIDE/plugins/com.st.stm32cube.ide.mcu.externaltools.gnu-tools-for-stm32.13.3.rel1.win32_1.0.0.202411081344/tools/bin/../lib/gcc/arm-none-eabi/13.3.1/../../../../arm-none-eabi/lib/thumb/v7-m/nofp\libc_nano.a(libc_a-memchr-stub.o)
 .ARM.attributes
                0x0000083e       0x2d C:/ST/STM32CubeIDE_1.17.0/STM32CubeIDE/plugins/com.st.stm32cube.ide.mcu.externaltools.gnu-tools-for-stm32.13.3.rel1.win32_1.0.0.202411081344/tools/bin/../lib/gcc/arm-none-eabi/13.3.1/../../../../arm-none-eabi/lib/thumb/v7-m/nofp\libc_nano.a(libc_a-reallocr.o)
 .ARM.attributes
                0x0000086b       0x2d C:/ST/STM32CubeIDE_1.17.0/STM32CubeIDE/plugins/com.st.stm32cube.ide.mcu.externaltools.gnu-tools-for-stm32.13.3.rel1.win32_1.0.0.202411081344/tools/bin/../lib/gcc/arm-none-eabi/13.3.1/../../../../arm-none-eabi/lib/thumb/v7-m/nofp\libc_nano.a(libc_a-msizer.o)
 .ARM.attributes
                0x00000898       0x1d C:/ST/STM32CubeIDE_1.17.0/STM32CubeIDE/plugins/com.st.stm32cube.ide.mcu.externaltools.gnu-tools-for-stm32.13.3.rel1.win32_1.0.0.202411081344/tools/bin/../lib/gcc/arm-none-eabi/13.3.1/thumb/v7-m/nofp\libgcc.a(_arm_addsubdf3.o)
 .ARM.attributes
                0x000008b5       0x1d C:/ST/STM32CubeIDE_1.17.0/STM32CubeIDE/plugins/com.st.stm32cube.ide.mcu.externaltools.gnu-tools-for-stm32.13.3.rel1.win32_1.0.0.202411081344/tools/bin/../lib/gcc/arm-none-eabi/13.3.1/thumb/v7-m/nofp\libgcc.a(_arm_muldivdf3.o)
 .ARM.attributes
                0x000008d2       0x1d C:/ST/STM32CubeIDE_1.17.0/STM32CubeIDE/plugins/com.st.stm32cube.ide.mcu.externaltools.gnu-tools-for-stm32.13.3.rel1.win32_1.0.0.202411081344/tools/bin/../lib/gcc/arm-none-eabi/13.3.1/thumb/v7-m/nofp\libgcc.a(_arm_fixdfsi.o)
 .ARM.attributes
                0x000008ef       0x1d C:/ST/STM32CubeIDE_1.17.0/STM32CubeIDE/plugins/com.st.stm32cube.ide.mcu.externaltools.gnu-tools-for-stm32.13.3.rel1.win32_1.0.0.202411081344/tools/bin/../lib/gcc/arm-none-eabi/13.3.1/thumb/v7-m/nofp\libgcc.a(_arm_addsubsf3.o)
 .ARM.attributes
                0x0000090c       0x1d C:/ST/STM32CubeIDE_1.17.0/STM32CubeIDE/plugins/com.st.stm32cube.ide.mcu.externaltools.gnu-tools-for-stm32.13.3.rel1.win32_1.0.0.202411081344/tools/bin/../lib/gcc/arm-none-eabi/13.3.1/thumb/v7-m/nofp\libgcc.a(_arm_muldivsf3.o)
 .ARM.attributes
                0x00000929       0x1d C:/ST/STM32CubeIDE_1.17.0/STM32CubeIDE/plugins/com.st.stm32cube.ide.mcu.externaltools.gnu-tools-for-stm32.13.3.rel1.win32_1.0.0.202411081344/tools/bin/../lib/gcc/arm-none-eabi/13.3.1/thumb/v7-m/nofp\libgcc.a(_arm_cmpsf2.o)
 .ARM.attributes
                0x00000946       0x1d C:/ST/STM32CubeIDE_1.17.0/STM32CubeIDE/plugins/com.st.stm32cube.ide.mcu.externaltools.gnu-tools-for-stm32.13.3.rel1.win32_1.0.0.202411081344/tools/bin/../lib/gcc/arm-none-eabi/13.3.1/thumb/v7-m/nofp\libgcc.a(_arm_fixunssfsi.o)
 .ARM.attributes
                0x00000963       0x1d C:/ST/STM32CubeIDE_1.17.0/STM32CubeIDE/plugins/com.st.stm32cube.ide.mcu.externaltools.gnu-tools-for-stm32.13.3.rel1.win32_1.0.0.202411081344/tools/bin/../lib/gcc/arm-none-eabi/13.3.1/thumb/v7-m/nofp/crtn.o
OUTPUT(FlameSensorSender.elf elf32-littlearm)
LOAD linker stubs
LOAD C:/ST/STM32CubeIDE_1.17.0/STM32CubeIDE/plugins/com.st.stm32cube.ide.mcu.externaltools.gnu-tools-for-stm32.13.3.rel1.win32_1.0.0.202411081344/tools/bin/../lib/gcc/arm-none-eabi/13.3.1/../../../../arm-none-eabi/lib/thumb/v7-m/nofp\libc.a
LOAD C:/ST/STM32CubeIDE_1.17.0/STM32CubeIDE/plugins/com.st.stm32cube.ide.mcu.externaltools.gnu-tools-for-stm32.13.3.rel1.win32_1.0.0.202411081344/tools/bin/../lib/gcc/arm-none-eabi/13.3.1/../../../../arm-none-eabi/lib/thumb/v7-m/nofp\libm.a
LOAD C:/ST/STM32CubeIDE_1.17.0/STM32CubeIDE/plugins/com.st.stm32cube.ide.mcu.externaltools.gnu-tools-for-stm32.13.3.rel1.win32_1.0.0.202411081344/tools/bin/../lib/gcc/arm-none-eabi/13.3.1/thumb/v7-m/nofp\libgcc.a

.debug_info     0x00000000    0x13386
 .debug_info    0x00000000     0x1919 ./Core/Src/main.o
 .debug_info    0x00001919     0x1506 ./Core/Src/stm32f1xx_hal_msp.o
 .debug_info    0x00002e1f      0x32e ./Core/Src/stm32f1xx_it.o
 .debug_info    0x0000314d      0x168 ./Core/Src/sysmem.o
 .debug_info    0x000032b5      0x222 ./Core/Src/system_stm32f1xx.o
 .debug_info    0x000034d7       0x30 ./Core/Startup/startup_stm32f103c6tx.o
 .debug_info    0x00003507      0x6e6 ./Drivers/STM32F1xx_HAL_Driver/Src/stm32f1xx_hal.o
 .debug_info    0x00003bed      0xc50 ./Drivers/STM32F1xx_HAL_Driver/Src/stm32f1xx_hal_adc.o
 .debug_info    0x0000483d      0xa69 ./Drivers/STM32F1xx_HAL_Driver/Src/stm32f1xx_hal_cortex.o
 .debug_info    0x000052a6      0x5ab ./Drivers/STM32F1xx_HAL_Driver/Src/stm32f1xx_hal_gpio.o
 .debug_info    0x00005851      0x628 ./Drivers/STM32F1xx_HAL_Driver/Src/stm32f1xx_hal_pwr.o
 .debug_info    0x00005e79      0x7d5 ./Drivers/STM32F1xx_HAL_Driver/Src/stm32f1xx_hal_rcc.o
 .debug_info    0x0000664e      0x3c0 ./Drivers/STM32F1xx_HAL_Driver/Src/stm32f1xx_hal_rcc_ex.o
 .debug_info    0x00006a0e      0xc73 ./Drivers/STM32F1xx_HAL_Driver/Src/stm32f1xx_hal_rtc.o
 .debug_info    0x00007681      0x6a7 ./Drivers/STM32F1xx_HAL_Driver/Src/stm32f1xx_hal_rtc_ex.o
 .debug_info    0x00007d28     0x142d ./Drivers/STM32F1xx_HAL_Driver/Src/stm32f1xx_hal_spi.o
 .debug_info    0x00009155     0x2959 ./Drivers/STM32F1xx_HAL_Driver/Src/stm32f1xx_hal_tim.o
 .debug_info    0x0000baae     0x149b ./Drivers/STM32F1xx_HAL_Driver/Src/stm32f1xx_hal_tim_ex.o
 .debug_info    0x0000cf49     0x2eed ./Drivers/STM32F1xx_HAL_Driver/Src/stm32f1xx_hal_uart.o
 .debug_info    0x0000fe36      0x3de ./Shared/AlarmReset.o
 .debug_info    0x00010214      0x679 ./Shared/BatteryLevel.o
 .debug_info    0x0001088d      0x6dc ./Shared/DebugLog.o
 .debug_info    0x00010f69      0x660 ./Shared/Delay_ns.o
 .debug_info    0x000115c9      0x712 ./Shared/InfraSensor.o
 .debug_info    0x00011cdb      0xdf3 ./Shared/LoRa.o
 .debug_info    0x00012ace      0x77a ./Shared/LoraSender.o
 .debug_info    0x00013248      0x13e ./Shared/SerialNumber.o

.debug_abbrev   0x00000000     0x341e
 .debug_abbrev  0x00000000      0x2e2 ./Core/Src/main.o
 .debug_abbrev  0x000002e2      0x24e ./Core/Src/stm32f1xx_hal_msp.o
 .debug_abbrev  0x00000530      0x14a ./Core/Src/stm32f1xx_it.o
 .debug_abbrev  0x0000067a       0xbc ./Core/Src/sysmem.o
 .debug_abbrev  0x00000736      0x13f ./Core/Src/system_stm32f1xx.o
 .debug_abbrev  0x00000875       0x24 ./Core/Startup/startup_stm32f103c6tx.o
 .debug_abbrev  0x00000899      0x201 ./Drivers/STM32F1xx_HAL_Driver/Src/stm32f1xx_hal.o
 .debug_abbrev  0x00000a9a      0x225 ./Drivers/STM32F1xx_HAL_Driver/Src/stm32f1xx_hal_adc.o
 .debug_abbrev  0x00000cbf      0x2f8 ./Drivers/STM32F1xx_HAL_Driver/Src/stm32f1xx_hal_cortex.o
 .debug_abbrev  0x00000fb7      0x1ca ./Drivers/STM32F1xx_HAL_Driver/Src/stm32f1xx_hal_gpio.o
 .debug_abbrev  0x00001181      0x1f6 ./Drivers/STM32F1xx_HAL_Driver/Src/stm32f1xx_hal_pwr.o
 .debug_abbrev  0x00001377      0x2b3 ./Drivers/STM32F1xx_HAL_Driver/Src/stm32f1xx_hal_rcc.o
 .debug_abbrev  0x0000162a      0x188 ./Drivers/STM32F1xx_HAL_Driver/Src/stm32f1xx_hal_rcc_ex.o
 .debug_abbrev  0x000017b2      0x23a ./Drivers/STM32F1xx_HAL_Driver/Src/stm32f1xx_hal_rtc.o
 .debug_abbrev  0x000019ec      0x22b ./Drivers/STM32F1xx_HAL_Driver/Src/stm32f1xx_hal_rtc_ex.o
 .debug_abbrev  0x00001c17      0x27a ./Drivers/STM32F1xx_HAL_Driver/Src/stm32f1xx_hal_spi.o
 .debug_abbrev  0x00001e91      0x277 ./Drivers/STM32F1xx_HAL_Driver/Src/stm32f1xx_hal_tim.o
 .debug_abbrev  0x00002108      0x282 ./Drivers/STM32F1xx_HAL_Driver/Src/stm32f1xx_hal_tim_ex.o
 .debug_abbrev  0x0000238a      0x2f8 ./Drivers/STM32F1xx_HAL_Driver/Src/stm32f1xx_hal_uart.o
 .debug_abbrev  0x00002682      0x183 ./Shared/AlarmReset.o
 .debug_abbrev  0x00002805      0x1ce ./Shared/BatteryLevel.o
 .debug_abbrev  0x000029d3      0x1f4 ./Shared/DebugLog.o
 .debug_abbrev  0x00002bc7      0x176 ./Shared/Delay_ns.o
 .debug_abbrev  0x00002d3d      0x1d9 ./Shared/InfraSensor.o
 .debug_abbrev  0x00002f16      0x28a ./Shared/LoRa.o
 .debug_abbrev  0x000031a0      0x1ad ./Shared/LoraSender.o
 .debug_abbrev  0x0000334d       0xd1 ./Shared/SerialNumber.o

.debug_aranges  0x00000000     0x1298
 .debug_aranges
                0x00000000       0x68 ./Core/Src/main.o
 .debug_aranges
                0x00000068       0x70 ./Core/Src/stm32f1xx_hal_msp.o
 .debug_aranges
                0x000000d8       0x68 ./Core/Src/stm32f1xx_it.o
 .debug_aranges
                0x00000140       0x20 ./Core/Src/sysmem.o
 .debug_aranges
                0x00000160       0x28 ./Core/Src/system_stm32f1xx.o
 .debug_aranges
                0x00000188       0x28 ./Core/Startup/startup_stm32f103c6tx.o
 .debug_aranges
                0x000001b0       0xe0 ./Drivers/STM32F1xx_HAL_Driver/Src/stm32f1xx_hal.o
 .debug_aranges
                0x00000290       0xf0 ./Drivers/STM32F1xx_HAL_Driver/Src/stm32f1xx_hal_adc.o
 .debug_aranges
                0x00000380      0x100 ./Drivers/STM32F1xx_HAL_Driver/Src/stm32f1xx_hal_cortex.o
 .debug_aranges
                0x00000480       0x58 ./Drivers/STM32F1xx_HAL_Driver/Src/stm32f1xx_hal_gpio.o
 .debug_aranges
                0x000004d8       0xa8 ./Drivers/STM32F1xx_HAL_Driver/Src/stm32f1xx_hal_pwr.o
 .debug_aranges
                0x00000580       0x90 ./Drivers/STM32F1xx_HAL_Driver/Src/stm32f1xx_hal_rcc.o
 .debug_aranges
                0x00000610       0x30 ./Drivers/STM32F1xx_HAL_Driver/Src/stm32f1xx_hal_rcc_ex.o
 .debug_aranges
                0x00000640       0xf8 ./Drivers/STM32F1xx_HAL_Driver/Src/stm32f1xx_hal_rtc.o
 .debug_aranges
                0x00000738       0x88 ./Drivers/STM32F1xx_HAL_Driver/Src/stm32f1xx_hal_rtc_ex.o
 .debug_aranges
                0x000007c0      0x1d0 ./Drivers/STM32F1xx_HAL_Driver/Src/stm32f1xx_hal_spi.o
 .debug_aranges
                0x00000990      0x3d0 ./Drivers/STM32F1xx_HAL_Driver/Src/stm32f1xx_hal_tim.o
 .debug_aranges
                0x00000d60      0x168 ./Drivers/STM32F1xx_HAL_Driver/Src/stm32f1xx_hal_tim_ex.o
 .debug_aranges
                0x00000ec8      0x208 ./Drivers/STM32F1xx_HAL_Driver/Src/stm32f1xx_hal_uart.o
 .debug_aranges
                0x000010d0       0x20 ./Shared/AlarmReset.o
 .debug_aranges
                0x000010f0       0x28 ./Shared/BatteryLevel.o
 .debug_aranges
                0x00001118       0x28 ./Shared/DebugLog.o
 .debug_aranges
                0x00001140       0x20 ./Shared/Delay_ns.o
 .debug_aranges
                0x00001160       0x28 ./Shared/InfraSensor.o
 .debug_aranges
                0x00001188       0xc8 ./Shared/LoRa.o
 .debug_aranges
                0x00001250       0x28 ./Shared/LoraSender.o
 .debug_aranges
                0x00001278       0x20 ./Shared/SerialNumber.o

.debug_rnglists
                0x00000000      0xe52
 .debug_rnglists
                0x00000000       0x4e ./Core/Src/main.o
 .debug_rnglists
                0x0000004e       0x52 ./Core/Src/stm32f1xx_hal_msp.o
 .debug_rnglists
                0x000000a0       0x49 ./Core/Src/stm32f1xx_it.o
 .debug_rnglists
                0x000000e9       0x13 ./Core/Src/sysmem.o
 .debug_rnglists
                0x000000fc       0x1a ./Core/Src/system_stm32f1xx.o
 .debug_rnglists
                0x00000116       0x19 ./Core/Startup/startup_stm32f103c6tx.o
 .debug_rnglists
                0x0000012f       0xa3 ./Drivers/STM32F1xx_HAL_Driver/Src/stm32f1xx_hal.o
 .debug_rnglists
                0x000001d2       0xbc ./Drivers/STM32F1xx_HAL_Driver/Src/stm32f1xx_hal_adc.o
 .debug_rnglists
                0x0000028e       0xbb ./Drivers/STM32F1xx_HAL_Driver/Src/stm32f1xx_hal_cortex.o
 .debug_rnglists
                0x00000349       0x3f ./Drivers/STM32F1xx_HAL_Driver/Src/stm32f1xx_hal_gpio.o
 .debug_rnglists
                0x00000388       0x7a ./Drivers/STM32F1xx_HAL_Driver/Src/stm32f1xx_hal_pwr.o
 .debug_rnglists
                0x00000402       0x6c ./Drivers/STM32F1xx_HAL_Driver/Src/stm32f1xx_hal_rcc.o
 .debug_rnglists
                0x0000046e       0x21 ./Drivers/STM32F1xx_HAL_Driver/Src/stm32f1xx_hal_rcc_ex.o
 .debug_rnglists
                0x0000048f       0xc1 ./Drivers/STM32F1xx_HAL_Driver/Src/stm32f1xx_hal_rtc.o
 .debug_rnglists
                0x00000550       0x63 ./Drivers/STM32F1xx_HAL_Driver/Src/stm32f1xx_hal_rtc_ex.o
 .debug_rnglists
                0x000005b3      0x16e ./Drivers/STM32F1xx_HAL_Driver/Src/stm32f1xx_hal_spi.o
 .debug_rnglists
                0x00000721      0x31a ./Drivers/STM32F1xx_HAL_Driver/Src/stm32f1xx_hal_tim.o
 .debug_rnglists
                0x00000a3b      0x125 ./Drivers/STM32F1xx_HAL_Driver/Src/stm32f1xx_hal_tim_ex.o
 .debug_rnglists
                0x00000b60      0x1bc ./Drivers/STM32F1xx_HAL_Driver/Src/stm32f1xx_hal_uart.o
 .debug_rnglists
                0x00000d1c       0x13 ./Shared/AlarmReset.o
 .debug_rnglists
                0x00000d2f       0x1b ./Shared/BatteryLevel.o
 .debug_rnglists
                0x00000d4a       0x19 ./Shared/DebugLog.o
 .debug_rnglists
                0x00000d63       0x13 ./Shared/Delay_ns.o
 .debug_rnglists
                0x00000d76       0x1a ./Shared/InfraSensor.o
 .debug_rnglists
                0x00000d90       0x96 ./Shared/LoRa.o
 .debug_rnglists
                0x00000e26       0x19 ./Shared/LoraSender.o
 .debug_rnglists
                0x00000e3f       0x13 ./Shared/SerialNumber.o

.debug_macro    0x00000000    0x1a550
 .debug_macro   0x00000000      0x304 ./Core/Src/main.o
 .debug_macro   0x00000304      0xacc ./Core/Src/main.o
 .debug_macro   0x00000dd0      0x22d ./Core/Src/main.o
 .debug_macro   0x00000ffd       0x2e ./Core/Src/main.o
 .debug_macro   0x0000102b       0x22 ./Core/Src/main.o
 .debug_macro   0x0000104d       0x22 ./Core/Src/main.o
 .debug_macro   0x0000106f       0x8e ./Core/Src/main.o
 .debug_macro   0x000010fd       0x51 ./Core/Src/main.o
 .debug_macro   0x0000114e      0x103 ./Core/Src/main.o
 .debug_macro   0x00001251       0x6a ./Core/Src/main.o
 .debug_macro   0x000012bb      0x1df ./Core/Src/main.o
 .debug_macro   0x0000149a       0x1c ./Core/Src/main.o
 .debug_macro   0x000014b6       0x22 ./Core/Src/main.o
 .debug_macro   0x000014d8       0xbd ./Core/Src/main.o
 .debug_macro   0x00001595      0xd23 ./Core/Src/main.o
 .debug_macro   0x000022b8     0xde75 ./Core/Src/main.o
 .debug_macro   0x0001012d       0x6d ./Core/Src/main.o
 .debug_macro   0x0001019a     0x34a2 ./Core/Src/main.o
 .debug_macro   0x0001363c      0x190 ./Core/Src/main.o
 .debug_macro   0x000137cc       0x5c ./Core/Src/main.o
 .debug_macro   0x00013828      0x5bc ./Core/Src/main.o
 .debug_macro   0x00013de4      0x1b7 ./Core/Src/main.o
 .debug_macro   0x00013f9b      0x1cb ./Core/Src/main.o
 .debug_macro   0x00014166      0x114 ./Core/Src/main.o
 .debug_macro   0x0001427a      0x1b2 ./Core/Src/main.o
 .debug_macro   0x0001442c       0x27 ./Core/Src/main.o
 .debug_macro   0x00014453      0x12f ./Core/Src/main.o
 .debug_macro   0x00014582      0x1bc ./Core/Src/main.o
 .debug_macro   0x0001473e       0x34 ./Core/Src/main.o
 .debug_macro   0x00014772       0x3c ./Core/Src/main.o
 .debug_macro   0x000147ae       0x57 ./Core/Src/main.o
 .debug_macro   0x00014805      0x46a ./Core/Src/main.o
 .debug_macro   0x00014c6f      0x1b5 ./Core/Src/main.o
 .debug_macro   0x00014e24       0x87 ./Core/Src/main.o
 .debug_macro   0x00014eab      0x183 ./Core/Src/main.o
 .debug_macro   0x0001502e      0x140 ./Core/Src/main.o
 .debug_macro   0x0001516e      0x1ef ./Core/Src/main.o
 .debug_macro   0x0001535d       0xeb ./Core/Src/main.o
 .debug_macro   0x00015448      0x217 ./Core/Src/main.o
 .debug_macro   0x0001565f      0x8ed ./Core/Src/main.o
 .debug_macro   0x00015f4c      0x28e ./Core/Src/main.o
 .debug_macro   0x000161da       0x69 ./Core/Src/main.o
 .debug_macro   0x00016243       0x70 ./Core/Src/main.o
 .debug_macro   0x000162b3       0x61 ./Core/Src/main.o
 .debug_macro   0x00016314       0x24 ./Core/Src/main.o
 .debug_macro   0x00016338       0x43 ./Core/Src/main.o
 .debug_macro   0x0001637b       0x34 ./Core/Src/main.o
 .debug_macro   0x000163af       0x16 ./Core/Src/main.o
 .debug_macro   0x000163c5       0x3c ./Core/Src/main.o
 .debug_macro   0x00016401      0x370 ./Core/Src/main.o
 .debug_macro   0x00016771       0x10 ./Core/Src/main.o
 .debug_macro   0x00016781       0x16 ./Core/Src/main.o
 .debug_macro   0x00016797       0x4a ./Core/Src/main.o
 .debug_macro   0x000167e1       0x34 ./Core/Src/main.o
 .debug_macro   0x00016815       0x10 ./Core/Src/main.o
 .debug_macro   0x00016825       0x58 ./Core/Src/main.o
 .debug_macro   0x0001687d       0x8e ./Core/Src/main.o
 .debug_macro   0x0001690b       0x1c ./Core/Src/main.o
 .debug_macro   0x00016927      0x185 ./Core/Src/main.o
 .debug_macro   0x00016aac       0x16 ./Core/Src/main.o
 .debug_macro   0x00016ac2       0x16 ./Core/Src/main.o
 .debug_macro   0x00016ad8      0x146 ./Core/Src/main.o
 .debug_macro   0x00016c1e      0x1e2 ./Core/Src/stm32f1xx_hal_msp.o
 .debug_macro   0x00016e00      0x1ec ./Core/Src/stm32f1xx_it.o
 .debug_macro   0x00016fec      0x112 ./Core/Src/sysmem.o
 .debug_macro   0x000170fe      0x23c ./Core/Src/sysmem.o
 .debug_macro   0x0001733a      0x1d3 ./Core/Src/system_stm32f1xx.o
 .debug_macro   0x0001750d      0x1f7 ./Drivers/STM32F1xx_HAL_Driver/Src/stm32f1xx_hal.o
 .debug_macro   0x00017704      0x1f0 ./Drivers/STM32F1xx_HAL_Driver/Src/stm32f1xx_hal_adc.o
 .debug_macro   0x000178f4      0x1d3 ./Drivers/STM32F1xx_HAL_Driver/Src/stm32f1xx_hal_cortex.o
 .debug_macro   0x00017ac7      0x23e ./Drivers/STM32F1xx_HAL_Driver/Src/stm32f1xx_hal_gpio.o
 .debug_macro   0x00017d05      0x233 ./Drivers/STM32F1xx_HAL_Driver/Src/stm32f1xx_hal_pwr.o
 .debug_macro   0x00017f38      0x1e5 ./Drivers/STM32F1xx_HAL_Driver/Src/stm32f1xx_hal_rcc.o
 .debug_macro   0x0001811d      0x1d3 ./Drivers/STM32F1xx_HAL_Driver/Src/stm32f1xx_hal_rcc_ex.o
 .debug_macro   0x000182f0      0x1e2 ./Drivers/STM32F1xx_HAL_Driver/Src/stm32f1xx_hal_rtc.o
 .debug_macro   0x000184d2      0x1d3 ./Drivers/STM32F1xx_HAL_Driver/Src/stm32f1xx_hal_rtc_ex.o
 .debug_macro   0x000186a5      0x1db ./Drivers/STM32F1xx_HAL_Driver/Src/stm32f1xx_hal_spi.o
 .debug_macro   0x00018880      0x1d4 ./Drivers/STM32F1xx_HAL_Driver/Src/stm32f1xx_hal_tim.o
 .debug_macro   0x00018a54      0x1d3 ./Drivers/STM32F1xx_HAL_Driver/Src/stm32f1xx_hal_tim_ex.o
 .debug_macro   0x00018c27      0x1d4 ./Drivers/STM32F1xx_HAL_Driver/Src/stm32f1xx_hal_uart.o
 .debug_macro   0x00018dfb      0x1dd ./Shared/AlarmReset.o
 .debug_macro   0x00018fd8      0x29c ./Shared/BatteryLevel.o
 .debug_macro   0x00019274      0x19b ./Shared/BatteryLevel.o
 .debug_macro   0x0001940f      0x2ed ./Shared/DebugLog.o
 .debug_macro   0x000196fc       0x9e ./Shared/DebugLog.o
 .debug_macro   0x0001979a      0x112 ./Shared/DebugLog.o
 .debug_macro   0x000198ac       0x4c ./Shared/DebugLog.o
 .debug_macro   0x000198f8       0x16 ./Shared/DebugLog.o
 .debug_macro   0x0001990e       0x20 ./Shared/DebugLog.o
 .debug_macro   0x0001992e       0x56 ./Shared/DebugLog.o
 .debug_macro   0x00019984      0x1dd ./Shared/Delay_ns.o
 .debug_macro   0x00019b61      0x1f6 ./Shared/InfraSensor.o
 .debug_macro   0x00019d57      0x1eb ./Shared/LoRa.o
 .debug_macro   0x00019f42      0x172 ./Shared/LoRa.o
 .debug_macro   0x0001a0b4      0x235 ./Shared/LoraSender.o
 .debug_macro   0x0001a2e9       0x76 ./Shared/LoraSender.o
 .debug_macro   0x0001a35f      0x1f1 ./Shared/SerialNumber.o

.debug_line     0x00000000    0x170cb
 .debug_line    0x00000000      0xcba ./Core/Src/main.o
 .debug_line    0x00000cba      0x902 ./Core/Src/stm32f1xx_hal_msp.o
 .debug_line    0x000015bc      0x83c ./Core/Src/stm32f1xx_it.o
 .debug_line    0x00001df8      0x588 ./Core/Src/sysmem.o
 .debug_line    0x00002380      0x7f4 ./Core/Src/system_stm32f1xx.o
 .debug_line    0x00002b74       0x78 ./Core/Startup/startup_stm32f103c6tx.o
 .debug_line    0x00002bec      0xa25 ./Drivers/STM32F1xx_HAL_Driver/Src/stm32f1xx_hal.o
 .debug_line    0x00003611     0x104a ./Drivers/STM32F1xx_HAL_Driver/Src/stm32f1xx_hal_adc.o
 .debug_line    0x0000465b      0xbef ./Drivers/STM32F1xx_HAL_Driver/Src/stm32f1xx_hal_cortex.o
 .debug_line    0x0000524a      0xa6d ./Drivers/STM32F1xx_HAL_Driver/Src/stm32f1xx_hal_gpio.o
 .debug_line    0x00005cb7      0x9c9 ./Drivers/STM32F1xx_HAL_Driver/Src/stm32f1xx_hal_pwr.o
 .debug_line    0x00006680      0xede ./Drivers/STM32F1xx_HAL_Driver/Src/stm32f1xx_hal_rcc.o
 .debug_line    0x0000755e      0x98f ./Drivers/STM32F1xx_HAL_Driver/Src/stm32f1xx_hal_rcc_ex.o
 .debug_line    0x00007eed     0x1234 ./Drivers/STM32F1xx_HAL_Driver/Src/stm32f1xx_hal_rtc.o
 .debug_line    0x00009121      0xa3c ./Drivers/STM32F1xx_HAL_Driver/Src/stm32f1xx_hal_rtc_ex.o
 .debug_line    0x00009b5d     0x1cbc ./Drivers/STM32F1xx_HAL_Driver/Src/stm32f1xx_hal_spi.o
 .debug_line    0x0000b819     0x34ca ./Drivers/STM32F1xx_HAL_Driver/Src/stm32f1xx_hal_tim.o
 .debug_line    0x0000ece3     0x18b9 ./Drivers/STM32F1xx_HAL_Driver/Src/stm32f1xx_hal_tim_ex.o
 .debug_line    0x0001059c     0x2541 ./Drivers/STM32F1xx_HAL_Driver/Src/stm32f1xx_hal_uart.o
 .debug_line    0x00012add      0x7ad ./Shared/AlarmReset.o
 .debug_line    0x0001328a      0x998 ./Shared/BatteryLevel.o
 .debug_line    0x00013c22      0x93f ./Shared/DebugLog.o
 .debug_line    0x00014561      0x79c ./Shared/Delay_ns.o
 .debug_line    0x00014cfd      0x813 ./Shared/InfraSensor.o
 .debug_line    0x00015510      0xc17 ./Shared/LoRa.o
 .debug_line    0x00016127      0x7d8 ./Shared/LoraSender.o
 .debug_line    0x000168ff      0x7cc ./Shared/SerialNumber.o

.debug_str      0x00000000    0x924bb
 .debug_str     0x00000000    0x924bb ./Core/Src/main.o
                              0x8d6be (size before relaxing)
 .debug_str     0x000924bb    0x89cdc ./Core/Src/stm32f1xx_hal_msp.o
 .debug_str     0x000924bb    0x88fcc ./Core/Src/stm32f1xx_it.o
 .debug_str     0x000924bb     0x771f ./Core/Src/sysmem.o
 .debug_str     0x000924bb    0x88c62 ./Core/Src/system_stm32f1xx.o
 .debug_str     0x000924bb       0x79 ./Core/Startup/startup_stm32f103c6tx.o
 .debug_str     0x000924bb    0x8935b ./Drivers/STM32F1xx_HAL_Driver/Src/stm32f1xx_hal.o
 .debug_str     0x000924bb    0x89346 ./Drivers/STM32F1xx_HAL_Driver/Src/stm32f1xx_hal_adc.o
 .debug_str     0x000924bb    0x892a7 ./Drivers/STM32F1xx_HAL_Driver/Src/stm32f1xx_hal_cortex.o
 .debug_str     0x000924bb    0x88fe8 ./Drivers/STM32F1xx_HAL_Driver/Src/stm32f1xx_hal_gpio.o
 .debug_str     0x000924bb    0x89199 ./Drivers/STM32F1xx_HAL_Driver/Src/stm32f1xx_hal_pwr.o
 .debug_str     0x000924bb    0x89091 ./Drivers/STM32F1xx_HAL_Driver/Src/stm32f1xx_hal_rcc.o
 .debug_str     0x000924bb    0x88de1 ./Drivers/STM32F1xx_HAL_Driver/Src/stm32f1xx_hal_rcc_ex.o
 .debug_str     0x000924bb    0x8916d ./Drivers/STM32F1xx_HAL_Driver/Src/stm32f1xx_hal_rtc.o
 .debug_str     0x000924bb    0x88faf ./Drivers/STM32F1xx_HAL_Driver/Src/stm32f1xx_hal_rtc_ex.o
 .debug_str     0x000924bb    0x89588 ./Drivers/STM32F1xx_HAL_Driver/Src/stm32f1xx_hal_spi.o
 .debug_str     0x000924bb    0x8a093 ./Drivers/STM32F1xx_HAL_Driver/Src/stm32f1xx_hal_tim.o
 .debug_str     0x000924bb    0x8989f ./Drivers/STM32F1xx_HAL_Driver/Src/stm32f1xx_hal_tim_ex.o
 .debug_str     0x000924bb    0x89702 ./Drivers/STM32F1xx_HAL_Driver/Src/stm32f1xx_hal_uart.o
 .debug_str     0x000924bb    0x88e1d ./Shared/AlarmReset.o
 .debug_str     0x000924bb    0x8c97a ./Shared/BatteryLevel.o
 .debug_str     0x000924bb    0x8cb5b ./Shared/DebugLog.o
 .debug_str     0x000924bb    0x890ee ./Shared/Delay_ns.o
 .debug_str     0x000924bb    0x89231 ./Shared/InfraSensor.o
 .debug_str     0x000924bb    0x89886 ./Shared/LoRa.o
 .debug_str     0x000924bb    0x896bb ./Shared/LoraSender.o
 .debug_str     0x000924bb    0x88c58 ./Shared/SerialNumber.o

.comment        0x00000000       0x43
 .comment       0x00000000       0x43 ./Core/Src/main.o
                                 0x44 (size before relaxing)
 .comment       0x00000043       0x44 ./Core/Src/stm32f1xx_hal_msp.o
 .comment       0x00000043       0x44 ./Core/Src/stm32f1xx_it.o
 .comment       0x00000043       0x44 ./Core/Src/sysmem.o
 .comment       0x00000043       0x44 ./Core/Src/system_stm32f1xx.o
 .comment       0x00000043       0x44 ./Drivers/STM32F1xx_HAL_Driver/Src/stm32f1xx_hal.o
 .comment       0x00000043       0x44 ./Drivers/STM32F1xx_HAL_Driver/Src/stm32f1xx_hal_adc.o
 .comment       0x00000043       0x44 ./Drivers/STM32F1xx_HAL_Driver/Src/stm32f1xx_hal_cortex.o
 .comment       0x00000043       0x44 ./Drivers/STM32F1xx_HAL_Driver/Src/stm32f1xx_hal_gpio.o
 .comment       0x00000043       0x44 ./Drivers/STM32F1xx_HAL_Driver/Src/stm32f1xx_hal_pwr.o
 .comment       0x00000043       0x44 ./Drivers/STM32F1xx_HAL_Driver/Src/stm32f1xx_hal_rcc.o
 .comment       0x00000043       0x44 ./Drivers/STM32F1xx_HAL_Driver/Src/stm32f1xx_hal_rcc_ex.o
 .comment       0x00000043       0x44 ./Drivers/STM32F1xx_HAL_Driver/Src/stm32f1xx_hal_rtc.o
 .comment       0x00000043       0x44 ./Drivers/STM32F1xx_HAL_Driver/Src/stm32f1xx_hal_rtc_ex.o
 .comment       0x00000043       0x44 ./Drivers/STM32F1xx_HAL_Driver/Src/stm32f1xx_hal_spi.o
 .comment       0x00000043       0x44 ./Drivers/STM32F1xx_HAL_Driver/Src/stm32f1xx_hal_tim.o
 .comment       0x00000043       0x44 ./Drivers/STM32F1xx_HAL_Driver/Src/stm32f1xx_hal_tim_ex.o
 .comment       0x00000043       0x44 ./Drivers/STM32F1xx_HAL_Driver/Src/stm32f1xx_hal_uart.o
 .comment       0x00000043       0x44 ./Shared/AlarmReset.o
 .comment       0x00000043       0x44 ./Shared/BatteryLevel.o
 .comment       0x00000043       0x44 ./Shared/DebugLog.o
 .comment       0x00000043       0x44 ./Shared/Delay_ns.o
 .comment       0x00000043       0x44 ./Shared/InfraSensor.o
 .comment       0x00000043       0x44 ./Shared/LoRa.o
 .comment       0x00000043       0x44 ./Shared/LoraSender.o
 .comment       0x00000043       0x44 ./Shared/SerialNumber.o

.debug_frame    0x00000000     0x541c
 .debug_frame   0x00000000      0x158 ./Core/Src/main.o
 .debug_frame   0x00000158      0x1a8 ./Core/Src/stm32f1xx_hal_msp.o
 .debug_frame   0x00000300      0x120 ./Core/Src/stm32f1xx_it.o
 .debug_frame   0x00000420       0x34 ./Core/Src/sysmem.o
 .debug_frame   0x00000454       0x58 ./Core/Src/system_stm32f1xx.o
 .debug_frame   0x000004ac      0x334 ./Drivers/STM32F1xx_HAL_Driver/Src/stm32f1xx_hal.o
 .debug_frame   0x000007e0      0x40c ./Drivers/STM32F1xx_HAL_Driver/Src/stm32f1xx_hal_adc.o
 .debug_frame   0x00000bec      0x428 ./Drivers/STM32F1xx_HAL_Driver/Src/stm32f1xx_hal_cortex.o
 .debug_frame   0x00001014      0x14c ./Drivers/STM32F1xx_HAL_Driver/Src/stm32f1xx_hal_gpio.o
 .debug_frame   0x00001160      0x270 ./Drivers/STM32F1xx_HAL_Driver/Src/stm32f1xx_hal_pwr.o
 .debug_frame   0x000013d0      0x218 ./Drivers/STM32F1xx_HAL_Driver/Src/stm32f1xx_hal_rcc.o
 .debug_frame   0x000015e8       0x80 ./Drivers/STM32F1xx_HAL_Driver/Src/stm32f1xx_hal_rcc_ex.o
 .debug_frame   0x00001668      0x434 ./Drivers/STM32F1xx_HAL_Driver/Src/stm32f1xx_hal_rtc.o
 .debug_frame   0x00001a9c      0x234 ./Drivers/STM32F1xx_HAL_Driver/Src/stm32f1xx_hal_rtc_ex.o
 .debug_frame   0x00001cd0      0x824 ./Drivers/STM32F1xx_HAL_Driver/Src/stm32f1xx_hal_spi.o
 .debug_frame   0x000024f4     0x11b4 ./Drivers/STM32F1xx_HAL_Driver/Src/stm32f1xx_hal_tim.o
 .debug_frame   0x000036a8      0x638 ./Drivers/STM32F1xx_HAL_Driver/Src/stm32f1xx_hal_tim_ex.o
 .debug_frame   0x00003ce0      0x944 ./Drivers/STM32F1xx_HAL_Driver/Src/stm32f1xx_hal_uart.o
 .debug_frame   0x00004624       0x34 ./Shared/AlarmReset.o
 .debug_frame   0x00004658       0x5c ./Shared/BatteryLevel.o
 .debug_frame   0x000046b4       0x78 ./Shared/DebugLog.o
 .debug_frame   0x0000472c       0x34 ./Shared/Delay_ns.o
 .debug_frame   0x00004760       0x58 ./Shared/InfraSensor.o
 .debug_frame   0x000047b8      0x338 ./Shared/LoRa.o
 .debug_frame   0x00004af0       0x5c ./Shared/LoraSender.o
 .debug_frame   0x00004b4c       0x38 ./Shared/SerialNumber.o