Archive member included to satisfy reference by file (symbol)

C:/ST/STM32CubeIDE_1.17.0/STM32CubeIDE/plugins/com.st.stm32cube.ide.mcu.externaltools.gnu-tools-for-stm32.13.3.rel1.win32_1.0.0.202411081344/tools/bin/../lib/gcc/arm-none-eabi/13.3.1/../../../../arm-none-eabi/lib/thumb/v7-m/nofp\libc_nano.a(libc_a-exit.o)
                              C:/ST/STM32CubeIDE_1.17.0/STM32CubeIDE/plugins/com.st.stm32cube.ide.mcu.externaltools.gnu-tools-for-stm32.13.3.rel1.win32_1.0.0.202411081344/tools/bin/../lib/gcc/arm-none-eabi/13.3.1/../../../../arm-none-eabi/lib/thumb/v7-m/nofp/crt0.o (exit)
C:/ST/STM32CubeIDE_1.17.0/STM32CubeIDE/plugins/com.st.stm32cube.ide.mcu.externaltools.gnu-tools-for-stm32.13.3.rel1.win32_1.0.0.202411081344/tools/bin/../lib/gcc/arm-none-eabi/13.3.1/../../../../arm-none-eabi/lib/thumb/v7-m/nofp\libc_nano.a(libc_a-findfp.o)
                              C:/ST/STM32CubeIDE_1.17.0/STM32CubeIDE/plugins/com.st.stm32cube.ide.mcu.externaltools.gnu-tools-for-stm32.13.3.rel1.win32_1.0.0.202411081344/tools/bin/../lib/gcc/arm-none-eabi/13.3.1/../../../../arm-none-eabi/lib/thumb/v7-m/nofp\libc_nano.a(libc_a-exit.o) (__stdio_exit_handler)
C:/ST/STM32CubeIDE_1.17.0/STM32CubeIDE/plugins/com.st.stm32cube.ide.mcu.externaltools.gnu-tools-for-stm32.13.3.rel1.win32_1.0.0.202411081344/tools/bin/../lib/gcc/arm-none-eabi/13.3.1/../../../../arm-none-eabi/lib/thumb/v7-m/nofp\libc_nano.a(libc_a-fwalk.o)
                              C:/ST/STM32CubeIDE_1.17.0/STM32CubeIDE/plugins/com.st.stm32cube.ide.mcu.externaltools.gnu-tools-for-stm32.13.3.rel1.win32_1.0.0.202411081344/tools/bin/../lib/gcc/arm-none-eabi/13.3.1/../../../../arm-none-eabi/lib/thumb/v7-m/nofp\libc_nano.a(libc_a-findfp.o) (_fwalk_sglue)
C:/ST/STM32CubeIDE_1.17.0/STM32CubeIDE/plugins/com.st.stm32cube.ide.mcu.externaltools.gnu-tools-for-stm32.13.3.rel1.win32_1.0.0.202411081344/tools/bin/../lib/gcc/arm-none-eabi/13.3.1/../../../../arm-none-eabi/lib/thumb/v7-m/nofp\libc_nano.a(libc_a-stdio.o)
                              C:/ST/STM32CubeIDE_1.17.0/STM32CubeIDE/plugins/com.st.stm32cube.ide.mcu.externaltools.gnu-tools-for-stm32.13.3.rel1.win32_1.0.0.202411081344/tools/bin/../lib/gcc/arm-none-eabi/13.3.1/../../../../arm-none-eabi/lib/thumb/v7-m/nofp\libc_nano.a(libc_a-findfp.o) (__sread)
C:/ST/STM32CubeIDE_1.17.0/STM32CubeIDE/plugins/com.st.stm32cube.ide.mcu.externaltools.gnu-tools-for-stm32.13.3.rel1.win32_1.0.0.202411081344/tools/bin/../lib/gcc/arm-none-eabi/13.3.1/../../../../arm-none-eabi/lib/thumb/v7-m/nofp\libc_nano.a(libc_a-memset.o)
                              C:/ST/STM32CubeIDE_1.17.0/STM32CubeIDE/plugins/com.st.stm32cube.ide.mcu.externaltools.gnu-tools-for-stm32.13.3.rel1.win32_1.0.0.202411081344/tools/bin/../lib/gcc/arm-none-eabi/13.3.1/../../../../arm-none-eabi/lib/thumb/v7-m/nofp/crt0.o (memset)
C:/ST/STM32CubeIDE_1.17.0/STM32CubeIDE/plugins/com.st.stm32cube.ide.mcu.externaltools.gnu-tools-for-stm32.13.3.rel1.win32_1.0.0.202411081344/tools/bin/../lib/gcc/arm-none-eabi/13.3.1/../../../../arm-none-eabi/lib/thumb/v7-m/nofp\libc_nano.a(libc_a-closer.o)
                              C:/ST/STM32CubeIDE_1.17.0/STM32CubeIDE/plugins/com.st.stm32cube.ide.mcu.externaltools.gnu-tools-for-stm32.13.3.rel1.win32_1.0.0.202411081344/tools/bin/../lib/gcc/arm-none-eabi/13.3.1/../../../../arm-none-eabi/lib/thumb/v7-m/nofp\libc_nano.a(libc_a-stdio.o) (_close_r)
C:/ST/STM32CubeIDE_1.17.0/STM32CubeIDE/plugins/com.st.stm32cube.ide.mcu.externaltools.gnu-tools-for-stm32.13.3.rel1.win32_1.0.0.202411081344/tools/bin/../lib/gcc/arm-none-eabi/13.3.1/../../../../arm-none-eabi/lib/thumb/v7-m/nofp\libc_nano.a(libc_a-reent.o)
                              C:/ST/STM32CubeIDE_1.17.0/STM32CubeIDE/plugins/com.st.stm32cube.ide.mcu.externaltools.gnu-tools-for-stm32.13.3.rel1.win32_1.0.0.202411081344/tools/bin/../lib/gcc/arm-none-eabi/13.3.1/../../../../arm-none-eabi/lib/thumb/v7-m/nofp\libc_nano.a(libc_a-closer.o) (errno)
C:/ST/STM32CubeIDE_1.17.0/STM32CubeIDE/plugins/com.st.stm32cube.ide.mcu.externaltools.gnu-tools-for-stm32.13.3.rel1.win32_1.0.0.202411081344/tools/bin/../lib/gcc/arm-none-eabi/13.3.1/../../../../arm-none-eabi/lib/thumb/v7-m/nofp\libc_nano.a(libc_a-impure.o)
                              C:/ST/STM32CubeIDE_1.17.0/STM32CubeIDE/plugins/com.st.stm32cube.ide.mcu.externaltools.gnu-tools-for-stm32.13.3.rel1.win32_1.0.0.202411081344/tools/bin/../lib/gcc/arm-none-eabi/13.3.1/../../../../arm-none-eabi/lib/thumb/v7-m/nofp\libc_nano.a(libc_a-reent.o) (_impure_ptr)
C:/ST/STM32CubeIDE_1.17.0/STM32CubeIDE/plugins/com.st.stm32cube.ide.mcu.externaltools.gnu-tools-for-stm32.13.3.rel1.win32_1.0.0.202411081344/tools/bin/../lib/gcc/arm-none-eabi/13.3.1/../../../../arm-none-eabi/lib/thumb/v7-m/nofp\libc_nano.a(libc_a-lseekr.o)
[...]
Memory Configuration

Name             Origin             Length             Attributes
RAM              0x20000000         0x00002800         xrw
FLASH            0x08000000         0x00008000         xr
*default*        0x00000000         0xffffffff

Linker script and memory map

LOAD C:/ST/STM32CubeIDE_1.17.0/STM32CubeIDE/plugins/com.st.stm32cube.ide.mcu.externaltools.gnu-tools-for-stm32.13.3.rel1.win32_1.0.0.202411081344/tools/bin/../lib/gcc/arm-none-eabi/13.3.1/thumb/v7-m/nofp/crti.o
LOAD C:/ST/STM32CubeIDE_1.17.0/STM32CubeIDE/plugins/com.st.stm32cube.ide.mcu.externaltools.gnu-tools-for-stm32.13.3.rel1.win32_1.0.0.202411081344/tools/bin/../lib/gcc/arm-none-eabi/13.3.1/thumb/v7-m/nofp/crtbegin.o
LOAD C:/ST/STM32CubeIDE_1.17.0/STM32CubeIDE/plugins/com.st.stm32cube.ide.mcu.externaltools.gnu-tools-for-stm32.13.3.rel1.win32_1.0.0.202411081344/tools/bin/../lib/gcc/arm-none-eabi/13.3.1/../../../../arm-none-eabi/lib/thumb/v7-m/nofp/crt0.o
LOAD ./Core/Src/main.o
LOAD ./Core/Src/stm32f1xx_hal_msp.o
LOAD ./Core/Src/stm32f1xx_it.o
LOAD ./Core/Src/syscalls.o
LOAD ./Core/Src/sysmem.o
LOAD ./Core/Src/system_stm32f1xx.o
LOAD ./Core/Startup/startup_stm32f103c6tx.o
LOAD ./Drivers/STM32F1xx_HAL_Driver/Src/stm32f1xx_hal.o
LOAD ./Drivers/STM32F1xx_HAL_Driver/Src/stm32f1xx_hal_adc.o
LOAD ./Drivers/STM32F1xx_HAL_Driver/Src/stm32f1xx_hal_adc_ex.o
LOAD ./Drivers/STM32F1xx_HAL_Driver/Src/stm32f1xx_hal_cortex.o
LOAD ./Drivers/STM32F1xx_HAL_Driver/Src/stm32f1xx_hal_dma.o
LOAD ./Drivers/STM32F1xx_HAL_Driver/Src/stm32f1xx_hal_exti.o
LOAD ./Drivers/STM32F1xx_HAL_Driver/Src/stm32f1xx_hal_flash.o
LOAD ./Drivers/STM32F1xx_HAL_Driver/Src/stm32f1xx_hal_flash_ex.o
LOAD ./Drivers/STM32F1xx_HAL_Driver/Src/stm32f1xx_hal_gpio.o
LOAD ./Drivers/STM32F1xx_HAL_Driver/Src/stm32f1xx_hal_gpio_ex.o
LOAD ./Drivers/STM32F1xx_HAL_Driver/Src/stm32f1xx_hal_pwr.o
LOAD ./Drivers/STM32F1xx_HAL_Driver/Src/stm32f1xx_hal_rcc.o
LOAD ./Drivers/STM32F1xx_HAL_Driver/Src/stm32f1xx_hal_rcc_ex.o
LOAD ./Drivers/STM32F1xx_HAL_Driver/Src/stm32f1xx_hal_rtc.o
LOAD ./Drivers/STM32F1xx_HAL_Driver/Src/stm32f1xx_hal_rtc_ex.o
LOAD ./Drivers/STM32F1xx_HAL_Driver/Src/stm32f1xx_hal_spi.o
LOAD ./Drivers/STM32F1xx_HAL_Driver/Src/stm32f1xx_hal_tim.o
LOAD ./Drivers/STM32F1xx_HAL_Driver/Src/stm32f1xx_hal_tim_ex.o
LOAD ./Shared/AlarmReset.o
LOAD ./Shared/BatteryLevel.o
LOAD ./Shared/Delay_ns.o
LOAD ./Shared/InfraSensor.o
LOAD ./Shared/LoRa.o
LOAD ./Shared/LoraSender.o
LOAD ./Shared/SerialNumber.o
START GROUP
LOAD C:/ST/STM32CubeIDE_1.17.0/STM32CubeIDE/plugins/com.st.stm32cube.ide.mcu.externaltools.gnu-tools-for-stm32.13.3.rel1.win32_1.0.0.202411081344/tools/bin/../lib/gcc/arm-none-eabi/13.3.1/../../../../arm-none-eabi/lib/thumb/v7-m/nofp\libc_nano.a
LOAD C:/ST/STM32CubeIDE_1.17.0/STM32CubeIDE/plugins/com.st.stm32cube.ide.mcu.externaltools.gnu-tools-for-stm32.13.3.rel1.win32_1.0.0.202411081344/tools/bin/../lib/gcc/arm-none-eabi/13.3.1/../../../../arm-none-eabi/lib/thumb/v7-m/nofp\libm.a
END GROUP
START GROUP
LOAD C:/ST/STM32CubeIDE_1.17.0/STM32CubeIDE/plugins/com.st.stm32cube.ide.mcu.externaltools.gnu-tools-for-stm32.13.3.rel1.win32_1.0.0.202411081344/tools/bin/../lib/gcc/arm-none-eabi/13.3.1/thumb/v7-m/nofp\libgcc.a
LOAD C:/ST/STM32CubeIDE_1.17.0/STM32CubeIDE/plugins/com.st.stm32cube.ide.mcu.externaltools.gnu-tools-for-stm32.13.3.rel1.win32_1.0.0.202411081344/tools/bin/../lib/gcc/arm-none-eabi/13.3.1/../../../../arm-none-eabi/lib/thumb/v7-m/nofp\libc_nano.a
END GROUP
START GROUP
LOAD C:/ST/STM32CubeIDE_1.17.0/STM32CubeIDE/plugins/com.st.stm32cube.ide.mcu.externaltools.gnu-tools-for-stm32.13.3.rel1.win32_1.0.0.202411081344/tools/bin/../lib/gcc/arm-none-eabi/13.3.1/thumb/v7-m/nofp\libgcc.a
LOAD C:/ST/STM32CubeIDE_1.17.0/STM32CubeIDE/plugins/com.st.stm32cube.ide.mcu.externaltools.gnu-tools-for-stm32.13.3.rel1.win32_1.0.0.202411081344/tools/bin/../lib/gcc/arm-none-eabi/13.3.1/../../../../arm-none-eabi/lib/thumb/v7-m/nofp\libc_nano.a
LOAD C:/ST/STM32CubeIDE_1.17.0/STM32CubeIDE/plugins/com.st.stm32cube.ide.mcu.externaltools.gnu-tools-for-stm32.13.3.rel1.win32_1.0.0.202411081344/tools/bin/../lib/gcc/arm-none-eabi/13.3.1/../../../../arm-none-eabi/lib/thumb/v7-m/nofp\libnosys.a
END GROUP
START GROUP
LOAD C:/ST/STM32CubeIDE_1.17.0/STM32CubeIDE/plugins/com.st.stm32cube.ide.mcu.externaltools.gnu-tools-for-stm32.13.3.rel1.win32_1.0.0.202411081344/tools/bin/../lib/gcc/arm-none-eabi/13.3.1/thumb/v7-m/nofp\libgcc.a
LOAD C:/ST/STM32CubeIDE_1.17.0/STM32CubeIDE/plugins/com.st.stm32cube.ide.mcu.externaltools.gnu-tools-for-stm32.13.3.rel1.win32_1.0.0.202411081344/tools/bin/../lib/gcc/arm-none-eabi/13.3.1/../../../../arm-none-eabi/lib/thumb/v7-m/nofp\libc_nano.a
LOAD C:/ST/STM32CubeIDE_1.17.0/STM32CubeIDE/plugins/com.st.stm32cube.ide.mcu.externaltools.gnu-tools-for-stm32.13.3.rel1.win32_1.0.0.202411081344/tools/bin/../lib/gcc/arm-none-eabi/13.3.1/../../../../arm-none-eabi/lib/thumb/v7-m/nofp\libnosys.a
END GROUP
LOAD C:/ST/STM32CubeIDE_1.17.0/STM32CubeIDE/plugins/com.st.stm32cube.ide.mcu.externaltools.gnu-tools-for-stm32.13.3.rel1.win32_1.0.0.202411081344/tools/bin/../lib/gcc/arm-none-eabi/13.3.1/thumb/v7-m/nofp/crtend.o
LOAD C:/ST/STM32CubeIDE_1.17.0/STM32CubeIDE/plugins/com.st.stm32cube.ide.mcu.externaltools.gnu-tools-for-stm32.13.3.rel1.win32_1.0.0.202411081344/tools/bin/../lib/gcc/arm-none-eabi/13.3.1/thumb/v7-m/nofp/crtn.o
                0x20002800                        _estack = (ORIGIN (RAM) + LENGTH (RAM))
                0x00000200                        _Min_Heap_Size = 0x200
                0x00000400                        _Min_Stack_Size = 0x400

.isr_vector     0x08000000      0x10c
                0x08000000                        . = ALIGN (0x4)
 *(.isr_vector)
 .isr_vector    0x08000000      0x10c ./Core/Startup/startup_stm32f103c6tx.o
                0x08000000                g_pfnVectors
                0x0800010c                        . = ALIGN (0x4)

.text           0x0800010c     0x4e64
                0x0800010c                        . = ALIGN (0x4)
 *(.text)
 .text          0x0800010c       0x40 C:/ST/STM32CubeIDE_1.17.0/STM32CubeIDE/plugins/com.st.stm32cube.ide.mcu.externaltools.gnu-tools-for-stm32.13.3.rel1.win32_1.0.0.202411081344/tools/bin/../lib/gcc/arm-none-eabi/13.3.1/thumb/v7-m/nofp/crtbegin.o
 .text          0x0800014c      0x21c C:/ST/STM32CubeIDE_1.17.0/STM32CubeIDE/plugins/com.st.stm32cube.ide.mcu.externaltools.gnu-tools-for-stm32.13.3.rel1.win32_1.0.0.202411081344/tools/bin/../lib/gcc/arm-none-eabi/13.3.1/thumb/v7-m/nofp\libgcc.a(_arm_addsubsf3.o)
                0x0800014c                __aeabi_frsub
                0x08000154                __subsf3
                0x08000154                __aeabi_fsub
                0x08000158                __aeabi_fadd
                0x08000158                __addsf3
                0x080002b8                __aeabi_ui2f
                0x080002b8                __floatunsisf
                0x080002c0                __aeabi_i2f
                0x080002c0                __floatsisf
                0x080002dc                __aeabi_ul2f
                0x080002dc                __floatundisf
                0x080002ec                __aeabi_l2f
                0x080002ec                __floatdisf
 .text          0x08000368      0x2a0 C:/ST/STM32CubeIDE_1.17.0/STM32CubeIDE/plugins/com.st.stm32cube.ide.mcu.externaltools.gnu-tools-for-stm32.13.3.rel1.win32_1.0.0.202411081344/tools/bin/../lib/gcc/arm-none-eabi/13.3.1/thumb/v7-m/nofp\libgcc.a(_arm_muldivsf3.o)
                0x08000368                __mulsf3
                0x08000368                __aeabi_fmul
                0x080004d0                __aeabi_fdiv
                0x080004d0                __divsf3
 .text          0x08000608       0xec C:/ST/STM32CubeIDE_1.17.0/STM32CubeIDE/plugins/com.st.stm32cube.ide.mcu.externaltools.gnu-tools-for-stm32.13.3.rel1.win32_1.0.0.202411081344/tools/bin/../lib/gcc/arm-none-eabi/13.3.1/thumb/v7-m/nofp\libgcc.a(_arm_cmpsf2.o)
                0x08000608                __gesf2
                0x08000608                __gtsf2
                0x08000610                __lesf2
                0x08000610                __ltsf2
                0x08000618                __nesf2
                0x08000618                __eqsf2
                0x08000618                __cmpsf2
                0x08000678                __aeabi_cfrcmple
                0x08000680                __aeabi_cfcmpeq
                0x08000680                __aeabi_cfcmple
                0x08000690                __aeabi_fcmpeq
                0x080006a4                __aeabi_fcmplt
                0x080006b8                __aeabi_fcmple
                0x080006cc                __aeabi_fcmpge
                0x080006e0                __aeabi_fcmpgt
 .text          0x080006f4       0x40 C:/ST/STM32CubeIDE_1.17.0/STM32CubeIDE/plugins/com.st.stm32cube.ide.mcu.externaltools.gnu-tools-for-stm32.13.3.rel1.win32_1.0.0.202411081344/tools/bin/../lib/gcc/arm-none-eabi/13.3.1/thumb/v7-m/nofp\libgcc.a(_arm_fixunssfsi.o)
                0x080006f4                __fixunssfsi
                0x080006f4                __aeabi_f2uiz
 *(.text*)
 .text.main     0x08000734       0xf8 ./Core/Src/main.o
                0x08000734                main
 .text.SystemClock_Config
                0x0800082c       0xa8 ./Core/Src/main.o
                0x0800082c                SystemClock_Config
 .text.MX_ADC1_Init
                0x080008d4       0x7c ./Core/Src/main.o
 .text.MX_ADC2_Init
                0x08000950       0x7c ./Core/Src/main.o
 .text.MX_RTC_Init
                0x080009cc       0x94 ./Core/Src/main.o
 .text.MX_SPI1_Init
                0x08000a60       0x6c ./Core/Src/main.o
 .text.MX_TIM2_Init
                0x08000acc       0x98 ./Core/Src/main.o
 .text.MX_GPIO_Init
                0x08000b64      0x174 ./Core/Src/main.o
 .text.Error_Handler
                0x08000cd8        0xc ./Core/Src/main.o
                0x08000cd8                Error_Handler
 .text.HAL_MspInit
                0x08000ce4       0x64 ./Core/Src/stm32f1xx_hal_msp.o
                0x08000ce4                HAL_MspInit
 .text.HAL_ADC_MspInit
                0x08000d48       0xcc ./Core/Src/stm32f1xx_hal_msp.o
                0x08000d48                HAL_ADC_MspInit
 .text.HAL_ADC_MspDeInit
                0x08000e14       0x60 ./Core/Src/stm32f1xx_hal_msp.o
                0x08000e14                HAL_ADC_MspDeInit
 .text.HAL_RTC_MspInit
                0x08000e74       0x58 ./Core/Src/stm32f1xx_hal_msp.o
                0x08000e74                HAL_RTC_MspInit
 .text.HAL_SPI_MspInit
                0x08000ecc       0x94 ./Core/Src/stm32f1xx_hal_msp.o
                0x08000ecc                HAL_SPI_MspInit
 .text.HAL_TIM_Base_MspInit
                0x08000f60       0x38 ./Core/Src/stm32f1xx_hal_msp.o
                0x08000f60                HAL_TIM_Base_MspInit
 .text.NMI_Handler
                0x08000f98        0x8 ./Core/Src/stm32f1xx_it.o
                0x08000f98                NMI_Handler
 .text.HardFault_Handler
                0x08000fa0        0x8 ./Core/Src/stm32f1xx_it.o
                0x08000fa0                HardFault_Handler
 .text.MemManage_Handler
                0x08000fa8        0x8 ./Core/Src/stm32f1xx_it.o
                0x08000fa8                MemManage_Handler
 .text.BusFault_Handler
                0x08000fb0        0x8 ./Core/Src/stm32f1xx_it.o
                0x08000fb0                BusFault_Handler
 .text.UsageFault_Handler
                0x08000fb8        0x8 ./Core/Src/stm32f1xx_it.o
                0x08000fb8                UsageFault_Handler
 .text.SVC_Handler
                0x08000fc0        0xc ./Core/Src/stm32f1xx_it.o
                0x08000fc0                SVC_Handler
 .text.DebugMon_Handler
                0x08000fcc        0xc ./Core/Src/stm32f1xx_it.o
                0x08000fcc                DebugMon_Handler
 .text.PendSV_Handler
                0x08000fd8        0xc ./Core/Src/stm32f1xx_it.o
                0x08000fd8                PendSV_Handler
 .text.SysTick_Handler
                0x08000fe4        0xc ./Core/Src/stm32f1xx_it.o
                0x08000fe4                SysTick_Handler
 .text.RTC_IRQHandler
                0x08000ff0       0x14 ./Core/Src/stm32f1xx_it.o
                0x08000ff0                RTC_IRQHandler
 .text.SystemInit
                0x08001004        0xc ./Core/Src/system_stm32f1xx.o
                0x08001004                SystemInit
 .text.Reset_Handler
                0x08001010       0x48 ./Core/Startup/startup_stm32f103c6tx.o
                0x08001010                Reset_Handler
 .text.Default_Handler
                0x08001058        0x2 ./Core/Startup/startup_stm32f103c6tx.o
                0x08001058                RTC_Alarm_IRQHandler
                0x08001058                EXTI2_IRQHandler
                0x08001058                TIM1_CC_IRQHandler
                0x08001058                PVD_IRQHandler
                0x08001058                EXTI3_IRQHandler
                0x08001058                EXTI0_IRQHandler
                0x08001058                ADC1_2_IRQHandler
                0x08001058                SPI1_IRQHandler
                0x08001058                TAMPER_IRQHandler
                0x08001058                DMA1_Channel4_IRQHandler
                0x08001058                DMA1_Channel7_IRQHandler
                0x08001058                CAN1_RX1_IRQHandler
                0x08001058                I2C1_EV_IRQHandler
                0x08001058                DMA1_Channel6_IRQHandler
                0x08001058                TIM3_IRQHandler
                0x08001058                RCC_IRQHandler
                0x08001058                TIM1_TRG_COM_IRQHandler
                0x08001058                DMA1_Channel1_IRQHandler
                0x08001058                Default_Handler
                0x08001058                EXTI15_10_IRQHandler
                0x08001058                EXTI9_5_IRQHandler
                0x08001058                DMA1_Channel5_IRQHandler
                0x08001058                EXTI4_IRQHandler
                0x08001058                USB_LP_CAN1_RX0_IRQHandler
                0x08001058                USB_HP_CAN1_TX_IRQHandler
                0x08001058                DMA1_Channel3_IRQHandler
                0x08001058                TIM1_UP_IRQHandler
                0x08001058                WWDG_IRQHandler
                0x08001058                TIM2_IRQHandler
                0x08001058                TIM1_BRK_IRQHandler
                0x08001058                EXTI1_IRQHandler
                0x08001058                USART2_IRQHandler
                0x08001058                DMA1_Channel2_IRQHandler
                0x08001058                CAN1_SCE_IRQHandler
                0x08001058                FLASH_IRQHandler
                0x08001058                USART1_IRQHandler
                0x08001058                I2C1_ER_IRQHandler
                0x08001058                USBWakeUp_IRQHandler
 *fill*         0x0800105a        0x2 
 .text.HAL_Init
                0x0800105c       0x2c ./Drivers/STM32F1xx_HAL_Driver/Src/stm32f1xx_hal.o
                0x0800105c                HAL_Init
 .text.HAL_InitTick
                0x08001088       0x60 ./Drivers/STM32F1xx_HAL_Driver/Src/stm32f1xx_hal.o
                0x08001088                HAL_InitTick
 .text.HAL_IncTick
                0x080010e8       0x24 ./Drivers/STM32F1xx_HAL_Driver/Src/stm32f1xx_hal.o
                0x080010e8                HAL_IncTick
 .text.HAL_GetTick
                0x0800110c       0x14 ./Drivers/STM32F1xx_HAL_Driver/Src/stm32f1xx_hal.o
                0x0800110c                HAL_GetTick
 .text.HAL_Delay
                0x08001120       0x48 ./Drivers/STM32F1xx_HAL_Driver/Src/stm32f1xx_hal.o
                0x08001120                HAL_Delay
 .text.HAL_GetUIDw0
                0x08001168       0x14 ./Drivers/STM32F1xx_HAL_Driver/Src/stm32f1xx_hal.o
                0x08001168                HAL_GetUIDw0
 .text.HAL_GetUIDw1
                0x0800117c       0x14 ./Drivers/STM32F1xx_HAL_Driver/Src/stm32f1xx_hal.o
                0x0800117c                HAL_GetUIDw1
 .text.HAL_GetUIDw2
                0x08001190       0x14 ./Drivers/STM32F1xx_HAL_Driver/Src/stm32f1xx_hal.o
                0x08001190                HAL_GetUIDw2
 .text.HAL_ADC_Init
                0x080011a4      0x1b0 ./Drivers/STM32F1xx_HAL_Driver/Src/stm32f1xx_hal_adc.o
                0x080011a4                HAL_ADC_Init
 .text.HAL_ADC_DeInit
                0x08001354      0x184 ./Drivers/STM32F1xx_HAL_Driver/Src/stm32f1xx_hal_adc.o
                0x08001354                HAL_ADC_DeInit
 .text.HAL_ADC_Start
                0x080014d8      0x15c ./Drivers/STM32F1xx_HAL_Driver/Src/stm32f1xx_hal_adc.o
                0x080014d8                HAL_ADC_Start
 .text.HAL_ADC_Stop
                0x08001634       0x58 ./Drivers/STM32F1xx_HAL_Driver/Src/stm32f1xx_hal_adc.o
                0x08001634                HAL_ADC_Stop
 .text.HAL_ADC_PollForConversion
                0x0800168c      0x20c ./Drivers/STM32F1xx_HAL_Driver/Src/stm32f1xx_hal_adc.o
                0x0800168c                HAL_ADC_PollForConversion
 .text.HAL_ADC_GetValue
                0x08001898       0x18 ./Drivers/STM32F1xx_HAL_Driver/Src/stm32f1xx_hal_adc.o
                0x08001898                HAL_ADC_GetValue
 .text.HAL_ADC_ConfigChannel
                0x080018b0      0x1f0 ./Drivers/STM32F1xx_HAL_Driver/Src/stm32f1xx_hal_adc.o
                0x080018b0                HAL_ADC_ConfigChannel
 .text.ADC_Enable
                0x08001aa0       0xb4 ./Drivers/STM32F1xx_HAL_Driver/Src/stm32f1xx_hal_adc.o
                0x08001aa0                ADC_Enable
 .text.ADC_ConversionStop_Disable
                0x08001b54       0x82 ./Drivers/STM32F1xx_HAL_Driver/Src/stm32f1xx_hal_adc.o
                0x08001b54                ADC_ConversionStop_Disable
 *fill*         0x08001bd6        0x2 
 .text.__NVIC_SetPriorityGrouping
                0x08001bd8       0x48 ./Drivers/STM32F1xx_HAL_Driver/Src/stm32f1xx_hal_cortex.o
 .text.__NVIC_GetPriorityGrouping
                0x08001c20       0x1c ./Drivers/STM32F1xx_HAL_Driver/Src/stm32f1xx_hal_cortex.o
 .text.__NVIC_EnableIRQ
                0x08001c3c       0x38 ./Drivers/STM32F1xx_HAL_Driver/Src/stm32f1xx_hal_cortex.o
 .text.__NVIC_SetPriority
                0x08001c74       0x54 ./Drivers/STM32F1xx_HAL_Driver/Src/stm32f1xx_hal_cortex.o
 .text.NVIC_EncodePriority
                0x08001cc8       0x64 ./Drivers/STM32F1xx_HAL_Driver/Src/stm32f1xx_hal_cortex.o
 .text.SysTick_Config
                0x08001d2c       0x44 ./Drivers/STM32F1xx_HAL_Driver/Src/stm32f1xx_hal_cortex.o
 .text.HAL_NVIC_SetPriorityGrouping
                0x08001d70       0x16 ./Drivers/STM32F1xx_HAL_Driver/Src/stm32f1xx_hal_cortex.o
                0x08001d70                HAL_NVIC_SetPriorityGrouping
 .text.HAL_NVIC_SetPriority
                0x08001d86       0x38 ./Drivers/STM32F1xx_HAL_Driver/Src/stm32f1xx_hal_cortex.o
                0x08001d86                HAL_NVIC_SetPriority
 .text.HAL_NVIC_EnableIRQ
                0x08001dbe       0x1c ./Drivers/STM32F1xx_HAL_Driver/Src/stm32f1xx_hal_cortex.o
                0x08001dbe                HAL_NVIC_EnableIRQ
 .text.HAL_SYSTICK_Config
                0x08001dda       0x18 ./Drivers/STM32F1xx_HAL_Driver/Src/stm32f1xx_hal_cortex.o
                0x08001dda                HAL_SYSTICK_Config
 *fill*         0x08001df2        0x2 
 .text.HAL_GPIO_Init
                0x08001df4      0x2f8 ./Drivers/STM32F1xx_HAL_Driver/Src/stm32f1xx_hal_gpio.o
                0x08001df4                HAL_GPIO_Init
 .text.HAL_GPIO_DeInit
                0x080020ec      0x168 ./Drivers/STM32F1xx_HAL_Driver/Src/stm32f1xx_hal_gpio.o
                0x080020ec                HAL_GPIO_DeInit
 .text.HAL_GPIO_WritePin
                0x08002254       0x30 ./Drivers/STM32F1xx_HAL_Driver/Src/stm32f1xx_hal_gpio.o
                0x08002254                HAL_GPIO_WritePin
 .text.HAL_PWR_EnableBkUpAccess
                0x08002284       0x18 ./Drivers/STM32F1xx_HAL_Driver/Src/stm32f1xx_hal_pwr.o
                0x08002284                HAL_PWR_EnableBkUpAccess
 .text.HAL_PWR_EnterSTANDBYMode
                0x0800229c       0x30 ./Drivers/STM32F1xx_HAL_Driver/Src/stm32f1xx_hal_pwr.o
                0x0800229c                HAL_PWR_EnterSTANDBYMode
 .text.HAL_RCC_OscConfig
                0x080022cc      0x504 ./Drivers/STM32F1xx_HAL_Driver/Src/stm32f1xx_hal_rcc.o
                0x080022cc                HAL_RCC_OscConfig
 .text.HAL_RCC_ClockConfig
                0x080027d0      0x1d4 ./Drivers/STM32F1xx_HAL_Driver/Src/stm32f1xx_hal_rcc.o
                0x080027d0                HAL_RCC_ClockConfig
 .text.HAL_RCC_GetSysClockFreq
                0x080029a4       0xa8 ./Drivers/STM32F1xx_HAL_Driver/Src/stm32f1xx_hal_rcc.o
                0x080029a4                HAL_RCC_GetSysClockFreq
 .text.HAL_RCC_GetHCLKFreq
                0x08002a4c       0x14 ./Drivers/STM32F1xx_HAL_Driver/Src/stm32f1xx_hal_rcc.o
                0x08002a4c                HAL_RCC_GetHCLKFreq
 .text.HAL_RCC_GetPCLK2Freq
                0x08002a60       0x28 ./Drivers/STM32F1xx_HAL_Driver/Src/stm32f1xx_hal_rcc.o
                0x08002a60                HAL_RCC_GetPCLK2Freq
 .text.RCC_Delay
                0x08002a88       0x3c ./Drivers/STM32F1xx_HAL_Driver/Src/stm32f1xx_hal_rcc.o
 .text.HAL_RCCEx_PeriphCLKConfig
                0x08002ac4      0x16c ./Drivers/STM32F1xx_HAL_Driver/Src/stm32f1xx_hal_rcc_ex.o
                0x08002ac4                HAL_RCCEx_PeriphCLKConfig
 .text.HAL_RCCEx_GetPeriphCLKFreq
                0x08002c30      0x16c ./Drivers/STM32F1xx_HAL_Driver/Src/stm32f1xx_hal_rcc_ex.o
                0x08002c30                HAL_RCCEx_GetPeriphCLKFreq
 .text.HAL_RTC_Init
                0x08002d9c      0x118 ./Drivers/STM32F1xx_HAL_Driver/Src/stm32f1xx_hal_rtc.o
                0x08002d9c                HAL_RTC_Init
 .text.HAL_RTC_SetTime
                0x08002eb4      0x12e ./Drivers/STM32F1xx_HAL_Driver/Src/stm32f1xx_hal_rtc.o
                0x08002eb4                HAL_RTC_SetTime
 *fill*         0x08002fe2        0x2 
 .text.HAL_RTC_GetTime
                0x08002fe4      0x1b0 ./Drivers/STM32F1xx_HAL_Driver/Src/stm32f1xx_hal_rtc.o
                0x08002fe4                HAL_RTC_GetTime
 .text.HAL_RTC_SetDate
                0x08003194      0x16c ./Drivers/STM32F1xx_HAL_Driver/Src/stm32f1xx_hal_rtc.o
                0x08003194                HAL_RTC_SetDate
 .text.HAL_RTC_SetAlarm_IT
                0x08003300      0x170 ./Drivers/STM32F1xx_HAL_Driver/Src/stm32f1xx_hal_rtc.o
                0x08003300                HAL_RTC_SetAlarm_IT
 .text.HAL_RTC_DeactivateAlarm
                0x08003470       0xc0 ./Drivers/STM32F1xx_HAL_Driver/Src/stm32f1xx_hal_rtc.o
                0x08003470                HAL_RTC_DeactivateAlarm
 .text.HAL_RTC_WaitForSynchro
                0x08003530       0x5a ./Drivers/STM32F1xx_HAL_Driver/Src/stm32f1xx_hal_rtc.o
                0x08003530                HAL_RTC_WaitForSynchro
 .text.RTC_ReadTimeCounter
                0x0800358a       0x60 ./Drivers/STM32F1xx_HAL_Driver/Src/stm32f1xx_hal_rtc.o
 .text.RTC_WriteTimeCounter
                0x080035ea       0x4e ./Drivers/STM32F1xx_HAL_Driver/Src/stm32f1xx_hal_rtc.o
 .text.RTC_ReadAlarmCounter
                0x08003638       0x32 ./Drivers/STM32F1xx_HAL_Driver/Src/stm32f1xx_hal_rtc.o
 .text.RTC_WriteAlarmCounter
                0x0800366a       0x4e ./Drivers/STM32F1xx_HAL_Driver/Src/stm32f1xx_hal_rtc.o
 .text.RTC_EnterInitMode
                0x080036b8       0x50 ./Drivers/STM32F1xx_HAL_Driver/Src/stm32f1xx_hal_rtc.o
 .text.RTC_ExitInitMode
                0x08003708       0x50 ./Drivers/STM32F1xx_HAL_Driver/Src/stm32f1xx_hal_rtc.o
 .text.RTC_ByteToBcd2
                0x08003758       0x3a ./Drivers/STM32F1xx_HAL_Driver/Src/stm32f1xx_hal_rtc.o
 .text.RTC_Bcd2ToByte
                0x08003792       0x3a ./Drivers/STM32F1xx_HAL_Driver/Src/stm32f1xx_hal_rtc.o
 .text.RTC_DateUpdate
                0x080037cc      0x152 ./Drivers/STM32F1xx_HAL_Driver/Src/stm32f1xx_hal_rtc.o
 *fill*         0x0800391e        0x2 
 .text.RTC_IsLeapYear
                0x08003920       0x64 ./Drivers/STM32F1xx_HAL_Driver/Src/stm32f1xx_hal_rtc.o
 .text.RTC_WeekDayNum
                0x08003984       0xf0 ./Drivers/STM32F1xx_HAL_Driver/Src/stm32f1xx_hal_rtc.o
 .text.HAL_RTCEx_RTCIRQHandler
                0x08003a74       0x6e ./Drivers/STM32F1xx_HAL_Driver/Src/stm32f1xx_hal_rtc_ex.o
                0x08003a74                HAL_RTCEx_RTCIRQHandler
 .text.HAL_RTCEx_RTCEventCallback
                0x08003ae2       0x12 ./Drivers/STM32F1xx_HAL_Driver/Src/stm32f1xx_hal_rtc_ex.o
                0x08003ae2                HAL_RTCEx_RTCEventCallback
 .text.HAL_RTCEx_RTCEventErrorCallback
                0x08003af4       0x12 ./Drivers/STM32F1xx_HAL_Driver/Src/stm32f1xx_hal_rtc_ex.o
                0x08003af4                HAL_RTCEx_RTCEventErrorCallback
 .text.HAL_SPI_Init
                0x08003b06      0x108 ./Drivers/STM32F1xx_HAL_Driver/Src/stm32f1xx_hal_spi.o
                0x08003b06                HAL_SPI_Init
 .text.HAL_SPI_Transmit
                0x08003c0e      0x288 ./Drivers/STM32F1xx_HAL_Driver/Src/stm32f1xx_hal_spi.o
                0x08003c0e                HAL_SPI_Transmit
 .text.HAL_SPI_TransmitReceive
                0x08003e96      0x352 ./Drivers/STM32F1xx_HAL_Driver/Src/stm32f1xx_hal_spi.o
                0x08003e96                HAL_SPI_TransmitReceive
 .text.SPI_WaitFlagStateUntilTimeout
                0x080041e8      0x110 ./Drivers/STM32F1xx_HAL_Driver/Src/stm32f1xx_hal_spi.o
 .text.SPI_EndRxTxTransaction
                0x080042f8       0x62 ./Drivers/STM32F1xx_HAL_Driver/Src/stm32f1xx_hal_spi.o
 .text.HAL_TIM_Base_Init
                0x0800435a       0x9e ./Drivers/STM32F1xx_HAL_Driver/Src/stm32f1xx_hal_tim.o
                0x0800435a                HAL_TIM_Base_Init
 .text.HAL_TIM_Base_Start
                0x080043f8       0x88 ./Drivers/STM32F1xx_HAL_Driver/Src/stm32f1xx_hal_tim.o
                0x080043f8                HAL_TIM_Base_Start
 .text.HAL_TIM_Base_Stop
                0x08004480       0x4c ./Drivers/STM32F1xx_HAL_Driver/Src/stm32f1xx_hal_tim.o
                0x08004480                HAL_TIM_Base_Stop
 .text.HAL_TIM_ConfigClockSource
                0x080044cc      0x18e ./Drivers/STM32F1xx_HAL_Driver/Src/stm32f1xx_hal_tim.o
                0x080044cc                HAL_TIM_ConfigClockSource
 *fill*         0x0800465a        0x2 
 .text.TIM_Base_SetConfig
                0x0800465c       0xc8 ./Drivers/STM32F1xx_HAL_Driver/Src/stm32f1xx_hal_tim.o
                0x0800465c                TIM_Base_SetConfig
 .text.TIM_TI1_ConfigInputStage
                0x08004724       0x5c ./Drivers/STM32F1xx_HAL_Driver/Src/stm32f1xx_hal_tim.o
 .text.TIM_TI2_ConfigInputStage
                0x08004780       0x5e ./Drivers/STM32F1xx_HAL_Driver/Src/stm32f1xx_hal_tim.o
 .text.TIM_ITRx_SetConfig
                0x080047de       0x34 ./Drivers/STM32F1xx_HAL_Driver/Src/stm32f1xx_hal_tim.o
 .text.TIM_ETR_SetConfig
                0x08004812       0x3e ./Drivers/STM32F1xx_HAL_Driver/Src/stm32f1xx_hal_tim.o
                0x08004812                TIM_ETR_SetConfig
 .text.HAL_TIMEx_MasterConfigSynchronization
                0x08004850       0xb0 ./Drivers/STM32F1xx_HAL_Driver/Src/stm32f1xx_hal_tim_ex.o
                0x08004850                HAL_TIMEx_MasterConfigSynchronization
 .text.set_alarm
                0x08004900       0x78 ./Shared/AlarmReset.o
                0x08004900                set_alarm
 .text.get_battery_level
                0x08004978       0xa0 ./Shared/BatteryLevel.o
                0x08004978                get_battery_level
 .text.battery_percent_from_voltage
                0x08004a18      0x108 ./Shared/BatteryLevel.o
 .text.TIM2_Delay_us
                0x08004b20       0x38 ./Shared/Delay_ns.o
                0x08004b20                TIM2_Delay_us
 .text.get_infra_sensor_data
                0x08004b58       0xcc ./Shared/InfraSensor.o
                0x08004b58                get_infra_sensor_data
 .text.newLoRa  0x08004c24       0x52 ./Shared/LoRa.o
                0x08004c24                newLoRa
 *fill*         0x08004c76        0x2 
 .text.SX1278_WriteReg
                0x08004c78       0x50 ./Shared/LoraSender.o
                0x08004c78                SX1278_WriteReg
 .text.SX1278_ReadReg
                0x08004cc8       0x58 ./Shared/LoraSender.o
                0x08004cc8                SX1278_ReadReg
 .text.SX1278_Init
                0x08004d20      0x110 ./Shared/LoraSender.o
                0x08004d20                SX1278_Init
 .text.SX1278_Transmit
                0x08004e30       0x74 ./Shared/LoraSender.o
                0x08004e30                SX1278_Transmit
 .text.send_packet
                0x08004ea4       0x22 ./Shared/LoraSender.o
                0x08004ea4                send_packet
 .text.get_serial_number
                0x08004ec6       0x38 ./Shared/SerialNumber.o
                0x08004ec6                get_serial_number
 .text.memset   0x08004efe       0x10 C:/ST/STM32CubeIDE_1.17.0/STM32CubeIDE/plugins/com.st.stm32cube.ide.mcu.externaltools.gnu-tools-for-stm32.13.3.rel1.win32_1.0.0.202411081344/tools/bin/../lib/gcc/arm-none-eabi/13.3.1/../../../../arm-none-eabi/lib/thumb/v7-m/nofp\libc_nano.a(libc_a-memset.o)
                0x08004efe                memset
 *fill*         0x08004f0e        0x2 
 .text.__libc_init_array
                0x08004f10       0x48 C:/ST/STM32CubeIDE_1.17.0/STM32CubeIDE/plugins/com.st.stm32cube.ide.mcu.externaltools.gnu-tools-for-stm32.13.3.rel1.win32_1.0.0.202411081344/tools/bin/../lib/gcc/arm-none-eabi/13.3.1/../../../../arm-none-eabi/lib/thumb/v7-m/nofp\libc_nano.a(libc_a-init.o)
                0x08004f10                __libc_init_array
 *(.glue_7)
 .glue_7        0x08004f58        0x0 linker stubs
 *(.glue_7t)
 .glue_7t       0x08004f58        0x0 linker stubs
 *(.eh_frame)
 .eh_frame      0x08004f58        0x0 C:/ST/STM32CubeIDE_1.17.0/STM32CubeIDE/plugins/com.st.stm32cube.ide.mcu.externaltools.gnu-tools-for-stm32.13.3.rel1.win32_1.0.0.202411081344/tools/bin/../lib/gcc/arm-none-eabi/13.3.1/thumb/v7-m/nofp/crtbegin.o
 *(.init)
 .init          0x08004f58        0x4 C:/ST/STM32CubeIDE_1.17.0/STM32CubeIDE/plugins/com.st.stm32cube.ide.mcu.externaltools.gnu-tools-for-stm32.13.3.rel1.win32_1.0.0.202411081344/tools/bin/../lib/gcc/arm-none-eabi/13.3.1/thumb/v7-m/nofp/crti.o
                0x08004f58                _init
 .init          0x08004f5c        0x8 C:/ST/STM32CubeIDE_1.17.0/STM32CubeIDE/plugins/com.st.stm32cube.ide.mcu.externaltools.gnu-tools-for-stm32.13.3.rel1.win32_1.0.0.202411081344/tools/bin/../lib/gcc/arm-none-eabi/13.3.1/thumb/v7-m/nofp/crtn.o
 *(.fini)
 .fini          0x08004f64        0x4 C:/ST/STM32CubeIDE_1.17.0/STM32CubeIDE/plugins/com.st.stm32cube.ide.mcu.externaltools.gnu-tools-for-stm32.13.3.rel1.win32_1.0.0.202411081344/tools/bin/../lib/gcc/arm-none-eabi/13.3.1/thumb/v7-m/nofp/crti.o
                0x08004f64                _fini
 .fini          0x08004f68        0x8 C:/ST/STM32CubeIDE_1.17.0/STM32CubeIDE/plugins/com.st.stm32cube.ide.mcu.externaltools.gnu-tools-for-stm32.13.3.rel1.win32_1.0.0.202411081344/tools/bin/../lib/gcc/arm-none-eabi/13.3.1/thumb/v7-m/nofp/crtn.o
                0x08004f70                        . = ALIGN (0x4)
                0x08004f70                        _etext = .

.vfp11_veneer   0x08004f70        0x0
 .vfp11_veneer  0x08004f70        0x0 linker stubs

.v4_bx          0x08004f70        0x0
 .v4_bx         0x08004f70        0x0 linker stubs

.iplt           0x08004f70        0x0
 .iplt          0x08004f70        0x0 C:/ST/STM32CubeIDE_1.17.0/STM32CubeIDE/plugins/com.st.stm32cube.ide.mcu.externaltools.gnu-tools-for-stm32.13.3.rel1.win32_1.0.0.202411081344/tools/bin/../lib/gcc/arm-none-eabi/13.3.1/thumb/v7-m/nofp/crtbegin.o

.rodata         0x08004f70       0x40
                0x08004f70                        . = ALIGN (0x4)
 *(.rodata)
 *(.rodata*)
 .rodata.AHBPrescTable
                0x08004f70       0x10 ./Core/Src/system_stm32f1xx.o
                0x08004f70                AHBPrescTable
 .rodata.APBPrescTable
                0x08004f80        0x8 ./Core/Src/system_stm32f1xx.o
                0x08004f80                APBPrescTable
 .rodata.aPLLMULFactorTable.1
                0x08004f88       0x10 ./Drivers/STM32F1xx_HAL_Driver/Src/stm32f1xx_hal_rcc.o
 .rodata.aPredivFactorTable.0
                0x08004f98        0x2 ./Drivers/STM32F1xx_HAL_Driver/Src/stm32f1xx_hal_rcc.o
 *fill*         0x08004f9a        0x2 
 .rodata.aPLLMULFactorTable.1
                0x08004f9c       0x10 ./Drivers/STM32F1xx_HAL_Driver/Src/stm32f1xx_hal_rcc_ex.o
 .rodata.aPredivFactorTable.0
                0x08004fac        0x2 ./Drivers/STM32F1xx_HAL_Driver/Src/stm32f1xx_hal_rcc_ex.o
                0x08004fb0                        . = ALIGN (0x4)
 *fill*         0x08004fae        0x2 

.ARM.extab      0x08004fb0        0x0
                0x08004fb0                        . = ALIGN (0x4)
 *(.ARM.extab* .gnu.linkonce.armextab.*)
                0x08004fb0                        . = ALIGN (0x4)

.ARM            0x08004fb0        0x0
                0x08004fb0                        . = ALIGN (0x4)
                0x08004fb0                        __exidx_start = .
 *(.ARM.exidx*)
                0x08004fb0                        __exidx_end = .
                0x08004fb0                        . = ALIGN (0x4)

.preinit_array  0x08004fb0        0x0
                0x08004fb0                        . = ALIGN (0x4)
                0x08004fb0                        PROVIDE (__preinit_array_start = .)
 *(.preinit_array*)
                0x08004fb0                        PROVIDE (__preinit_array_end = .)
                0x08004fb0                        . = ALIGN (0x4)

.init_array     0x08004fb0        0x4
                0x08004fb0                        . = ALIGN (0x4)
                0x08004fb0                        PROVIDE (__init_array_start = .)
 *(SORT_BY_NAME(.init_array.*))
 *(.init_array*)
 .init_array    0x08004fb0        0x4 C:/ST/STM32CubeIDE_1.17.0/STM32CubeIDE/plugins/com.st.stm32cube.ide.mcu.externaltools.gnu-tools-for-stm32.13.3.rel1.win32_1.0.0.202411081344/tools/bin/../lib/gcc/arm-none-eabi/13.3.1/thumb/v7-m/nofp/crtbegin.o
                0x08004fb4                        PROVIDE (__init_array_end = .)
                0x08004fb4                        . = ALIGN (0x4)

.fini_array     0x08004fb4        0x4
                0x08004fb4                        . = ALIGN (0x4)
                [!provide]                        PROVIDE (__fini_array_start = .)
 *(SORT_BY_NAME(.fini_array.*))
 *(.fini_array*)
 .fini_array    0x08004fb4        0x4 C:/ST/STM32CubeIDE_1.17.0/STM32CubeIDE/plugins/com.st.stm32cube.ide.mcu.externaltools.gnu-tools-for-stm32.13.3.rel1.win32_1.0.0.202411081344/tools/bin/../lib/gcc/arm-none-eabi/13.3.1/thumb/v7-m/nofp/crtbegin.o
                [!provide]                        PROVIDE (__fini_array_end = .)
                0x08004fb8                        . = ALIGN (0x4)
                0x08004fb8                        _sidata = LOADADDR (.data)

.rel.dyn        0x08004fb8        0x0
 .rel.iplt      0x08004fb8        0x0 C:/ST/STM32CubeIDE_1.17.0/STM32CubeIDE/plugins/com.st.stm32cube.ide.mcu.externaltools.gnu-tools-for-stm32.13.3.rel1.win32_1.0.0.202411081344/tools/bin/../lib/gcc/arm-none-eabi/13.3.1/thumb/v7-m/nofp/crtbegin.o

.data           0x20000000        0xc load address 0x08004fb8
                0x20000000                        . = ALIGN (0x4)
                0x20000000                        _sdata = .
 *(.data)
 *(.data*)
 .data.SystemCoreClock
                0x20000000        0x4 ./Core/Src/system_stm32f1xx.o
                0x20000000                SystemCoreClock
 .data.uwTickPrio
                0x20000004        0x4 ./Drivers/STM32F1xx_HAL_Driver/Src/stm32f1xx_hal.o
                0x20000004                uwTickPrio
 .data.uwTickFreq
                0x20000008        0x1 ./Drivers/STM32F1xx_HAL_Driver/Src/stm32f1xx_hal.o
                0x20000008                uwTickFreq
 *(.RamFunc)
 *(.RamFunc*)
                0x2000000c                        . = ALIGN (0x4)
 *fill*         0x20000009        0x3 
                0x2000000c                        _edata = .

.igot.plt       0x2000000c        0x0 load address 0x08004fc4
 .igot.plt      0x2000000c        0x0 C:/ST/STM32CubeIDE_1.17.0/STM32CubeIDE/plugins/com.st.stm32cube.ide.mcu.externaltools.gnu-tools-for-stm32.13.3.rel1.win32_1.0.0.202411081344/tools/bin/../lib/gcc/arm-none-eabi/13.3.1/thumb/v7-m/nofp/crtbegin.o
                0x2000000c                        . = ALIGN (0x4)

.bss            0x2000000c      0x180 load address 0x08004fc4
                0x2000000c                        _sbss = .
                0x2000000c                        __bss_start__ = _sbss
 *(.bss)
 .bss           0x2000000c       0x1c C:/ST/STM32CubeIDE_1.17.0/STM32CubeIDE/plugins/com.st.stm32cube.ide.mcu.externaltools.gnu-tools-for-stm32.13.3.rel1.win32_1.0.0.202411081344/tools/bin/../lib/gcc/arm-none-eabi/13.3.1/thumb/v7-m/nofp/crtbegin.o
 *(.bss*)
 .bss.hadc1     0x20000028       0x30 ./Core/Src/main.o
                0x20000028                hadc1
 .bss.hadc2     0x20000058       0x30 ./Core/Src/main.o
                0x20000058                hadc2
 .bss.hrtc      0x20000088       0x14 ./Core/Src/main.o
                0x20000088                hrtc
 .bss.hspi1     0x2000009c       0x58 ./Core/Src/main.o
                0x2000009c                hspi1
 .bss.htim2     0x200000f4       0x48 ./Core/Src/main.o
                0x200000f4                htim2
 .bss.hw_serial
                0x2000013c        0xc ./Core/Src/main.o
                0x2000013c                hw_serial
 .bss.Battery   0x20000148        0x8 ./Core/Src/main.o
                0x20000148                Battery
 .bss.packet    0x20000150        0xc ./Core/Src/main.o
                0x20000150                packet
 .bss.uwTick    0x2000015c        0x4 ./Drivers/STM32F1xx_HAL_Driver/Src/stm32f1xx_hal.o
                0x2000015c                uwTick
 .bss.myLoRa    0x20000160       0x2c ./Shared/LoraSender.o
                0x20000160                myLoRa
 *(COMMON)
                0x2000018c                        . = ALIGN (0x4)
                0x2000018c                        _ebss = .
                0x2000018c                        __bss_end__ = _ebss

._user_heap_stack
                0x2000018c      0x604 load address 0x08004fc4
                0x20000190                        . = ALIGN (0x8)
 *fill*         0x2000018c        0x4 
                [!provide]                        PROVIDE (end = .)
                0x20000190                        PROVIDE (_end = .)
                0x20000390                        . = (. + _Min_Heap_Size)
 *fill*         0x20000190      0x200 
                0x20000790                        . = (. + _Min_Stack_Size)
 *fill*         0x20000390      0x400 
                0x20000790                        . = ALIGN (0x8)

/DISCARD/
 libc.a(*)
 libm.a(*)
 libgcc.a(*)

.ARM.attributes
                0x00000000       0x29
 *(.ARM.attributes)
 .ARM.attributes
                0x00000000       0x1d C:/ST/STM32CubeIDE_1.17.0/STM32CubeIDE/plugins/com.st.stm32cube.ide.mcu.externaltools.gnu-tools-for-stm32.13.3.rel1.win32_1.0.0.202411081344/tools/bin/../lib/gcc/arm-none-eabi/13.3.1/thumb/v7-m/nofp/crti.o
 .ARM.attributes
                0x0000001d       0x2d C:/ST/STM32CubeIDE_1.17.0/STM32CubeIDE/plugins/com.st.stm32cube.ide.mcu.externaltools.gnu-tools-for-stm32.13.3.rel1.win32_1.0.0.202411081344/tools/bin/../lib/gcc/arm-none-eabi/13.3.1/thumb/v7-m/nofp/crtbegin.o
 .ARM.attributes
                0x0000004a       0x2d ./Core/Src/main.o
 .ARM.attributes
                0x00000077       0x2d ./Core/Src/stm32f1xx_hal_msp.o
 .ARM.attributes
                0x000000a4       0x2d ./Core/Src/stm32f1xx_it.o
 .ARM.attributes
                0x000000d1       0x2d ./Core/Src/system_stm32f1xx.o
 .ARM.attributes
                0x000000fe       0x21 ./Core/Startup/startup_stm32f103c6tx.o
 .ARM.attributes
                0x0000011f       0x2d ./Drivers/STM32F1xx_HAL_Driver/Src/stm32f1xx_hal.o
 .ARM.attributes
                0x0000014c       0x2d ./Drivers/STM32F1xx_HAL_Driver/Src/stm32f1xx_hal_adc.o
 .ARM.attributes
                0x00000179       0x2d ./Drivers/STM32F1xx_HAL_Driver/Src/stm32f1xx_hal_cortex.o
 .ARM.attributes
                0x000001a6       0x2d ./Drivers/STM32F1xx_HAL_Driver/Src/stm32f1xx_hal_gpio.o
 .ARM.attributes
                0x000001d3       0x2d ./Drivers/STM32F1xx_HAL_Driver/Src/stm32f1xx_hal_pwr.o
 .ARM.attributes
                0x00000200       0x2d ./Drivers/STM32F1xx_HAL_Driver/Src/stm32f1xx_hal_rcc.o
 .ARM.attributes
                0x0000022d       0x2d ./Drivers/STM32F1xx_HAL_Driver/Src/stm32f1xx_hal_rcc_ex.o
 .ARM.attributes
                0x0000025a       0x2d ./Drivers/STM32F1xx_HAL_Driver/Src/stm32f1xx_hal_rtc.o
 .ARM.attributes
                0x00000287       0x2d ./Drivers/STM32F1xx_HAL_Driver/Src/stm32f1xx_hal_rtc_ex.o
 .ARM.attributes
                0x000002b4       0x2d ./Drivers/STM32F1xx_HAL_Driver/Src/stm32f1xx_hal_spi.o
 .ARM.attributes
                0x000002e1       0x2d ./Drivers/STM32F1xx_HAL_Driver/Src/stm32f1xx_hal_tim.o
 .ARM.attributes
                0x0000030e       0x2d ./Drivers/STM32F1xx_HAL_Driver/Src/stm32f1xx_hal_tim_ex.o
 .ARM.attributes
                0x0000033b       0x2d ./Shared/AlarmReset.o
 .ARM.attributes
                0x00000368       0x2d ./Shared/BatteryLevel.o
 .ARM.attributes
                0x00000395       0x2d ./Shared/Delay_ns.o
 .ARM.attributes
                0x000003c2       0x2d ./Shared/InfraSensor.o
 .ARM.attributes
                0x000003ef       0x2d ./Shared/LoRa.o
 .ARM.attributes
                0x0000041c       0x2d ./Shared/LoraSender.o
 .ARM.attributes
                0x00000449       0x2d ./Shared/SerialNumber.o
 .ARM.attributes
                0x00000476       0x2d C:/ST/STM32CubeIDE_1.17.0/STM32CubeIDE/plugins/com.st.stm32cube.ide.mcu.externaltools.gnu-tools-for-stm32.13.3.rel1.win32_1.0.0.202411081344/tools/bin/../lib/gcc/arm-none-eabi/13.3.1/../../../../arm-none-eabi/lib/thumb/v7-m/nofp\libc_nano.a(libc_a-memset.o)
 .ARM.attributes
                0x000004a3       0x2d C:/ST/STM32CubeIDE_1.17.0/STM32CubeIDE/plugins/com.st.stm32cube.ide.mcu.externaltools.gnu-tools-for-stm32.13.3.rel1.win32_1.0.0.202411081344/tools/bin/../lib/gcc/arm-none-eabi/13.3.1/../../../../arm-none-eabi/lib/thumb/v7-m/nofp\libc_nano.a(libc_a-init.o)
 .ARM.attributes
                0x000004d0       0x1d C:/ST/STM32CubeIDE_1.17.0/STM32CubeIDE/plugins/com.st.stm32cube.ide.mcu.externaltools.gnu-tools-for-stm32.13.3.rel1.win32_1.0.0.202411081344/tools/bin/../lib/gcc/arm-none-eabi/13.3.1/thumb/v7-m/nofp\libgcc.a(_arm_addsubsf3.o)
 .ARM.attributes
                0x000004ed       0x1d C:/ST/STM32CubeIDE_1.17.0/STM32CubeIDE/plugins/com.st.stm32cube.ide.mcu.externaltools.gnu-tools-for-stm32.13.3.rel1.win32_1.0.0.202411081344/tools/bin/../lib/gcc/arm-none-eabi/13.3.1/thumb/v7-m/nofp\libgcc.a(_arm_muldivsf3.o)
 .ARM.attributes
                0x0000050a       0x1d C:/ST/STM32CubeIDE_1.17.0/STM32CubeIDE/plugins/com.st.stm32cube.ide.mcu.externaltools.gnu-tools-for-stm32.13.3.rel1.win32_1.0.0.202411081344/tools/bin/../lib/gcc/arm-none-eabi/13.3.1/thumb/v7-m/nofp\libgcc.a(_arm_cmpsf2.o)
 .ARM.attributes
                0x00000527       0x1d C:/ST/STM32CubeIDE_1.17.0/STM32CubeIDE/plugins/com.st.stm32cube.ide.mcu.externaltools.gnu-tools-for-stm32.13.3.rel1.win32_1.0.0.202411081344/tools/bin/../lib/gcc/arm-none-eabi/13.3.1/thumb/v7-m/nofp\libgcc.a(_arm_fixunssfsi.o)
 .ARM.attributes
                0x00000544       0x1d C:/ST/STM32CubeIDE_1.17.0/STM32CubeIDE/plugins/com.st.stm32cube.ide.mcu.externaltools.gnu-tools-for-stm32.13.3.rel1.win32_1.0.0.202411081344/tools/bin/../lib/gcc/arm-none-eabi/13.3.1/thumb/v7-m/nofp/crtn.o
OUTPUT(FlameSensorSender.elf elf32-littlearm)
LOAD linker stubs
LOAD C:/ST/STM32CubeIDE_1.17.0/STM32CubeIDE/plugins/com.st.stm32cube.ide.mcu.externaltools.gnu-tools-for-stm32.13.3.rel1.win32_1.0.0.202411081344/tools/bin/../lib/gcc/arm-none-eabi/13.3.1/../../../../arm-none-eabi/lib/thumb/v7-m/nofp\libc.a
LOAD C:/ST/STM32CubeIDE_1.17.0/STM32CubeIDE/plugins/com.st.stm32cube.ide.mcu.externaltools.gnu-tools-for-stm32.13.3.rel1.win32_1.0.0.202411081344/tools/bin/../lib/gcc/arm-none-eabi/13.3.1/../../../../arm-none-eabi/lib/thumb/v7-m/nofp\libm.a
LOAD C:/ST/STM32CubeIDE_1.17.0/STM32CubeIDE/plugins/com.st.stm32cube.ide.mcu.externaltools.gnu-tools-for-stm32.13.3.rel1.win32_1.0.0.202411081344/tools/bin/../lib/gcc/arm-none-eabi/13.3.1/thumb/v7-m/nofp\libgcc.a

.debug_info     0x00000000     0xf724
 .debug_info    0x00000000     0x15d0 ./Core/Src/main.o
 .debug_info    0x000015d0     0x123c ./Core/Src/stm32f1xx_hal_msp.o
 .debug_info    0x0000280c      0x32e ./Core/Src/stm32f1xx_it.o
 .debug_info    0x00002b3a      0x222 ./Core/Src/system_stm32f1xx.o
 .debug_info    0x00002d5c       0x30 ./Core/Startup/startup_stm32f103c6tx.o
 .debug_info    0x00002d8c      0x6e6 ./Drivers/STM32F1xx_HAL_Driver/Src/stm32f1xx_hal.o
 .debug_info    0x00003472      0xc50 ./Drivers/STM32F1xx_HAL_Driver/Src/stm32f1xx_hal_adc.o
 .debug_info    0x000040c2      0xa69 ./Drivers/STM32F1xx_HAL_Driver/Src/stm32f1xx_hal_cortex.o
 .debug_info    0x00004b2b      0x5ab ./Drivers/STM32F1xx_HAL_Driver/Src/stm32f1xx_hal_gpio.o
 .debug_info    0x000050d6      0x628 ./Drivers/STM32F1xx_HAL_Driver/Src/stm32f1xx_hal_pwr.o
 .debug_info    0x000056fe      0x7d5 ./Drivers/STM32F1xx_HAL_Driver/Src/stm32f1xx_hal_rcc.o
 .debug_info    0x00005ed3      0x3c0 ./Drivers/STM32F1xx_HAL_Driver/Src/stm32f1xx_hal_rcc_ex.o
 .debug_info    0x00006293      0xc73 ./Drivers/STM32F1xx_HAL_Driver/Src/stm32f1xx_hal_rtc.o
 .debug_info    0x00006f06      0x6a7 ./Drivers/STM32F1xx_HAL_Driver/Src/stm32f1xx_hal_rtc_ex.o
 .debug_info    0x000075ad     0x142d ./Drivers/STM32F1xx_HAL_Driver/Src/stm32f1xx_hal_spi.o
 .debug_info    0x000089da     0x2959 ./Drivers/STM32F1xx_HAL_Driver/Src/stm32f1xx_hal_tim.o
 .debug_info    0x0000b333     0x149b ./Drivers/STM32F1xx_HAL_Driver/Src/stm32f1xx_hal_tim_ex.o
 .debug_info    0x0000c7ce      0x3de ./Shared/AlarmReset.o
 .debug_info    0x0000cbac      0x61f ./Shared/BatteryLevel.o
 .debug_info    0x0000d1cb      0x660 ./Shared/Delay_ns.o
 .debug_info    0x0000d82b      0x705 ./Shared/InfraSensor.o
 .debug_info    0x0000df30      0xdf3 ./Shared/LoRa.o
 .debug_info    0x0000ed23      0x8e8 ./Shared/LoraSender.o
 .debug_info    0x0000f60b      0x119 ./Shared/SerialNumber.o

.debug_abbrev   0x00000000     0x2e8b
 .debug_abbrev  0x00000000      0x2e0 ./Core/Src/main.o
 .debug_abbrev  0x000002e0      0x24b ./Core/Src/stm32f1xx_hal_msp.o
 .debug_abbrev  0x0000052b      0x14a ./Core/Src/stm32f1xx_it.o
 .debug_abbrev  0x00000675      0x13f ./Core/Src/system_stm32f1xx.o
 .debug_abbrev  0x000007b4       0x24 ./Core/Startup/startup_stm32f103c6tx.o
 .debug_abbrev  0x000007d8      0x201 ./Drivers/STM32F1xx_HAL_Driver/Src/stm32f1xx_hal.o
 .debug_abbrev  0x000009d9      0x225 ./Drivers/STM32F1xx_HAL_Driver/Src/stm32f1xx_hal_adc.o
 .debug_abbrev  0x00000bfe      0x2f8 ./Drivers/STM32F1xx_HAL_Driver/Src/stm32f1xx_hal_cortex.o
 .debug_abbrev  0x00000ef6      0x1ca ./Drivers/STM32F1xx_HAL_Driver/Src/stm32f1xx_hal_gpio.o
 .debug_abbrev  0x000010c0      0x1f6 ./Drivers/STM32F1xx_HAL_Driver/Src/stm32f1xx_hal_pwr.o
 .debug_abbrev  0x000012b6      0x2b3 ./Drivers/STM32F1xx_HAL_Driver/Src/stm32f1xx_hal_rcc.o
 .debug_abbrev  0x00001569      0x188 ./Drivers/STM32F1xx_HAL_Driver/Src/stm32f1xx_hal_rcc_ex.o
 .debug_abbrev  0x000016f1      0x23a ./Drivers/STM32F1xx_HAL_Driver/Src/stm32f1xx_hal_rtc.o
 .debug_abbrev  0x0000192b      0x22b ./Drivers/STM32F1xx_HAL_Driver/Src/stm32f1xx_hal_rtc_ex.o
 .debug_abbrev  0x00001b56      0x27a ./Drivers/STM32F1xx_HAL_Driver/Src/stm32f1xx_hal_spi.o
 .debug_abbrev  0x00001dd0      0x277 ./Drivers/STM32F1xx_HAL_Driver/Src/stm32f1xx_hal_tim.o
 .debug_abbrev  0x00002047      0x282 ./Drivers/STM32F1xx_HAL_Driver/Src/stm32f1xx_hal_tim_ex.o
 .debug_abbrev  0x000022c9      0x183 ./Shared/AlarmReset.o
 .debug_abbrev  0x0000244c      0x193 ./Shared/BatteryLevel.o
 .debug_abbrev  0x000025df      0x176 ./Shared/Delay_ns.o
 .debug_abbrev  0x00002755      0x1bd ./Shared/InfraSensor.o
 .debug_abbrev  0x00002912      0x28a ./Shared/LoRa.o
 .debug_abbrev  0x00002b9c      0x24f ./Shared/LoraSender.o
 .debug_abbrev  0x00002deb       0xa0 ./Shared/SerialNumber.o

.debug_aranges  0x00000000     0x1040
 .debug_aranges
                0x00000000       0x60 ./Core/Src/main.o
 .debug_aranges
                0x00000060       0x60 ./Core/Src/stm32f1xx_hal_msp.o
 .debug_aranges
                0x000000c0       0x68 ./Core/Src/stm32f1xx_it.o
 .debug_aranges
                0x00000128       0x28 ./Core/Src/system_stm32f1xx.o
 .debug_aranges
                0x00000150       0x28 ./Core/Startup/startup_stm32f103c6tx.o
 .debug_aranges
                0x00000178       0xe0 ./Drivers/STM32F1xx_HAL_Driver/Src/stm32f1xx_hal.o
 .debug_aranges
                0x00000258       0xf0 ./Drivers/STM32F1xx_HAL_Driver/Src/stm32f1xx_hal_adc.o
 .debug_aranges
                0x00000348      0x100 ./Drivers/STM32F1xx_HAL_Driver/Src/stm32f1xx_hal_cortex.o
 .debug_aranges
                0x00000448       0x58 ./Drivers/STM32F1xx_HAL_Driver/Src/stm32f1xx_hal_gpio.o
 .debug_aranges
                0x000004a0       0xa8 ./Drivers/STM32F1xx_HAL_Driver/Src/stm32f1xx_hal_pwr.o
 .debug_aranges
                0x00000548       0x90 ./Drivers/STM32F1xx_HAL_Driver/Src/stm32f1xx_hal_rcc.o
 .debug_aranges
                0x000005d8       0x30 ./Drivers/STM32F1xx_HAL_Driver/Src/stm32f1xx_hal_rcc_ex.o
 .debug_aranges
                0x00000608       0xf8 ./Drivers/STM32F1xx_HAL_Driver/Src/stm32f1xx_hal_rtc.o
 .debug_aranges
                0x00000700       0x88 ./Drivers/STM32F1xx_HAL_Driver/Src/stm32f1xx_hal_rtc_ex.o
 .debug_aranges
                0x00000788      0x1d0 ./Drivers/STM32F1xx_HAL_Driver/Src/stm32f1xx_hal_spi.o
 .debug_aranges
                0x00000958      0x3d0 ./Drivers/STM32F1xx_HAL_Driver/Src/stm32f1xx_hal_tim.o
 .debug_aranges
                0x00000d28      0x168 ./Drivers/STM32F1xx_HAL_Driver/Src/stm32f1xx_hal_tim_ex.o
 .debug_aranges
                0x00000e90       0x20 ./Shared/AlarmReset.o
 .debug_aranges
                0x00000eb0       0x28 ./Shared/BatteryLevel.o
 .debug_aranges
                0x00000ed8       0x20 ./Shared/Delay_ns.o
 .debug_aranges
                0x00000ef8       0x20 ./Shared/InfraSensor.o
 .debug_aranges
                0x00000f18       0xc8 ./Shared/LoRa.o
 .debug_aranges
                0x00000fe0       0x40 ./Shared/LoraSender.o
 .debug_aranges
                0x00001020       0x20 ./Shared/SerialNumber.o

.debug_rnglists
                0x00000000      0xc64
 .debug_rnglists
                0x00000000       0x48 ./Core/Src/main.o
 .debug_rnglists
                0x00000048       0x45 ./Core/Src/stm32f1xx_hal_msp.o
 .debug_rnglists
                0x0000008d       0x49 ./Core/Src/stm32f1xx_it.o
 .debug_rnglists
                0x000000d6       0x1a ./Core/Src/system_stm32f1xx.o
 .debug_rnglists
                0x000000f0       0x19 ./Core/Startup/startup_stm32f103c6tx.o
 .debug_rnglists
                0x00000109       0xa3 ./Drivers/STM32F1xx_HAL_Driver/Src/stm32f1xx_hal.o
 .debug_rnglists
                0x000001ac       0xbc ./Drivers/STM32F1xx_HAL_Driver/Src/stm32f1xx_hal_adc.o
 .debug_rnglists
                0x00000268       0xbb ./Drivers/STM32F1xx_HAL_Driver/Src/stm32f1xx_hal_cortex.o
 .debug_rnglists
                0x00000323       0x3f ./Drivers/STM32F1xx_HAL_Driver/Src/stm32f1xx_hal_gpio.o
 .debug_rnglists
                0x00000362       0x7a ./Drivers/STM32F1xx_HAL_Driver/Src/stm32f1xx_hal_pwr.o
 .debug_rnglists
                0x000003dc       0x6c ./Drivers/STM32F1xx_HAL_Driver/Src/stm32f1xx_hal_rcc.o
 .debug_rnglists
                0x00000448       0x21 ./Drivers/STM32F1xx_HAL_Driver/Src/stm32f1xx_hal_rcc_ex.o
 .debug_rnglists
                0x00000469       0xc1 ./Drivers/STM32F1xx_HAL_Driver/Src/stm32f1xx_hal_rtc.o
 .debug_rnglists
                0x0000052a       0x63 ./Drivers/STM32F1xx_HAL_Driver/Src/stm32f1xx_hal_rtc_ex.o
 .debug_rnglists
                0x0000058d      0x16e ./Drivers/STM32F1xx_HAL_Driver/Src/stm32f1xx_hal_spi.o
 .debug_rnglists
                0x000006fb      0x31a ./Drivers/STM32F1xx_HAL_Driver/Src/stm32f1xx_hal_tim.o
 .debug_rnglists
                0x00000a15      0x125 ./Drivers/STM32F1xx_HAL_Driver/Src/stm32f1xx_hal_tim_ex.o
 .debug_rnglists
                0x00000b3a       0x13 ./Shared/AlarmReset.o
 .debug_rnglists
                0x00000b4d       0x1b ./Shared/BatteryLevel.o
 .debug_rnglists
                0x00000b68       0x13 ./Shared/Delay_ns.o
 .debug_rnglists
                0x00000b7b       0x14 ./Shared/InfraSensor.o
 .debug_rnglists
                0x00000b8f       0x96 ./Shared/LoRa.o
 .debug_rnglists
                0x00000c25       0x2c ./Shared/LoraSender.o
 .debug_rnglists
                0x00000c51       0x13 ./Shared/SerialNumber.o

.debug_macro    0x00000000    0x197e1
 .debug_macro   0x00000000      0x2f4 ./Core/Src/main.o
 .debug_macro   0x000002f4      0xacc ./Core/Src/main.o
 .debug_macro   0x00000dc0      0x227 ./Core/Src/main.o
 .debug_macro   0x00000fe7       0x2e ./Core/Src/main.o
 .debug_macro   0x00001015       0x22 ./Core/Src/main.o
 .debug_macro   0x00001037       0x22 ./Core/Src/main.o
 .debug_macro   0x00001059       0x8e ./Core/Src/main.o
 .debug_macro   0x000010e7       0x51 ./Core/Src/main.o
 .debug_macro   0x00001138      0x103 ./Core/Src/main.o
 .debug_macro   0x0000123b       0x6a ./Core/Src/main.o
 .debug_macro   0x000012a5      0x1df ./Core/Src/main.o
 .debug_macro   0x00001484       0x1c ./Core/Src/main.o
 .debug_macro   0x000014a0       0x22 ./Core/Src/main.o
 .debug_macro   0x000014c2       0xbd ./Core/Src/main.o
 .debug_macro   0x0000157f      0xd23 ./Core/Src/main.o
 .debug_macro   0x000022a2     0xde75 ./Core/Src/main.o
 .debug_macro   0x00010117       0x6d ./Core/Src/main.o
 .debug_macro   0x00010184     0x34a2 ./Core/Src/main.o
 .debug_macro   0x00013626      0x190 ./Core/Src/main.o
 .debug_macro   0x000137b6       0x5c ./Core/Src/main.o
 .debug_macro   0x00013812      0x5bc ./Core/Src/main.o
 .debug_macro   0x00013dce      0x1b7 ./Core/Src/main.o
 .debug_macro   0x00013f85      0x1cb ./Core/Src/main.o
 .debug_macro   0x00014150      0x114 ./Core/Src/main.o
 .debug_macro   0x00014264      0x1b2 ./Core/Src/main.o
 .debug_macro   0x00014416       0x27 ./Core/Src/main.o
 .debug_macro   0x0001443d      0x12f ./Core/Src/main.o
 .debug_macro   0x0001456c      0x1bc ./Core/Src/main.o
 .debug_macro   0x00014728       0x34 ./Core/Src/main.o
 .debug_macro   0x0001475c       0x3c ./Core/Src/main.o
 .debug_macro   0x00014798       0x57 ./Core/Src/main.o
 .debug_macro   0x000147ef      0x46a ./Core/Src/main.o
 .debug_macro   0x00014c59      0x1b5 ./Core/Src/main.o
 .debug_macro   0x00014e0e       0x87 ./Core/Src/main.o
 .debug_macro   0x00014e95      0x183 ./Core/Src/main.o
 .debug_macro   0x00015018      0x140 ./Core/Src/main.o
 .debug_macro   0x00015158      0x1ef ./Core/Src/main.o
 .debug_macro   0x00015347       0xeb ./Core/Src/main.o
 .debug_macro   0x00015432      0x217 ./Core/Src/main.o
 .debug_macro   0x00015649      0x8ed ./Core/Src/main.o
 .debug_macro   0x00015f36       0x69 ./Core/Src/main.o
 .debug_macro   0x00015f9f       0x64 ./Core/Src/main.o
 .debug_macro   0x00016003       0x61 ./Core/Src/main.o
 .debug_macro   0x00016064       0x24 ./Core/Src/main.o
 .debug_macro   0x00016088       0x43 ./Core/Src/main.o
 .debug_macro   0x000160cb       0x34 ./Core/Src/main.o
 .debug_macro   0x000160ff       0x16 ./Core/Src/main.o
 .debug_macro   0x00016115       0x3c ./Core/Src/main.o
 .debug_macro   0x00016151      0x370 ./Core/Src/main.o
 .debug_macro   0x000164c1       0x10 ./Core/Src/main.o
 .debug_macro   0x000164d1       0x16 ./Core/Src/main.o
 .debug_macro   0x000164e7       0x4a ./Core/Src/main.o
 .debug_macro   0x00016531       0x34 ./Core/Src/main.o
 .debug_macro   0x00016565       0x10 ./Core/Src/main.o
 .debug_macro   0x00016575       0x58 ./Core/Src/main.o
 .debug_macro   0x000165cd       0x8e ./Core/Src/main.o
 .debug_macro   0x0001665b       0x1c ./Core/Src/main.o
 .debug_macro   0x00016677      0x185 ./Core/Src/main.o
 .debug_macro   0x000167fc       0x16 ./Core/Src/main.o
 .debug_macro   0x00016812       0x16 ./Core/Src/main.o
 .debug_macro   0x00016828      0x146 ./Core/Src/main.o
 .debug_macro   0x0001696e      0x1d8 ./Core/Src/stm32f1xx_hal_msp.o
 .debug_macro   0x00016b46      0x1e2 ./Core/Src/stm32f1xx_it.o
 .debug_macro   0x00016d28      0x1c9 ./Core/Src/system_stm32f1xx.o
 .debug_macro   0x00016ef1      0x1ed ./Drivers/STM32F1xx_HAL_Driver/Src/stm32f1xx_hal.o
 .debug_macro   0x000170de      0x1e6 ./Drivers/STM32F1xx_HAL_Driver/Src/stm32f1xx_hal_adc.o
 .debug_macro   0x000172c4      0x1c9 ./Drivers/STM32F1xx_HAL_Driver/Src/stm32f1xx_hal_cortex.o
 .debug_macro   0x0001748d      0x234 ./Drivers/STM32F1xx_HAL_Driver/Src/stm32f1xx_hal_gpio.o
 .debug_macro   0x000176c1      0x229 ./Drivers/STM32F1xx_HAL_Driver/Src/stm32f1xx_hal_pwr.o
 .debug_macro   0x000178ea      0x1db ./Drivers/STM32F1xx_HAL_Driver/Src/stm32f1xx_hal_rcc.o
 .debug_macro   0x00017ac5      0x1c9 ./Drivers/STM32F1xx_HAL_Driver/Src/stm32f1xx_hal_rcc_ex.o
 .debug_macro   0x00017c8e      0x1d8 ./Drivers/STM32F1xx_HAL_Driver/Src/stm32f1xx_hal_rtc.o
 .debug_macro   0x00017e66      0x1c9 ./Drivers/STM32F1xx_HAL_Driver/Src/stm32f1xx_hal_rtc_ex.o
 .debug_macro   0x0001802f      0x1d1 ./Drivers/STM32F1xx_HAL_Driver/Src/stm32f1xx_hal_spi.o
 .debug_macro   0x00018200      0x1ca ./Drivers/STM32F1xx_HAL_Driver/Src/stm32f1xx_hal_tim.o
 .debug_macro   0x000183ca      0x1c9 ./Drivers/STM32F1xx_HAL_Driver/Src/stm32f1xx_hal_tim_ex.o
 .debug_macro   0x00018593      0x1d3 ./Shared/AlarmReset.o
 .debug_macro   0x00018766      0x288 ./Shared/BatteryLevel.o
 .debug_macro   0x000189ee      0x19b ./Shared/BatteryLevel.o
 .debug_macro   0x00018b89      0x1d3 ./Shared/Delay_ns.o
 .debug_macro   0x00018d5c      0x1fa ./Shared/InfraSensor.o
 .debug_macro   0x00018f56       0x6a ./Shared/InfraSensor.o
 .debug_macro   0x00018fc0      0x1e1 ./Shared/LoRa.o
 .debug_macro   0x000191a1      0x172 ./Shared/LoRa.o
 .debug_macro   0x00019313      0x2f1 ./Shared/LoraSender.o
 .debug_macro   0x00019604      0x1dd ./Shared/SerialNumber.o

.debug_line     0x00000000    0x13b31
 .debug_line    0x00000000      0xbfa ./Core/Src/main.o
 .debug_line    0x00000bfa      0x897 ./Core/Src/stm32f1xx_hal_msp.o
 .debug_line    0x00001491      0x824 ./Core/Src/stm32f1xx_it.o
 .debug_line    0x00001cb5      0x7dc ./Core/Src/system_stm32f1xx.o
 .debug_line    0x00002491       0x78 ./Core/Startup/startup_stm32f103c6tx.o
 .debug_line    0x00002509      0xa0d ./Drivers/STM32F1xx_HAL_Driver/Src/stm32f1xx_hal.o
 .debug_line    0x00002f16     0x1032 ./Drivers/STM32F1xx_HAL_Driver/Src/stm32f1xx_hal_adc.o
 .debug_line    0x00003f48      0xbd7 ./Drivers/STM32F1xx_HAL_Driver/Src/stm32f1xx_hal_cortex.o
 .debug_line    0x00004b1f      0xa55 ./Drivers/STM32F1xx_HAL_Driver/Src/stm32f1xx_hal_gpio.o
 .debug_line    0x00005574      0x9b1 ./Drivers/STM32F1xx_HAL_Driver/Src/stm32f1xx_hal_pwr.o
 .debug_line    0x00005f25      0xec6 ./Drivers/STM32F1xx_HAL_Driver/Src/stm32f1xx_hal_rcc.o
 .debug_line    0x00006deb      0x977 ./Drivers/STM32F1xx_HAL_Driver/Src/stm32f1xx_hal_rcc_ex.o
 .debug_line    0x00007762     0x121c ./Drivers/STM32F1xx_HAL_Driver/Src/stm32f1xx_hal_rtc.o
 .debug_line    0x0000897e      0xa24 ./Drivers/STM32F1xx_HAL_Driver/Src/stm32f1xx_hal_rtc_ex.o
 .debug_line    0x000093a2     0x1ca4 ./Drivers/STM32F1xx_HAL_Driver/Src/stm32f1xx_hal_spi.o
 .debug_line    0x0000b046     0x34b2 ./Drivers/STM32F1xx_HAL_Driver/Src/stm32f1xx_hal_tim.o
 .debug_line    0x0000e4f8     0x18a1 ./Drivers/STM32F1xx_HAL_Driver/Src/stm32f1xx_hal_tim_ex.o
 .debug_line    0x0000fd99      0x795 ./Shared/AlarmReset.o
 .debug_line    0x0001052e      0x934 ./Shared/BatteryLevel.o
 .debug_line    0x00010e62      0x784 ./Shared/Delay_ns.o
 .debug_line    0x000115e6      0x7f0 ./Shared/InfraSensor.o
 .debug_line    0x00011dd6      0xbff ./Shared/LoRa.o
 .debug_line    0x000129d5      0x9bc ./Shared/LoraSender.o
 .debug_line    0x00013391      0x7a0 ./Shared/SerialNumber.o

.debug_str      0x00000000    0x8f982
 .debug_str     0x00000000    0x8f982 ./Core/Src/main.o
                              0x8b818 (size before relaxing)
 .debug_str     0x0008f982    0x87e8d ./Core/Src/stm32f1xx_hal_msp.o
 .debug_str     0x0008f982    0x87352 ./Core/Src/stm32f1xx_it.o
 .debug_str     0x0008f982    0x8701a ./Core/Src/system_stm32f1xx.o
 .debug_str     0x0008f982       0x79 ./Core/Startup/startup_stm32f103c6tx.o
 .debug_str     0x0008f982    0x87713 ./Drivers/STM32F1xx_HAL_Driver/Src/stm32f1xx_hal.o
 .debug_str     0x0008f982    0x876fe ./Drivers/STM32F1xx_HAL_Driver/Src/stm32f1xx_hal_adc.o
 .debug_str     0x0008f982    0x8765f ./Drivers/STM32F1xx_HAL_Driver/Src/stm32f1xx_hal_cortex.o
 .debug_str     0x0008f982    0x873a0 ./Drivers/STM32F1xx_HAL_Driver/Src/stm32f1xx_hal_gpio.o
 .debug_str     0x0008f982    0x87551 ./Drivers/STM32F1xx_HAL_Driver/Src/stm32f1xx_hal_pwr.o
 .debug_str     0x0008f982    0x87449 ./Drivers/STM32F1xx_HAL_Driver/Src/stm32f1xx_hal_rcc.o
 .debug_str     0x0008f982    0x87199 ./Drivers/STM32F1xx_HAL_Driver/Src/stm32f1xx_hal_rcc_ex.o
 .debug_str     0x0008f982    0x87525 ./Drivers/STM32F1xx_HAL_Driver/Src/stm32f1xx_hal_rtc.o
 .debug_str     0x0008f982    0x87367 ./Drivers/STM32F1xx_HAL_Driver/Src/stm32f1xx_hal_rtc_ex.o
 .debug_str     0x0008f982    0x87940 ./Drivers/STM32F1xx_HAL_Driver/Src/stm32f1xx_hal_spi.o
 .debug_str     0x0008f982    0x8844b ./Drivers/STM32F1xx_HAL_Driver/Src/stm32f1xx_hal_tim.o
 .debug_str     0x0008f982    0x87c57 ./Drivers/STM32F1xx_HAL_Driver/Src/stm32f1xx_hal_tim_ex.o
 .debug_str     0x0008f982    0x871d5 ./Shared/AlarmReset.o
 .debug_str     0x0008f982    0x8ad02 ./Shared/BatteryLevel.o
 .debug_str     0x0008f982    0x874a6 ./Shared/Delay_ns.o
 .debug_str     0x0008f982    0x875d0 ./Shared/InfraSensor.o
 .debug_str     0x0008f982    0x87c0c ./Shared/LoRa.o
 .debug_str     0x0008f982    0x8b257 ./Shared/LoraSender.o
 .debug_str     0x0008f982    0x86ffd ./Shared/SerialNumber.o

.comment        0x00000000       0x43
 .comment       0x00000000       0x43 ./Core/Src/main.o
                                 0x44 (size before relaxing)
 .comment       0x00000043       0x44 ./Core/Src/stm32f1xx_hal_msp.o
 .comment       0x00000043       0x44 ./Core/Src/stm32f1xx_it.o
 .comment       0x00000043       0x44 ./Core/Src/system_stm32f1xx.o
 .comment       0x00000043       0x44 ./Drivers/STM32F1xx_HAL_Driver/Src/stm32f1xx_hal.o
 .comment       0x00000043       0x44 ./Drivers/STM32F1xx_HAL_Driver/Src/stm32f1xx_hal_adc.o
 .comment       0x00000043       0x44 ./Drivers/STM32F1xx_HAL_Driver/Src/stm32f1xx_hal_cortex.o
 .comment       0x00000043       0x44 ./Drivers/STM32F1xx_HAL_Driver/Src/stm32f1xx_hal_gpio.o
 .comment       0x00000043       0x44 ./Drivers/STM32F1xx_HAL_Driver/Src/stm32f1xx_hal_pwr.o
 .comment       0x00000043       0x44 ./Drivers/STM32F1xx_HAL_Driver/Src/stm32f1xx_hal_rcc.o
 .comment       0x00000043       0x44 ./Drivers/STM32F1xx_HAL_Driver/Src/stm32f1xx_hal_rcc_ex.o
 .comment       0x00000043       0x44 ./Drivers/STM32F1xx_HAL_Driver/Src/stm32f1xx_hal_rtc.o
 .comment       0x00000043       0x44 ./Drivers/STM32F1xx_HAL_Driver/Src/stm32f1xx_hal_rtc_ex.o
 .comment       0x00000043       0x44 ./Drivers/STM32F1xx_HAL_Driver/Src/stm32f1xx_hal_spi.o
 .comment       0x00000043       0x44 ./Drivers/STM32F1xx_HAL_Driver/Src/stm32f1xx_hal_tim.o
 .comment       0x00000043       0x44 ./Drivers/STM32F1xx_HAL_Driver/Src/stm32f1xx_hal_tim_ex.o
 .comment       0x00000043       0x44 ./Shared/AlarmReset.o
 .comment       0x00000043       0x44 ./Shared/BatteryLevel.o
 .comment       0x00000043       0x44 ./Shared/Delay_ns.o
 .comment       0x00000043       0x44 ./Shared/InfraSensor.o
 .comment       0x00000043       0x44 ./Shared/LoRa.o
 .comment       0x00000043       0x44 ./Shared/LoraSender.o
 .comment       0x00000043       0x44 ./Shared/SerialNumber.o

.debug_frame    0x00000000     0x4334
 .debug_frame   0x00000000      0x13c ./Core/Src/main.o
 .debug_frame   0x0000013c      0x160 ./Core/Src/stm32f1xx_hal_msp.o
 .debug_frame   0x0000029c      0x120 ./Core/Src/stm32f1xx_it.o
 .debug_frame   0x000003bc       0x58 ./Core/Src/system_stm32f1xx.o
 .debug_frame   0x00000414      0x334 ./Drivers/STM32F1xx_HAL_Driver/Src/stm32f1xx_hal.o
 .debug_frame   0x00000748      0x40c ./Drivers/STM32F1xx_HAL_Driver/Src/stm32f1xx_hal_adc.o
 .debug_frame   0x00000b54      0x428 ./Drivers/STM32F1xx_HAL_Driver/Src/stm32f1xx_hal_cortex.o
 .debug_frame   0x00000f7c      0x14c ./Drivers/STM32F1xx_HAL_Driver/Src/stm32f1xx_hal_gpio.o
 .debug_frame   0x000010c8      0x270 ./Drivers/STM32F1xx_HAL_Driver/Src/stm32f1xx_hal_pwr.o
 .debug_frame   0x00001338      0x218 ./Drivers/STM32F1xx_HAL_Driver/Src/stm32f1xx_hal_rcc.o
 .debug_frame   0x00001550       0x80 ./Drivers/STM32F1xx_HAL_Driver/Src/stm32f1xx_hal_rcc_ex.o
 .debug_frame   0x000015d0      0x434 ./Drivers/STM32F1xx_HAL_Driver/Src/stm32f1xx_hal_rtc.o
 .debug_frame   0x00001a04      0x234 ./Drivers/STM32F1xx_HAL_Driver/Src/stm32f1xx_hal_rtc_ex.o
 .debug_frame   0x00001c38      0x824 ./Drivers/STM32F1xx_HAL_Driver/Src/stm32f1xx_hal_spi.o
 .debug_frame   0x0000245c     0x11b4 ./Drivers/STM32F1xx_HAL_Driver/Src/stm32f1xx_hal_tim.o
 .debug_frame   0x00003610      0x638 ./Drivers/STM32F1xx_HAL_Driver/Src/stm32f1xx_hal_tim_ex.o
 .debug_frame   0x00003c48       0x34 ./Shared/AlarmReset.o
 .debug_frame   0x00003c7c       0x5c ./Shared/BatteryLevel.o
 .debug_frame   0x00003cd8       0x34 ./Shared/Delay_ns.o
 .debug_frame   0x00003d0c       0x34 ./Shared/InfraSensor.o
 .debug_frame   0x00003d40      0x338 ./Shared/LoRa.o
 .debug_frame   0x00004078       0xc8 ./Shared/LoraSender.o
 .debug_frame   0x00004140       0x38 ./Shared/SerialNumber.o
 .debug_frame   0x00004178       0x20 C:/ST/STM32CubeIDE_1.17.0/STM32CubeIDE/plugins/com.st.stm32cube.ide.mcu.externaltools.gnu-tools-for-stm32.13.3.rel1.win32_1.0.0.202411081344/tools/bin/../lib/gcc/arm-none-eabi/13.3.1/../../../../arm-none-eabi/lib/thumb/v7-m/nofp\libc_nano.a(libc_a-memset.o)
 .debug_frame   0x00004198       0x2c C:/ST/STM32CubeIDE_1.17.0/STM32CubeIDE/plugins/com.st.stm32cube.ide.mcu.externaltools.gnu-tools-for-stm32.13.3.rel1.win32_1.0.0.202411081344/tools/bin/../lib/gcc/arm-none-eabi/13.3.1/../../../../arm-none-eabi/lib/thumb/v7-m/nofp\libc_nano.a(libc_a-init.o)
 .debug_frame   0x000041c4       0x4c C:/ST/STM32CubeIDE_1.17.0/STM32CubeIDE/plugins/com.st.stm32cube.ide.mcu.externaltools.gnu-tools-for-stm32.13.3.rel1.win32_1.0.0.202411081344/tools/bin/../lib/gcc/arm-none-eabi/13.3.1/thumb/v7-m/nofp\libgcc.a(_arm_addsubsf3.o)
 .debug_frame   0x00004210       0x38 C:/ST/STM32CubeIDE_1.17.0/STM32CubeIDE/plugins/com.st.stm32cube.ide.mcu.externaltools.gnu-tools-for-stm32.13.3.rel1.win32_1.0.0.202411081344/tools/bin/../lib/gcc/arm-none-eabi/13.3.1/thumb/v7-m/nofp\libgcc.a(_arm_muldivsf3.o)
 .debug_frame   0x00004248       0xc8 C:/ST/STM32CubeIDE_1.17.0/STM32CubeIDE/plugins/com.st.stm32cube.ide.mcu.externaltools.gnu-tools-for-stm32.13.3.rel1.win32_1.0.0.202411081344/tools/bin/../lib/gcc/arm-none-eabi/13.3.1/thumb/v7-m/nofp\libgcc.a(_arm_cmpsf2.o)
 .debug_frame   0x00004310       0x24 C:/ST/STM32CubeIDE_1.17.0/STM32CubeIDE/plugins/com.st.stm32cube.ide.mcu.externaltools.gnu-tools-for-stm32.13.3.rel1.win32_1.0.0.202411081344/tools/bin/../lib/gcc/arm-none-eabi/13.3.1/thumb/v7-m/nofp\libgcc.a(_arm_fixunssfsi.o)

.debug_line_str
                0x00000000       0x5d
 .debug_line_str
                0x00000000       0x5d ./Core/Startup/startup_stm32f103c6tx.o
