LiveUI: Activating PmaToolAnnotDim
LiveUI: Deactivating PmaToolAnnotDim
LiveUI: Activating PmaToolAnnotDim
LiveUI: Deactivating PmaToolAnnotDim
LiveUI: Activating PmaToolAnnotDim
LiveUI: Deactivating PmaToolAnnotDim
LiveUI: Activating PmaToolAnnotDim
LiveUI: Deactivating PmaToolAnnotDim
LiveUI: Activating PmaToolAnnotDim
LiveUI: Deactivating PmaToolAnnotDim
LiveUI: Activating PmaToolAnnotDim
LiveUI: Deactivating PmaToolAnnotDim
LiveUI: Activating PmaToolAnnotDim
LiveUI: Deactivating PmaToolAnnotDim
Encountered Group Manipulation inside Reorder...
Encountered Group Manipulation inside Reorder...
Encountered Group Manipulation inside Reorder...
LiveUI: Activating PmaToolAnnotDim
LiveUI: Deactivating PmaToolAnnotDim
LiveUI: Activating PmaToolAnnotDim
LiveUI: Deactivating PmaToolAnnotDim
LiveUI: Activating PmaToolAnnotDim
LiveUI: Deactivating PmaToolAnnotDim
LiveUI: Activating PmaToolAnnotDim
LiveUI: Deactivating PmaToolAnnotDim
LiveUI: Activating PmaToolAnnotDim
LiveUI: Deactivating PmaToolAnnotDim
LiveUI: Activating PmaToolAnnotDim
LiveUI: Deactivating PmaToolAnnotDim

 Last    Found  - A8-5E-45-36-39-3A,8C-E9-EE-86-1B-95 
 Current Found  - A8-5E-45-36-39-3A,A2-88-50-A0-30-80 dbg_err_crash() -- continuing from serious error (ORDER_DEBUG).
